NbhdPenalty@b=0.25 0.266 ok 1.306565935542389 28.04
TwoPhase@k=8 0.266 ok 1.4759841037525656 13.35
HEStar 0.266 ok 6.685839460627778 120.52
CostStale 0.266 ok 2.086801875728159 110.57
TControlInspired@alpha=0.3,floor=0.01 0.266 error None None
DTR 0.265 ok 1.3826015341875997 28.98
NbhdPenalty@b=0.25 0.265 ok 2.8872155061738045 126.51
DTR 0.266 ok 10.099834153180746 531.79
HEStar 0.265 ok 5.7301092610889555 86.37
CostStale 0.265 ok 1.3275090715606874 27.18
TControlInspired@alpha=0.3,floor=0.01 0.265 error None None
DTR 0.264 ok 8.778919359029569 502.64
NbhdPenalty@b=0.25 0.264 ok 1.3087924068317245 26.31
TwoPhase@k=8 0.265 timeout None 1200.0
HEStar 0.264 ok 6.456995810456828 127.45
CostStale 0.264 ok 1.3248441960507067 30.44
TControlInspired@alpha=0.3,floor=0.01 0.264 error None None
DTR 0.262 ok 1.3871414079926483 33.19
NbhdPenalty@b=0.25 0.262 ok 2.9325641154866045 154.09
TwoPhase@k=8 0.264 timeout None 1200.0
HEStar 0.262 ok 7.031846523750284 132.81
CostStale 0.262 ok 1.3447897790264238 30.01
TControlInspired@alpha=0.3,floor=0.01 0.262 ok 1.3871414079926483 30.98
TwoPhase@k=8 0.262 timeout None 1200.0
