816 points, 816 to run
densenet CostStale 0.6 0 ok 1.2292010022878186 19.01
densenet HEStar 0.6 0 ok 2.0857129797724814 119.87
densenet HEStar 0.59 0 ok 2.030917876693988 111.74
densenet CostStale 0.59 0 ok 1.2324338218212405 20.21
densenet CostStale 0.58 0 ok 1.332609310565739 71.42
densenet HEStar 0.58 0 ok 1.9059578022057695 152.02
densenet CostStale 0.57 0 ok 1.2424372037601892 23.4
densenet HEStar 0.56 0 ok 1.5484786228303282 17.88
densenet HEStar 0.57 0 ok 2.1861823110520335 145.42
densenet CostStale 0.56 0 ok 2.291675445654048 108.45
densenet HEStar 0.55 0 ok 2.281074268854127 149.35
densenet CostStale 0.55 0 ok 2.3126142185427185 107.91
densenet CostStale 0.54 0 ok 2.325090370328507 101.52
densenet HEStar 0.54 0 ok 2.2359036810502833 142.61
816 points, 802 to run
densenet CostStale 0.53 0 ok 2.3532938272803023 99.71
densenet HEStar 0.53 0 ok 2.2871828088297654 113.93
densenet CostStale 0.52 0 ok 2.3615200701020553 94.8
densenet HEStar 0.52 0 ok 2.3060855143077466 144.89
densenet CostStale 0.51 0 ok 2.3781317202175045 93.23
densenet HEStar 0.51 0 ok 2.3466978191953967 142.48
816 points, 796 to run
densenet CostStale 0.5 0 ok 2.383672406299661 140.97
densenet CostStale 0.49 0 ok 2.403542851243603 141.09
densenet CostStale 0.48 0 ok 2.4225800208804333 146.6
densenet HEStar 0.48 0 ok 2.417662753138102 176.25
densenet HEStar 0.5 0 ok 2.4065425911247633 204.56
densenet HEStar 0.49 0 ok 2.422877826273376 212.82
densenet CostStale 0.47 0 ok 2.434242872076752 135.59
densenet HEStar 0.46 0 ok 2.5218654736963337 166.8
densenet HEStar 0.47 0 ok 2.508456941381845 174.87
densenet CostStale 0.46 0 ok 2.441448611443304 140.14
densenet CostStale 0.45 0 ok 2.455696011535519 137.92
densenet HEStar 0.45 0 ok 2.834775569679116 168.1
densenet HEStar 0.44 0 ok 2.910999320178484 151.43
densenet CostStale 0.43 0 ok 2.4607175632341804 137.07
densenet CostStale 0.44 0 ok 2.4677838173208073 143.21
densenet HEStar 0.43 0 ok 2.9565617271125397 155.09
densenet HEStar 0.42 0 ok 3.4109335671344434 163.29
densenet HEStar 0.42 1 ok 3.4109335671344434 154.29
densenet CostStale 0.42 1 ok 2.5227267310582286 125.75
densenet CostStale 0.42 0 ok 2.5227267310582286 132.28
densenet HEStar 0.42 2 ok 3.4109335671344434 162.43
densenet CostStale 0.42 2 ok 2.5227267310582286 120.24
densenet CostStale 0.41 0 ok 2.525347733743459 131.5
densenet HEStar 0.41 0 ok 3.3324567208352938 160.97
densenet CostStale 0.4 0 ok 2.5421175407292007 127.57
densenet CostStale 0.39 0 ok 2.5693235818133418 124.66
densenet HEStar 0.39 0 ok 3.3925187772759595 164.48
densenet HEStar 0.4 0 ok 3.365128311315361 197.49
densenet CostStale 0.38 0 ok 2.5574932886130823 125.83
densenet HEStar 0.38 0 ok 3.655973963235599 186.29
densenet CostStale 0.37 0 ok 2.578204965539742 124.97
densenet HEStar 0.37 0 ok 3.967796285687604 194.25
densenet HEStar 0.37 1 ok 3.967796285687604 199.61
densenet CostStale 0.37 1 ok 2.578204965539742 118.84
densenet HEStar 0.37 2 ok 3.967796285687604 178.63
densenet CostStale 0.37 2 ok 2.578204965539742 122.59
densenet CostStale 0.36 0 ok 2.6125489946302713 126.92
densenet CostStale 0.35 0 ok 2.605844525826885 124.22
densenet HEStar 0.35 0 ok 3.7886517400520585 160.42
densenet CostStale 0.34 0 ok 2.603587909050385 119.51
densenet HEStar 0.34 0 ok 3.8172220371825274 158.15
densenet HEStar 0.36 0 ok 3.971214622135027 191.64
densenet CostStale 0.33 0 ok 2.6288328871271682 130.17
densenet HEStar 0.33 0 ok 3.8402877699056632 163.18
densenet CostStale 0.32 0 ok 2.664133588952678 125.8
densenet CostStale 0.31 0 ok 2.6593894344917355 122.8
densenet HEStar 0.32 0 ok 4.898815662767999 169.74
densenet HEStar 0.31 0 ok 4.253962953583282 162.95
densenet CostStale 0.3 0 ok 2.7672454005939895 121.67
densenet HEStar 0.3 0 oom None 166.63
densenet CostStale 0.29 0 ok 2.913958930494456 127.57
densenet CostStale 0.28 0 ok 2.7389107330797366 119.25
densenet HEStar 0.28 0 ok 4.579959042400159 172.79
densenet HEStar 0.29 0 oom None 205.86
densenet CostStale 0.27 0 ok 3.3738303869803907 138.98
densenet HEStar 0.27 0 ok 4.289435769532119 174.05
densenet CostStale 0.26 0 ok 3.528706455636228 141.43
densenet HEStar 0.26 0 ok 4.174658956393759 174.54
densenet CostStale 0.25 0 ok 3.5868001706956005 149.73
densenet HEStar 0.25 0 ok 4.148689321342011 198.39
densenet CostStale 0.24 0 ok 3.692656742709819 145.63
densenet CostStale 0.23 0 ok 3.759088769536566 150.98
densenet HEStar 0.24 0 oom None 201.04
densenet HEStar 0.23 0 oom None 167.46
densenet HEStar 0.22 0 oom None 193.68
densenet CostStale 0.22 0 ok 3.901091981252755 150.37
densenet HEStar 0.21 0 oom None 167.87
densenet CostStale 0.21 0 ok 4.204544477647764 172.13
densenet HEStar 0.2 0 oom None 186.68
densenet HEStar 0.19 0 oom None 170.25
densenet HEStar 0.19 1 oom None 179.81
densenet HEStar 0.19 2 oom None 177.01
densenet HEStar 0.18 0 oom None 172.66
densenet CostStale 0.2 0 oom None 541.87
densenet HEStar 0.17 0 oom None 196.41
densenet CostStale 0.19 0 oom None 634.49
densenet HEStar 0.16 0 oom None 187.51
densenet CostStale 0.19 1 oom None 644.6
densenet CostStale 0.19 2 oom None 669.21
densenet HEStar 0.15 0 oom None 238.54
densenet HEStar 0.14 0 oom None 225.18
densenet HEStar 0.13 0 oom None 197.36
densenet CostStale 0.18 0 timeout None 1200.0
densenet CostStale 0.13 0 oom None 274.5
densenet CostStale 0.16 0 oom None 878.57
densenet HEStar 0.12 0 oom None 226.03
densenet CostStale 0.11 0 oom None 6.14
densenet CostStale 0.17 0 timeout None 1200.0
densenet CostStale 0.1 0 oom None 4.23
densenet HEStar 0.09 0 oom None 8.83
densenet HEStar 0.1 0 oom None 21.78
densenet HEStar 0.09 1 oom None 8.8
densenet HEStar 0.09 2 oom None 8.24
densenet CostStale 0.09 1 oom None 3.94
densenet CostStale 0.09 0 oom None 4.48
densenet HEStar 0.08 0 oom None 1.22
densenet CostStale 0.09 2 oom None 4.15
densenet CostStale 0.08 0 oom None 3.03
densenet HEStar 0.07 0 oom None 0.91
densenet HEStar 0.07 1 oom None 0.89
densenet HEStar 0.07 2 oom None 0.91
densenet CostStale 0.07 0 oom None 2.93
densenet CostStale 0.07 1 oom None 3.02
densenet HEStar 0.06 0 oom None 0.01
densenet HEStar 0.06 1 oom None 0.01
densenet HEStar 0.06 2 oom None 0.01
densenet CostStale 0.06 0 oom None 0.02
densenet CostStale 0.06 1 oom None 0.02
densenet CostStale 0.06 2 oom None 0.02
densenet HEStar 0.05 0 oom None 0.01
densenet CostStale 0.05 0 oom None 0.01
densenet CostStale 0.07 2 oom None 3.1
inception HEStar 0.6 0 ok 1.1203825398675973 0.82
inception CostStale 0.6 0 ok 1.1105435154354812 0.95
inception HEStar 0.59 0 ok 1.1240730331192144 0.81
inception CostStale 0.59 0 ok 1.1123429808754595 0.97
inception HEStar 0.58 0 ok 1.1298622943757322 0.82
inception HEStar 0.58 1 ok 1.1298622943757322 0.78
inception HEStar 0.58 2 ok 1.1298622943757322 0.8
inception CostStale 0.58 0 ok 1.1147905478890852 0.95
inception CostStale 0.58 1 ok 1.1147905478890852 0.97
inception CostStale 0.58 2 ok 1.1147905478890852 0.98
inception HEStar 0.57 0 ok 1.1268826606248732 0.81
inception HEStar 0.56 0 ok 1.1343583646014834 0.83
inception CostStale 0.57 0 ok 1.1193536121745293 0.98
inception HEStar 0.55 0 ok 1.1414065083001386 0.81
inception CostStale 0.56 0 ok 1.1263078491729581 1.0
inception HEStar 0.54 0 ok 1.1429534461866393 0.76
inception CostStale 0.55 0 ok 1.1283792661541692 1.07
inception HEStar 0.53 0 ok 1.1496306140311419 0.8
inception CostStale 0.54 0 ok 1.1332402660032945 1.12
inception CostStale 0.53 0 ok 1.135766844117412 1.16
inception HEStar 0.52 0 ok 1.1528276056931932 3.99
inception CostStale 0.52 0 ok 1.1458234480091978 12.15
inception CostStale 0.51 0 ok 1.1530746228175281 13.09
inception HEStar 0.5 0 ok 1.1762593079801962 7.08
densenet HEStar 0.11 0 oom None 199.42
inception CostStale 0.5 0 ok 1.2435642096140787 60.34
inception HEStar 0.49 0 ok 1.1850409506669664 22.94
inception HEStar 0.51 0 ok 2.081744256062298 119.14
inception HEStar 0.48 0 ok 1.1942080232819354 21.21
densenet CostStale 0.14 0 oom None 922.02
inception CostStale 0.49 0 ok 2.2047278001909154 115.16
densenet CostStale 0.15 0 timeout None 1200.0
inception CostStale 0.48 0 ok 2.218282528834326 116.57
inception HEStar 0.47 0 ok 3.2666639930007904 120.04
inception CostStale 0.47 0 ok 2.242457519976826 110.99
inception HEStar 0.46 0 ok 3.3049202455258047 123.95
inception CostStale 0.46 0 ok 2.2371979497036594 107.33
inception HEStar 0.45 0 ok 3.4078241189679748 127.48
inception HEStar 0.45 1 ok 3.4078241189679748 126.97
densenet CostStale 0.12 0 oom None 592.23
inception HEStar 0.45 2 ok 3.4078241189679748 122.94
inception CostStale 0.45 0 ok 2.284520165461013 106.75
inception CostStale 0.45 1 ok 2.284520165461013 110.47
inception CostStale 0.45 2 ok 2.284520165461013 106.49
inception HEStar 0.44 0 ok 3.473535010734676 117.87
inception CostStale 0.44 0 ok 2.2904522846323285 95.21
inception HEStar 0.43 0 ok 3.5589124685551807 95.06
inception CostStale 0.43 0 ok 2.303164659254412 104.79
inception HEStar 0.42 0 ok 3.416658474479629 111.71
inception CostStale 0.42 0 ok 2.313624225258135 100.2
inception HEStar 0.41 0 ok 3.5562411642912357 109.21
inception CostStale 0.41 0 ok 2.3471116970947867 99.23
inception HEStar 0.4 0 ok 3.6201419924301725 112.63
inception CostStale 0.4 0 ok 2.304736834812109 99.4
inception CostStale 0.39 0 ok 2.3259597192092087 102.46
inception HEStar 0.39 0 ok 3.723279211412997 124.34
inception HEStar 0.38 0 ok 3.8414161484871694 92.62
inception CostStale 0.38 0 ok 2.3205001912222616 98.26
inception HEStar 0.37 0 ok 4.082968983899854 86.16
inception CostStale 0.37 0 ok 2.329428225600602 98.71
inception CostStale 0.36 0 ok 2.345115029941232 97.27
inception HEStar 0.34 0 ok 4.214616629034929 76.6
inception HEStar 0.36 0 ok 4.137419911580757 117.16
inception CostStale 0.35 0 ok 2.3881006055279697 86.74
inception HEStar 0.35 0 ok 4.075441775401756 119.78
inception CostStale 0.34 0 ok 2.421596049967264 97.43
inception HEStar 0.33 0 ok 4.0399857133600365 76.82
inception HEStar 0.32 0 oom None 90.05
inception CostStale 0.32 0 ok 2.488909455291628 97.79
inception CostStale 0.33 0 ok 2.475252720072819 100.88
inception HEStar 0.31 0 ok 4.537398214914156 92.24
inception HEStar 0.3 0 ok 4.437752342242318 50.08
inception CostStale 0.31 0 ok 2.548226880680673 96.64
inception HEStar 0.28 0 oom None 47.7
inception HEStar 0.28 1 oom None 43.97
inception CostStale 0.3 0 ok 2.5963805144494225 90.34
inception CostStale 0.29 0 ok 2.5664654756663636 83.01
inception HEStar 0.28 2 oom None 42.14
inception HEStar 0.29 0 oom None 104.22
inception HEStar 0.27 0 oom None 30.22
inception CostStale 0.28 0 ok 2.6211532308129226 85.32
inception CostStale 0.28 1 ok 2.6211532308129226 85.34
inception CostStale 0.28 2 ok 2.6211532308129226 84.24
inception CostStale 0.27 0 ok 2.7035955217045613 82.45
inception HEStar 0.26 0 oom None 77.48
inception CostStale 0.26 0 ok 2.7343563210131907 85.21
inception HEStar 0.25 0 oom None 75.63
inception HEStar 0.23 0 oom None 50.48
inception HEStar 0.24 0 oom None 66.86
inception CostStale 0.25 0 ok 2.799566962603737 82.02
inception HEStar 0.22 0 oom None 37.66
inception CostStale 0.24 0 ok 2.9069262937646605 93.8
inception CostStale 0.22 0 oom None 51.85
inception CostStale 0.23 0 ok 3.1163146537123216 86.41
inception HEStar 0.21 0 oom None 60.15
inception HEStar 0.2 0 oom None 36.94
inception HEStar 0.18 0 oom None 27.36
inception HEStar 0.17 0 oom None 7.46
inception HEStar 0.19 0 oom None 61.13
inception HEStar 0.16 0 oom None 5.68
inception HEStar 0.16 1 oom None 5.6
inception HEStar 0.16 2 oom None 5.69
inception CostStale 0.16 0 oom None 12.79
inception CostStale 0.16 1 oom None 13.02
inception CostStale 0.16 2 oom None 12.51
inception HEStar 0.15 0 oom None 14.74
inception CostStale 0.15 0 oom None 12.35
inception HEStar 0.14 0 oom None 13.05
inception CostStale 0.14 0 oom None 13.9
inception HEStar 0.13 0 oom None 16.49
inception CostStale 0.13 0 oom None 15.03
inception HEStar 0.12 0 oom None 16.21
inception HEStar 0.12 1 oom None 16.47
inception HEStar 0.12 2 oom None 15.64
inception CostStale 0.12 0 oom None 17.79
inception CostStale 0.12 1 oom None 19.93
inception CostStale 0.12 2 oom None 18.09
inception HEStar 0.11 0 oom None 20.55
inception CostStale 0.11 0 oom None 18.87
inception HEStar 0.1 0 oom None 7.29
inception CostStale 0.1 0 oom None 9.48
inception HEStar 0.09 0 oom None 2.58
inception CostStale 0.09 0 oom None 1.25
inception HEStar 0.08 0 oom None 0.01
inception CostStale 0.08 0 oom None 0.01
inception HEStar 0.07 0 oom None 0.01
inception HEStar 0.07 1 oom None 0.01
inception HEStar 0.07 2 oom None 0.01
inception CostStale 0.07 0 oom None 0.01
inception CostStale 0.07 1 oom None 0.01
inception CostStale 0.07 2 oom None 0.01
inception HEStar 0.06 0 oom None 0.01
inception CostStale 0.06 0 oom None 0.01
inception HEStar 0.05 0 oom None 0.01
inception CostStale 0.05 0 oom None 0.01
transformer HEStar 0.6 0 ok 1.3288938756403328 43.04
transformer CostStale 0.6 0 ok 1.1350882507342255 1.02
transformer HEStar 0.59 0 ok 1.3331541621732101 32.81
transformer CostStale 0.59 0 ok 1.1410543814159284 1.28
transformer HEStar 0.58 0 ok 1.3334970286844976 42.64
transformer CostStale 0.58 0 ok 1.1397418889898867 1.3
transformer HEStar 0.57 0 ok 1.3273062176358645 38.11
transformer CostStale 0.57 0 ok 1.151526028545418 1.43
transformer HEStar 0.56 0 ok 1.3556274909992292 29.88
transformer CostStale 0.56 0 ok 1.1593655308781519 1.81
transformer HEStar 0.55 0 ok 1.3143621598038984 21.11
transformer CostStale 0.55 0 ok 1.158191299951953 1.82
transformer HEStar 0.54 0 ok 1.346293485958353 36.44
transformer HEStar 0.54 1 ok 1.346293485958353 35.59
transformer HEStar 0.54 2 ok 1.346293485958353 33.23
transformer CostStale 0.54 0 ok 1.1627273601879813 1.74
transformer CostStale 0.54 1 ok 1.1627273601879813 1.76
transformer CostStale 0.54 2 ok 1.1627273601879813 1.78
transformer HEStar 0.53 0 ok 1.3679962302637918 27.57
transformer CostStale 0.53 0 ok 1.1711880619267017 2.22
transformer HEStar 0.52 0 ok 1.3363905874773696 36.26
transformer CostStale 0.52 0 ok 1.1715060061836584 1.86
transformer HEStar 0.51 0 ok 1.3805506575171214 31.08
transformer CostStale 0.51 0 ok 1.1802202452553983 2.3
transformer HEStar 0.5 0 ok 1.3537782742070434 29.74
transformer CostStale 0.5 0 ok 1.1790903096997507 2.2
transformer HEStar 0.49 0 ok 1.323502024646296 16.52
transformer HEStar 0.49 1 ok 1.323502024646296 16.88
transformer HEStar 0.49 2 ok 1.323502024646296 15.72
transformer CostStale 0.49 0 ok 1.1887468488913369 2.44
transformer CostStale 0.49 1 ok 1.1887468488913369 2.41
transformer CostStale 0.49 2 ok 1.1887468488913369 2.39
transformer HEStar 0.48 0 ok 1.262159857471202 2.5
transformer CostStale 0.48 0 ok 1.1922319754890407 2.33
inception CostStale 0.21 0 oom None 975.99
transformer CostStale 0.47 0 ok 1.2073434043179707 6.93
transformer HEStar 0.46 0 ok 1.2618649350788125 2.61
transformer HEStar 0.47 0 ok 1.3832754037823287 32.69
transformer CostStale 0.46 0 ok 1.246132748458279 14.78
transformer HEStar 0.45 0 ok 1.339705265402317 23.01
transformer HEStar 0.44 0 ok 3.050467829264553 17.55
transformer CostStale 0.45 0 ok 2.164967811125785 32.58
transformer HEStar 0.43 0 ok 3.19040410459864 26.02
transformer CostStale 0.44 0 ok 2.183445405772996 29.48
transformer HEStar 0.42 0 ok 3.100444496460023 26.14
transformer CostStale 0.43 0 ok 2.1974394198999794 29.39
transformer HEStar 0.41 0 ok 3.1768123106800044 26.69
transformer CostStale 0.42 0 ok 2.248611349001701 30.85
transformer HEStar 0.4 0 ok 3.1073348391708104 24.55
transformer CostStale 0.41 0 ok 2.2478361745873667 29.04
transformer HEStar 0.39 0 ok 3.217349289444991 22.02
transformer CostStale 0.4 0 ok 2.262313839719129 29.12
transformer HEStar 0.38 0 ok 3.1798281423601735 21.58
transformer CostStale 0.39 0 ok 2.2902813691021775 28.95
transformer HEStar 0.37 0 ok 3.232620010753817 23.32
transformer CostStale 0.38 0 ok 2.301809437471671 30.09
inception CostStale 0.2 0 timeout None 1200.0
transformer HEStar 0.36 0 ok 3.228748058914747 22.87
transformer CostStale 0.37 0 ok 2.3160184417876843 27.97
transformer HEStar 0.36 1 ok 3.228748058914747 21.11
inception CostStale 0.19 0 timeout None 1200.0
inception CostStale 0.18 0 timeout None 1200.0
transformer HEStar 0.36 2 ok 3.228748058914747 24.59
transformer HEStar 0.35 0 ok 3.3491213745205686 10.69
transformer CostStale 0.36 0 ok 2.3009817833415367 33.14
transformer CostStale 0.36 1 ok 2.3009817833415367 32.18
transformer CostStale 0.36 2 ok 2.3009817833415367 31.09
transformer HEStar 0.34 0 ok 3.3898685110549 12.3
inception CostStale 0.17 0 timeout None 1200.0
transformer HEStar 0.33 0 ok 3.353132992338012 17.42
transformer CostStale 0.35 0 ok 2.338524156875068 28.66
transformer HEStar 0.32 0 ok 3.5347909638949906 25.0
transformer CostStale 0.34 0 ok 2.349420238864297 31.24
transformer CostStale 0.33 0 ok 2.4080488123472543 31.74
transformer HEStar 0.31 0 ok 3.306242634134523 20.72
transformer CostStale 0.32 0 ok 2.353152966339377 31.09
transformer HEStar 0.29 0 ok 3.653321100518391 12.07
transformer CostStale 0.31 0 ok 2.4366112469815384 28.45
transformer HEStar 0.3 0 ok 3.524019880494949 21.4
transformer CostStale 0.3 0 ok 2.421062688689247 31.84
transformer CostStale 0.29 0 ok 2.4632075166474685 28.83
transformer HEStar 0.27 0 ok 3.639255450746788 20.93
transformer HEStar 0.28 0 ok 3.5326731659224366 26.77
transformer CostStale 0.28 0 ok 2.485516018334642 28.49
transformer CostStale 0.27 0 ok 2.4584040082253504 31.65
transformer HEStar 0.26 0 ok 3.4510998547385503 26.28
transformer HEStar 0.25 0 ok 3.608322364947245 23.1
transformer CostStale 0.26 0 ok 2.489506529156442 28.48
transformer CostStale 0.25 0 ok 2.56409984267017 29.2
transformer HEStar 0.24 0 ok 3.638167276708673 27.32
transformer CostStale 0.24 0 ok 2.5623598421826568 30.34
transformer HEStar 0.21 0 ok 4.10174396488155 10.86
transformer HEStar 0.23 0 ok 3.688205436897109 24.26
transformer CostStale 0.23 0 ok 2.572194735668417 30.27
transformer HEStar 0.22 0 ok 3.7562125134997353 26.58
transformer CostStale 0.22 0 ok 2.590343646141663 33.48
transformer HEStar 0.2 0 ok 4.188538877475168 25.96
transformer HEStar 0.2 1 ok 4.188538877475168 26.77
transformer CostStale 0.21 0 ok 2.840344806284367 32.98
transformer HEStar 0.2 2 ok 4.188538877475168 25.37
transformer CostStale 0.2 0 ok 2.890926648075377 36.68
transformer HEStar 0.19 0 ok 3.9837000348346874 23.27
transformer CostStale 0.2 1 ok 2.890926648075377 33.33
transformer HEStar 0.19 1 ok 3.9837000348346874 23.34
transformer HEStar 0.19 2 ok 3.9837000348346874 24.21
transformer CostStale 0.2 2 ok 2.890926648075377 35.23
transformer HEStar 0.18 0 ok 4.159903942066448 31.07
transformer HEStar 0.17 0 ok 4.389448622651434 33.62
transformer HEStar 0.16 0 ok 4.351658282641734 35.73
transformer CostStale 0.18 0 ok 3.8653451069079283 100.74
transformer HEStar 0.15 0 ok 5.136750118054022 40.9
transformer CostStale 0.17 0 ok 4.2136314827443995 117.25
transformer HEStar 0.14 0 oom None 42.22
transformer CostStale 0.15 0 ok 4.021166099574676 88.93
transformer HEStar 0.13 0 oom None 25.52
transformer HEStar 0.13 1 oom None 25.86
transformer CostStale 0.19 0 ok 6.789864676973305 301.19
transformer CostStale 0.19 1 ok 6.789864676973305 310.95
transformer CostStale 0.19 2 ok 6.789864676973305 315.54
transformer HEStar 0.13 2 oom None 26.91
transformer HEStar 0.12 0 oom None 50.44
transformer CostStale 0.14 0 ok 5.914808614570325 243.37
transformer HEStar 0.11 0 oom None 97.74
transformer CostStale 0.11 0 oom None 13.82
transformer CostStale 0.16 0 ok 9.743540975179686 514.06
transformer CostStale 0.1 0 oom None 2.01
transformer HEStar 0.09 0 oom None 0.95
transformer CostStale 0.09 0 oom None 0.44
transformer HEStar 0.08 0 oom None 0.92
transformer CostStale 0.08 0 oom None 0.83
transformer HEStar 0.07 0 oom None 0.02
transformer CostStale 0.07 0 oom None 1.39
transformer HEStar 0.06 0 oom None 0.0
transformer CostStale 0.06 0 oom None 0.0
transformer HEStar 0.05 0 oom None 0.0
transformer CostStale 0.05 0 oom None 0.0
unet HEStar 0.6 0 ok 1.9673949235217087 0.29
unet CostStale 0.6 0 ok 2.1842046352267896 0.35
unet HEStar 0.59 0 ok 1.972128304528451 0.3
unet CostStale 0.59 0 ok 2.196640943444981 0.35
unet HEStar 0.58 0 ok 1.9796397082903459 0.3
unet CostStale 0.58 0 ok 2.1978932066752366 0.35
unet HEStar 0.57 0 ok 2.0268088283162076 0.3
unet CostStale 0.57 0 ok 2.1994970633637756 0.34
unet HEStar 0.56 0 ok 2.474223249341366 0.31
unet CostStale 0.56 0 ok 2.212394138874263 0.31
unet HEStar 0.55 0 ok 2.5098995701811844 0.3
unet CostStale 0.55 0 ok 2.307178973675995 0.34
unet HEStar 0.54 0 ok 2.0991827637478417 0.32
unet CostStale 0.54 0 ok 2.341233240273788 0.32
unet HEStar 0.53 0 ok 2.4820829544148277 0.33
unet CostStale 0.53 0 ok 2.3773911380813817 0.31
unet HEStar 0.52 0 ok 2.4667611657509445 0.31
unet HEStar 0.52 1 ok 2.4667611657509445 0.31
unet HEStar 0.52 2 ok 2.4667611657509445 0.32
unet CostStale 0.52 0 ok 3.452350033573464 0.68
unet CostStale 0.52 1 ok 3.452350033573464 0.68
unet CostStale 0.52 2 ok 3.452350033573464 0.68
unet HEStar 0.51 0 ok 2.152224283217873 0.3
unet HEStar 0.51 1 ok 2.152224283217873 0.31
unet HEStar 0.51 2 ok 2.152224283217873 0.32
transformer HEStar 0.1 0 oom None 63.42
unet CostStale 0.51 0 ok 3.4746909156682686 0.66
unet CostStale 0.51 1 ok 3.4746909156682686 0.69
unet HEStar 0.5 0 ok 2.1563926555749307 0.31
unet CostStale 0.51 2 ok 3.4746909156682686 0.66
unet HEStar 0.49 0 ok 2.1605530858864883 0.32
unet CostStale 0.5 0 ok 3.428262765283962 0.74
unet HEStar 0.49 1 ok 2.1605530858864883 0.31
unet HEStar 0.49 2 ok 2.1605530858864883 0.31
unet CostStale 0.49 0 ok 3.6464334339007194 0.72
unet CostStale 0.49 1 ok 3.6464334339007194 0.74
unet HEStar 0.48 0 ok 2.1660546949582313 0.32
unet CostStale 0.49 2 ok 3.6464334339007194 0.73
unet CostStale 0.48 0 oom None 0.34
unet HEStar 0.47 0 ok 2.5424475705303493 0.32
unet CostStale 0.47 0 oom None 0.31
unet HEStar 0.46 0 ok 2.747246145691088 0.32
unet CostStale 0.46 0 oom None 0.31
unet HEStar 0.45 0 ok 2.6501601600660574 0.34
unet CostStale 0.45 0 oom None 0.34
unet HEStar 0.44 0 ok 2.701570784972663 0.32
unet CostStale 0.44 0 oom None 0.31
unet HEStar 0.43 0 oom None 0.36
unet CostStale 0.43 0 oom None 0.24
unet CostStale 0.42 0 oom None 0.23
unet HEStar 0.42 0 oom None 0.35
unet CostStale 0.41 0 oom None 0.21
unet HEStar 0.41 0 oom None 0.37
unet CostStale 0.4 0 oom None 0.14
unet HEStar 0.4 0 ok 2.8024538908087795 0.36
unet CostStale 0.39 0 oom None 0.15
unet HEStar 0.39 0 oom None 0.37
unet CostStale 0.38 0 oom None 0.15
unet HEStar 0.38 0 oom None 0.43
unet CostStale 0.37 0 oom None 0.15
unet HEStar 0.37 0 oom None 0.53
unet CostStale 0.36 0 oom None 0.07
unet HEStar 0.36 0 oom None 0.6
unet CostStale 0.35 0 oom None 0.09
unet HEStar 0.35 0 oom None 0.54
unet CostStale 0.34 0 oom None 0.09
unet HEStar 0.34 0 oom None 0.4
unet HEStar 0.33 0 oom None 0.1
unet CostStale 0.33 0 oom None 0.09
unet HEStar 0.32 0 oom None 0.09
unet CostStale 0.32 0 oom None 0.09
unet HEStar 0.31 0 oom None 0.08
unet HEStar 0.31 1 oom None 0.08
unet HEStar 0.31 2 oom None 0.08
unet CostStale 0.31 0 oom None 0.1
unet CostStale 0.31 1 oom None 0.1
unet CostStale 0.31 2 oom None 0.11
unet HEStar 0.3 0 oom None 0.09
unet CostStale 0.3 0 oom None 0.1
unet HEStar 0.29 0 oom None 0.09
unet HEStar 0.28 0 oom None 0.09
unet CostStale 0.29 0 oom None 0.13
unet CostStale 0.28 0 oom None 0.08
unet HEStar 0.27 0 oom None 0.09
unet CostStale 0.27 0 oom None 0.08
unet HEStar 0.26 0 oom None 0.08
unet CostStale 0.26 0 oom None 0.09
unet HEStar 0.25 0 oom None 0.1
unet HEStar 0.24 0 oom None 0.01
unet CostStale 0.25 0 oom None 0.13
unet HEStar 0.24 1 oom None 0.01
unet HEStar 0.24 2 oom None 0.01
unet CostStale 0.24 0 oom None 0.02
unet CostStale 0.24 1 oom None 0.02
unet CostStale 0.24 2 oom None 0.02
unet HEStar 0.23 0 oom None 0.01
unet CostStale 0.23 0 oom None 0.02
unet HEStar 0.22 0 oom None 0.01
unet CostStale 0.22 0 oom None 0.02
unet HEStar 0.21 0 oom None 0.02
unet CostStale 0.21 0 oom None 0.02
unet HEStar 0.2 0 oom None 0.01
unet CostStale 0.2 0 oom None 0.03
unet HEStar 0.19 0 oom None 0.01
unet CostStale 0.19 0 oom None 0.01
unet HEStar 0.18 0 oom None 0.01
unet CostStale 0.18 0 oom None 0.01
unet HEStar 0.17 0 oom None 0.01
unet CostStale 0.17 0 oom None 0.01
unet HEStar 0.16 0 oom None 0.01
unet CostStale 0.16 0 oom None 0.01
unet HEStar 0.15 0 oom None 0.01
unet CostStale 0.15 0 oom None 0.01
unet HEStar 0.14 0 oom None 0.01
unet CostStale 0.14 0 oom None 0.01
unet HEStar 0.13 0 oom None 0.01
unet CostStale 0.13 0 oom None 0.01
unet HEStar 0.12 0 oom None 0.01
unet CostStale 0.12 0 oom None 0.01
unet HEStar 0.11 0 oom None 0.01
unet CostStale 0.11 0 oom None 0.01
unet HEStar 0.1 0 oom None 0.0
unet CostStale 0.1 0 oom None 0.0
unet HEStar 0.09 0 oom None 0.0
unet CostStale 0.09 0 oom None 0.0
unet HEStar 0.08 0 oom None 0.0
unet HEStar 0.08 1 oom None 0.0
unet HEStar 0.08 2 oom None 0.0
unet CostStale 0.08 0 oom None 0.0
unet CostStale 0.08 1 oom None 0.0
unet CostStale 0.08 2 oom None 0.0
unet HEStar 0.07 0 oom None 0.0
unet CostStale 0.07 0 oom None 0.0
unet HEStar 0.06 0 oom None 0.0
unet CostStale 0.06 0 oom None 0.0
unet HEStar 0.05 0 oom None 0.0
unet CostStale 0.05 0 oom None 0.0
transformer CostStale 0.13 0 oom None 333.69
transformer CostStale 0.13 1 oom None 321.83
treelstm CostStale 0.6 0 ok 1.1276910789240402 9.75
treelstm HEStar 0.6 0 ok 2.4272140171391543 10.79
treelstm HEStar 0.59 0 ok 2.588227722639816 10.8
treelstm CostStale 0.59 0 ok 1.1308934952527365 10.36
treelstm HEStar 0.58 0 ok 2.5877025377154648 10.53
treelstm CostStale 0.58 0 ok 1.1338745255533504 10.95
treelstm CostStale 0.57 0 ok 1.1372719192750271 9.58
treelstm HEStar 0.57 0 ok 2.660373623925035 11.12
treelstm HEStar 0.56 0 ok 2.724933209059486 11.42
treelstm CostStale 0.56 0 ok 1.1401874591483645 10.17
treelstm CostStale 0.55 0 ok 1.1440427049042015 9.95
treelstm HEStar 0.55 0 ok 2.7015729869441087 10.98
transformer CostStale 0.13 2 oom None 354.23
treelstm CostStale 0.54 0 ok 1.1465932960310394 11.01
treelstm HEStar 0.54 0 ok 2.8565959823751657 12.86
treelstm CostStale 0.53 0 ok 1.1502658474799905 12.48
treelstm HEStar 0.53 0 ok 3.0116891075883148 15.43
treelstm HEStar 0.52 0 ok 2.967299395542694 13.23
treelstm CostStale 0.52 0 ok 1.1538780209212827 12.88
treelstm HEStar 0.51 0 ok 2.9565989850917527 13.19
treelstm CostStale 0.51 0 ok 1.1569533571051993 11.64
treelstm HEStar 0.5 0 ok 3.253775878761027 15.73
treelstm HEStar 0.5 1 ok 3.253775878761027 17.11
treelstm CostStale 0.5 1 ok 1.1609811553225118 12.46
treelstm CostStale 0.5 0 ok 1.1609811553225118 13.26
treelstm HEStar 0.5 2 ok 3.253775878761027 17.37
treelstm CostStale 0.5 2 ok 1.1609811553225118 12.04
treelstm CostStale 0.49 0 ok 1.1641478262107978 13.77
treelstm CostStale 0.48 0 ok 1.1679677912916437 13.44
treelstm HEStar 0.49 0 ok 3.1522851785344903 17.42
treelstm HEStar 0.48 0 ok 3.0914505969463653 17.85
treelstm HEStar 0.47 0 ok 3.3462974363240665 19.64
treelstm CostStale 0.47 0 ok 1.1716557463945076 13.73
treelstm CostStale 0.46 0 ok 1.174530030037457 13.38
treelstm HEStar 0.46 0 ok 3.360641898144467 21.43
treelstm CostStale 0.45 0 ok 1.17787198388406 12.18
treelstm HEStar 0.45 0 ok 3.5921058165956645 24.81
treelstm CostStale 0.44 0 ok 1.1815374642591243 11.19
treelstm HEStar 0.44 0 ok 3.898309782618258 26.71
treelstm CostStale 0.44 1 ok 1.1815374642591243 13.24
treelstm HEStar 0.44 1 ok 3.898309782618258 27.95
treelstm CostStale 0.44 2 ok 1.1815374642591243 13.18
treelstm HEStar 0.44 2 ok 3.898309782618258 28.58
treelstm CostStale 0.43 0 ok 1.1860344597664694 12.16
treelstm CostStale 0.43 1 ok 1.1860344597664694 13.15
treelstm HEStar 0.43 0 ok 3.9890385822689405 25.23
treelstm HEStar 0.43 1 ok 3.9890385822689405 26.04
treelstm HEStar 0.43 2 ok 3.9890385822689405 27.01
treelstm CostStale 0.43 2 ok 1.1860344597664694 12.08
treelstm CostStale 0.42 0 ok 1.1906995343681246 11.47
treelstm CostStale 0.42 1 ok 1.1906995343681246 12.5
treelstm CostStale 0.42 2 ok 1.1906995343681246 11.89
treelstm HEStar 0.42 1 ok 4.14766673816308 30.65
treelstm HEStar 0.42 0 ok 4.14766673816308 32.28
treelstm HEStar 0.42 2 ok 4.14766673816308 30.51
treelstm CostStale 0.41 0 ok 1.1937197792510326 14.08
treelstm CostStale 0.4 0 ok 1.1981986904039186 13.93
treelstm HEStar 0.41 0 ok 4.1971385272838715 34.79
treelstm HEStar 0.4 0 ok 4.437969850866404 35.35
treelstm CostStale 0.39 0 ok 1.2034283636973988 10.12
treelstm CostStale 0.39 1 ok 1.2034283636973988 10.51
treelstm CostStale 0.39 2 ok 1.2034283636973988 10.51
treelstm HEStar 0.39 0 ok 4.80267764139384 46.22
treelstm CostStale 0.38 0 ok 1.2073622544017684 10.47
treelstm HEStar 0.39 2 ok 4.80267764139384 43.06
treelstm HEStar 0.39 1 ok 4.80267764139384 45.83
treelstm CostStale 0.37 0 ok 1.211253063011601 10.36
treelstm CostStale 0.36 0 ok 1.2152840730899395 10.67
treelstm CostStale 0.35 0 ok 1.2193234904427466 8.71
treelstm HEStar 0.38 0 ok 4.756156390642373 42.27
treelstm HEStar 0.37 0 ok 4.8835434548862 44.68
treelstm CostStale 0.34 0 ok 1.2225387127186345 9.9
treelstm HEStar 0.36 0 ok 4.881621932054416 47.06
treelstm CostStale 0.33 0 ok 1.226426292868676 9.34
treelstm CostStale 0.32 0 ok 1.2306951798481167 8.84
treelstm HEStar 0.35 0 ok 5.109996172988743 51.31
treelstm HEStar 0.34 0 ok 5.228894927593365 49.22
treelstm CostStale 0.31 0 ok 1.2354958663597577 8.91
treelstm CostStale 0.3 0 ok 1.240303516053313 9.21
treelstm HEStar 0.33 0 ok 5.827339331175339 64.11
treelstm CostStale 0.29 0 ok 1.2469530477042199 9.18
treelstm HEStar 0.32 0 ok 5.945236682287986 65.88
transformer CostStale 0.12 0 oom None 628.44
treelstm CostStale 0.28 0 ok 1.250252110342083 8.85
treelstm CostStale 0.27 0 ok 1.263446045365819 9.78
treelstm HEStar 0.31 0 ok 6.612576774682688 94.42
treelstm HEStar 0.3 0 ok 6.524439863886143 89.79
treelstm HEStar 0.29 0 ok 6.601147255180084 81.89
treelstm CostStale 0.25 0 ok 1.3114781738025476 8.93
treelstm CostStale 0.26 0 ok 1.4985137714807522 26.73
treelstm HEStar 0.27 0 ok 6.579266339898953 80.5
treelstm CostStale 0.24 0 ok 1.5635352255504922 23.32
treelstm HEStar 0.28 0 ok 6.795051421812032 99.9
treelstm CostStale 0.23 0 ok 1.5889561345433478 27.2
treelstm CostStale 0.22 0 ok 1.4192515231773701 9.82
treelstm HEStar 0.26 0 ok 7.295789967261592 121.78
treelstm CostStale 0.21 0 ok 1.4305388576590503 11.69
treelstm HEStar 0.25 0 ok 7.734771695440681 113.87
treelstm CostStale 0.2 0 ok 1.4594090398135653 10.88
treelstm HEStar 0.24 0 ok 7.644252181318402 128.94
treelstm CostStale 0.19 0 ok 1.4693179381558565 10.05
treelstm HEStar 0.23 0 ok 8.64593834196198 169.57
treelstm HEStar 0.22 0 ok 8.716710687144717 165.9
treelstm HEStar 0.21 0 ok 7.857350836111331 136.35
treelstm CostStale 0.18 0 ok 1.6307319062755383 10.69
treelstm HEStar 0.2 0 ok 8.762456958157468 192.29
treelstm CostStale 0.17 0 ok 1.6135079985962757 12.46
treelstm CostStale 0.17 1 ok 1.6135079985962757 11.44
treelstm CostStale 0.17 2 ok 1.6135079985962757 12.31
treelstm HEStar 0.19 0 ok 10.002464742314299 210.95
treelstm CostStale 0.16 0 ok 1.9420069526914947 22.63
treelstm HEStar 0.18 0 ok 9.947312839214437 210.85
treelstm CostStale 0.15 0 ok 1.8496800156479878 13.32
treelstm HEStar 0.17 0 ok 10.402351465702486 200.36
treelstm HEStar 0.17 1 ok 10.402351465702486 207.37
treelstm HEStar 0.17 2 ok 10.402351465702486 207.37
treelstm CostStale 0.14 0 ok 1.6947589117358348 19.73
treelstm CostStale 0.13 0 ok 2.1807255688670644 21.19
treelstm CostStale 0.12 0 ok 2.2464011553669967 22.83
treelstm HEStar 0.16 0 ok 10.917161066414879 239.13
treelstm HEStar 0.14 0 ok 10.469768312446389 227.43
treelstm CostStale 0.11 0 ok 2.152165235858657 31.57
treelstm HEStar 0.15 0 ok 11.866446984225165 291.26
treelstm CostStale 0.1 0 ok 2.892285069978567 55.36
treelstm HEStar 0.13 0 ok 14.014773033633114 372.44
treelstm HEStar 0.12 0 ok 14.57588422534045 416.44
treelstm HEStar 0.11 0 ok 14.25903508955681 388.6
treelstm HEStar 0.1 0 ok 14.722750529558699 375.15
treelstm HEStar 0.09 0 ok 14.902546667178793 363.33
treelstm HEStar 0.08 0 ok 16.238257112413113 391.87
treelstm HEStar 0.07 0 ok 18.241206563563328 504.8
treelstm HEStar 0.06 0 ok 19.35592603962132 574.38
treelstm CostStale 0.08 0 thrashed None 783.36
unrollgan HEStar 0.6 0 ok 5.2347860280672505 29.48
unrollgan CostStale 0.6 0 ok 1.1396340594698617 6.42
treelstm CostStale 0.07 0 thrashed None 762.85
unrollgan CostStale 0.59 0 ok 1.1419317446537516 6.73
treelstm CostStale 0.09 0 thrashed None 1108.33
unrollgan CostStale 0.58 0 ok 1.1472110687066681 6.99
unrollgan HEStar 0.59 0 ok 9.256050592373656 146.2
unrollgan CostStale 0.57 0 ok 1.151314950241678 7.18
unrollgan HEStar 0.57 0 ok 7.58494491061273 55.98
unrollgan CostStale 0.56 0 ok 1.158559615842546 6.9
unrollgan HEStar 0.56 0 ok 6.678312962389435 50.6
unrollgan HEStar 0.55 0 ok 6.77193299206832 45.56
unrollgan HEStar 0.55 1 ok 6.77193299206832 48.16
unrollgan CostStale 0.55 0 ok 1.1617082515497208 6.44
unrollgan HEStar 0.55 2 ok 6.77193299206832 46.63
unrollgan CostStale 0.55 1 ok 1.1617082515497208 6.47
unrollgan CostStale 0.55 2 ok 1.1617082515497208 6.36
unrollgan HEStar 0.54 0 ok 5.403510809203147 29.07
unrollgan HEStar 0.54 1 ok 5.403510809203147 28.52
unrollgan CostStale 0.54 0 ok 1.1650272957726915 6.71
unrollgan CostStale 0.54 1 ok 1.1650272957726915 6.71
unrollgan CostStale 0.54 2 ok 1.1650272957726915 6.4
unrollgan HEStar 0.54 2 ok 5.403510809203147 26.31
unrollgan CostStale 0.53 0 ok 1.1660017522153208 7.17
unrollgan HEStar 0.52 0 ok 9.18993789128525 90.71
unrollgan CostStale 0.52 0 ok 1.1697754821969932 6.62
treelstm CostStale 0.06 0 thrashed None 1107.63
unrollgan CostStale 0.51 0 ok 1.1714447969392978 7.19
unrollgan HEStar 0.53 0 ok 16.30620914092546 321.18
unrollgan HEStar 0.58 0 ok 13.076885782699872 573.47
unrollgan CostStale 0.5 0 ok 1.179413718660323 6.97
treelstm HEStar 0.05 0 timeout None 1200.0
unrollgan HEStar 0.51 0 ok 18.43305573038411 535.95
unrollgan CostStale 0.49 0 ok 1.1837326076280472 7.67
unrollgan CostStale 0.49 1 ok 1.1837326076280472 8.09
unrollgan CostStale 0.49 2 ok 1.1837326076280472 8.1
unrollgan HEStar 0.49 1 ok 15.037494656200819 348.15
unrollgan HEStar 0.49 0 ok 15.037494656200819 356.3
unrollgan CostStale 0.48 0 ok 1.1832570930990314 7.46
unrollgan CostStale 0.47 0 ok 1.191123536951263 7.46
treelstm CostStale 0.05 0 timeout None 1200.0
unrollgan CostStale 0.46 0 ok 1.1908121496249902 6.65
unrollgan HEStar 0.49 2 ok 15.037494656200819 357.35
unrollgan CostStale 0.45 0 ok 1.2021838132682965 7.34
unrollgan HEStar 0.5 0 timeout None 1200.0
unrollgan CostStale 0.44 0 ok 1.21187098498649 8.16
unrollgan HEStar 0.48 0 timeout None 1200.0
unrollgan CostStale 0.43 0 ok 1.2196354212712857 8.13
unrollgan HEStar 0.47 0 timeout None 1200.0
unrollgan HEStar 0.46 0 timeout None 1200.0
unrollgan CostStale 0.42 0 ok 1.2209125046809932 8.05
unrollgan CostStale 0.41 0 ok 1.2246728270883571 9.5
unrollgan HEStar 0.45 0 timeout None 1200.0
unrollgan CostStale 0.4 0 ok 1.2268439294660516 10.96
unrollgan HEStar 0.44 0 timeout None 1200.0
unrollgan CostStale 0.39 0 ok 1.2317107912567662 9.21
unrollgan HEStar 0.43 0 timeout None 1200.0
unrollgan CostStale 0.38 0 ok 1.2414106611116265 12.79
unrollgan HEStar 0.42 0 timeout None 1200.0
unrollgan CostStale 0.37 0 ok 1.2503933293667 13.35
unrollgan HEStar 0.41 0 timeout None 1200.0
unrollgan HEStar 0.4 0 timeout None 1200.0
unrollgan CostStale 0.36 0 ok 1.2733359129761381 15.35
unrollgan CostStale 0.35 0 ok 1.349664173344089 40.61
unrollgan HEStar 0.39 0 timeout None 1200.0
unrollgan CostStale 0.34 0 ok 1.3809853828982819 47.19
unrollgan HEStar 0.38 0 timeout None 1200.0
unrollgan HEStar 0.37 0 timeout None 1200.0
unrollgan HEStar 0.36 0 timeout None 1200.0
unrollgan HEStar 0.35 0 timeout None 1200.0
unrollgan CostStale 0.33 0 ok 1.484145794473189 45.97
unrollgan HEStar 0.34 0 timeout None 1200.0
unrollgan CostStale 0.33 1 ok 1.484145794473189 48.61
unrollgan CostStale 0.33 2 ok 1.484145794473189 48.9
unrollgan CostStale 0.32 0 ok 1.572839513081221 62.98
unrollgan HEStar 0.33 0 timeout None 1200.0
unrollgan CostStale 0.31 0 ok 1.5743493717495252 48.43
unrollgan CostStale 0.3 0 ok 1.6286761294966658 60.83
unrollgan HEStar 0.33 1 timeout None 1200.0
unrollgan CostStale 0.29 0 ok 1.9813304868463206 126.48
unrollgan HEStar 0.33 2 timeout None 1200.0
unrollgan HEStar 0.32 0 timeout None 1200.0
unrollgan HEStar 0.31 0 timeout None 1200.0
unrollgan HEStar 0.3 0 timeout None 1200.0
unrollgan CostStale 0.27 0 ok 1.6738086152624572 87.07
unrollgan HEStar 0.29 0 timeout None 1200.0
unrollgan HEStar 0.28 0 timeout None 1200.0
unrollgan CostStale 0.28 0 timeout None 1200.0
unrollgan HEStar 0.27 0 timeout None 1200.0
unrollgan HEStar 0.26 0 timeout None 1200.0
unrollgan CostStale 0.26 0 timeout None 1200.0
unrollgan HEStar 0.25 0 timeout None 1200.0
unrollgan CostStale 0.25 0 timeout None 1200.0
unrollgan HEStar 0.24 0 timeout None 1196.4
unrollgan CostStale 0.24 0 timeout None 1196.4
unrollgan HEStar 0.23 0 timeout None 1196.4
unrollgan CostStale 0.23 0 timeout None 1196.5
unrollgan HEStar 0.22 0 timeout None 1196.4
unrollgan CostStale 0.22 0 timeout None 1196.4
unrollgan HEStar 0.21 0 timeout None 1200.0
unrollgan HEStar 0.2 0 thrashed None 1009.95
unrollgan CostStale 0.21 0 timeout None 1200.0
unrollgan CostStale 0.2 0 timeout None 1200.0
unrollgan HEStar 0.19 0 timeout None 1200.0
unrollgan CostStale 0.19 0 timeout None 1200.0
unrollgan HEStar 0.18 0 thrashed None 1142.49
unrollgan HEStar 0.17 0 thrashed None 795.18
unrollgan HEStar 0.17 1 thrashed None 816.14
unrollgan HEStar 0.17 2 thrashed None 787.88
unrollgan CostStale 0.18 0 timeout None 1200.0
unrollgan CostStale 0.17 0 timeout None 1200.0
unrollgan HEStar 0.16 0 thrashed None 952.77
unrollgan CostStale 0.17 1 timeout None 1200.0
unrollgan CostStale 0.17 2 timeout None 1200.0
unrollgan HEStar 0.15 0 thrashed None 926.99
unrollgan CostStale 0.16 0 timeout None 1200.0
unrollgan HEStar 0.15 1 thrashed None 915.24
unrollgan HEStar 0.15 2 thrashed None 919.95
unrollgan HEStar 0.14 0 thrashed None 887.33
unrollgan CostStale 0.15 0 timeout None 1200.0
unrollgan CostStale 0.15 1 timeout None 1200.0
unrollgan CostStale 0.15 2 timeout None 1200.0
unrollgan CostStale 0.14 0 timeout None 1200.0
unrollgan HEStar 0.12 0 thrashed None 832.11
unrollgan HEStar 0.13 0 timeout None 1200.0
unrollgan CostStale 0.13 0 oom None 1027.39
unrollgan HEStar 0.09 0 oom None 256.83
unrollgan HEStar 0.11 0 thrashed None 1096.42
unrollgan CostStale 0.12 0 timeout None 1200.0
unrollgan HEStar 0.1 0 oom None 456.97
unrollgan HEStar 0.08 0 oom None 75.42
unrollgan HEStar 0.07 0 oom None 36.31
unrollgan HEStar 0.06 0 oom None 11.83
unrollgan CostStale 0.11 0 thrashed None 844.9
unrollgan HEStar 0.05 0 oom None 1.37
unrollgan CostStale 0.05 0 oom None 0.44
unrollgan CostStale 0.06 0 oom None 55.51
unrollgan CostStale 0.07 0 oom None 266.86
unrollgan CostStale 0.1 0 thrashed None 703.48
unrollgan CostStale 0.08 0 oom None 373.49
unrollgan CostStale 0.09 0 thrashed None 442.83
REMAINING 0
