1566 points, 1566 to run
densenet DTR 0.131 0 oom None 117.01
densenet DTR 0.132 0 oom None 127.03
densenet NbhdPenalty@b=0.25 0.132 0 oom None 128.69
densenet DTR 0.133 0 oom None 133.4
densenet NbhdPenalty@b=0.25 0.133 0 oom None 129.4
densenet NbhdPenalty@b=0.25 0.131 0 oom None 275.24
densenet TwoPhase@k=8 0.131 0 oom None 379.46
densenet DTR 0.134 0 oom None 149.35
densenet TwoPhase@k=8 0.132 0 oom None 433.37
densenet NbhdPenalty@b=0.25 0.134 0 oom None 228.08
densenet NbhdPenalty@b=0.25 0.135 0 oom None 135.92
densenet DTR 0.135 0 oom None 173.79
densenet TwoPhase@k=8 0.133 0 oom None 452.83
densenet DTR 0.136 0 oom None 207.75
densenet TwoPhase@k=8 0.134 0 oom None 437.12
densenet DTR 0.137 0 oom None 217.19
densenet NbhdPenalty@b=0.25 0.136 0 oom None 316.59
densenet TwoPhase@k=8 0.135 0 oom None 421.09
densenet DTR 0.138 0 oom None 122.4
densenet TwoPhase@k=8 0.136 0 oom None 391.22
densenet NbhdPenalty@b=0.25 0.137 0 oom None 272.43
densenet NbhdPenalty@b=0.25 0.139 0 ok 1.8912344679472064 48.89
densenet DTR 0.191 0 ok 1.6529772095705044 29.57
densenet DTR 0.139 0 oom None 118.7
densenet NbhdPenalty@b=0.25 0.191 0 ok 1.691415062248673 17.94
densenet DTR 0.192 0 ok 1.66173718292704 30.67
densenet NbhdPenalty@b=0.25 0.192 0 ok 1.7980783769980417 19.15
densenet TwoPhase@k=8 0.137 0 oom None 390.65
densenet DTR 0.193 0 ok 1.6643037469778283 32.1
densenet NbhdPenalty@b=0.25 0.193 0 ok 1.64932579347082 17.8
densenet NbhdPenalty@b=0.25 0.138 0 oom None 309.61
densenet DTR 0.194 0 ok 1.6656037698261807 34.17
densenet NbhdPenalty@b=0.25 0.194 0 ok 1.7924029171587637 15.91
densenet TwoPhase@k=8 0.138 0 oom None 360.65
densenet DTR 0.195 0 ok 1.6272345438269284 2.5
densenet NbhdPenalty@b=0.25 0.195 0 ok 1.7717193461261966 17.47
densenet TwoPhase@k=8 0.139 0 oom None 374.98
densenet DTR 0.196 0 ok 1.626153063584674 2.52
densenet NbhdPenalty@b=0.25 0.196 0 ok 1.7891782850923872 17.78
densenet TwoPhase@k=8 0.192 0 oom None 510.01
densenet DTR 0.197 0 ok 1.6640661218600192 39.08
densenet NbhdPenalty@b=0.25 0.197 0 ok 1.6735268906082914 16.99
densenet TwoPhase@k=8 0.194 0 oom None 716.36
densenet TwoPhase@k=8 0.195 0 oom None 728.45
densenet DTR 0.198 0 ok 1.6656382252993913 35.46
densenet NbhdPenalty@b=0.25 0.198 0 ok 1.6738561314840221 17.85
densenet DTR 0.199 0 ok 1.665114855048622 35.26
densenet NbhdPenalty@b=0.25 0.199 0 ok 1.8025665921960858 17.39
densenet TwoPhase@k=8 0.193 0 oom None 1004.94
densenet DTR 0.201 0 ok 1.6788718824368671 29.9
densenet NbhdPenalty@b=0.25 0.201 0 ok 1.6712359027944734 17.62
densenet TwoPhase@k=8 0.196 0 oom None 856.99
densenet DTR 0.202 0 ok 1.635695107508563 2.43
densenet NbhdPenalty@b=0.25 0.202 0 ok 1.7922164770790046 17.68
densenet TwoPhase@k=8 0.191 0 timeout None 1200.0
densenet DTR 0.203 0 ok 1.6659920370198475 34.93
densenet NbhdPenalty@b=0.25 0.203 0 ok 1.811763329908426 18.12
densenet TwoPhase@k=8 0.197 0 oom None 779.68
densenet DTR 0.204 0 ok 1.642434414561206 33.07
densenet NbhdPenalty@b=0.25 0.204 0 ok 1.6677946335586402 17.48
densenet TwoPhase@k=8 0.204 0 ok 1.522879695121131 5.1
densenet DTR 0.205 0 ok 1.6528049096882138 2.44
densenet NbhdPenalty@b=0.25 0.205 0 ok 1.6639481227002126 16.07
densenet TwoPhase@k=8 0.198 0 oom None 772.38
densenet DTR 0.206 0 ok 1.651553983496836 2.46
densenet NbhdPenalty@b=0.25 0.206 0 ok 1.6640763977081396 18.4
densenet TwoPhase@k=8 0.199 0 oom None 939.06
densenet DTR 0.207 0 ok 1.6521023664735017 2.43
densenet TwoPhase@k=8 0.203 0 oom None 690.54
densenet NbhdPenalty@b=0.25 0.207 0 ok 1.608265843255348 14.36
densenet DTR 0.208 0 ok 1.6510523836336897 2.45
densenet TwoPhase@k=8 0.202 0 oom None 768.23
densenet TwoPhase@k=8 0.207 0 ok 1.495495319802913 27.03
densenet NbhdPenalty@b=0.25 0.208 0 ok 1.6784831677329701 16.47
densenet TwoPhase@k=8 0.208 0 ok 1.6505647550962268 14.38
densenet NbhdPenalty@b=0.25 0.209 0 ok 1.6738442851283006 18.58
densenet DTR 0.209 0 ok 1.6462295180337334 33.8
densenet DTR 0.211 0 ok 1.6850929529410064 30.0
densenet TwoPhase@k=8 0.211 0 ok 1.5151624797065368 2.18
densenet NbhdPenalty@b=0.25 0.211 0 ok 1.6030498638414943 20.12
densenet NbhdPenalty@b=0.25 0.212 0 ok 1.6461267989559445 20.74
densenet DTR 0.212 0 ok 1.6739561570568395 34.05
densenet TwoPhase@k=8 0.201 0 oom None 918.52
densenet DTR 0.213 0 ok 1.665323701599728 32.45
densenet NbhdPenalty@b=0.25 0.213 0 ok 1.6315750412455263 24.2
densenet DTR 0.214 0 ok 1.6275832190305892 2.4
densenet NbhdPenalty@b=0.25 0.214 0 ok 1.6576328526998405 19.8
densenet TwoPhase@k=8 0.205 0 oom None 860.55
densenet DTR 0.215 0 ok 1.6510247815404224 2.34
densenet NbhdPenalty@b=0.25 0.215 0 ok 1.6462462391549837 18.83
densenet TwoPhase@k=8 0.215 0 ok 1.4594107461110095 1.03
densenet DTR 0.216 0 ok 1.6511868674942471 2.41
densenet NbhdPenalty@b=0.25 0.216 0 ok 1.774305921483514 15.59
densenet TwoPhase@k=8 0.216 0 ok 1.5670499005429621 24.12
densenet DTR 0.217 0 ok 1.6451761014676254 2.38
densenet NbhdPenalty@b=0.25 0.217 0 ok 1.6667396605575797 17.3
densenet TwoPhase@k=8 0.209 0 oom None 699.45
densenet DTR 0.218 0 ok 1.6021238160047333 2.46
densenet TwoPhase@k=8 0.206 0 oom None 977.81
densenet NbhdPenalty@b=0.25 0.218 0 ok 1.6667746001299075 16.88
densenet DTR 0.219 0 ok 1.6306472934327958 33.89
densenet NbhdPenalty@b=0.25 0.219 0 ok 1.6400311973735708 17.85
densenet TwoPhase@k=8 0.213 0 oom None 745.11
densenet TwoPhase@k=8 0.214 0 oom None 708.24
inception DTR 0.181 0 oom None 26.14
densenet TwoPhase@k=8 0.212 0 oom None 919.87
inception NbhdPenalty@b=0.25 0.181 0 oom None 144.69
inception DTR 0.182 0 oom None 29.3
inception TwoPhase@k=8 0.181 0 oom None 156.41
inception DTR 0.183 0 oom None 28.4
inception NbhdPenalty@b=0.25 0.182 0 oom None 150.12
inception NbhdPenalty@b=0.25 0.183 0 oom None 145.06
inception DTR 0.184 0 oom None 28.56
inception NbhdPenalty@b=0.25 0.184 0 oom None 146.77
inception TwoPhase@k=8 0.183 0 oom None 258.86
inception DTR 0.185 0 oom None 31.19
inception TwoPhase@k=8 0.184 0 oom None 82.06
inception NbhdPenalty@b=0.25 0.185 0 oom None 168.88
inception TwoPhase@k=8 0.182 0 oom None 610.04
inception DTR 0.186 0 oom None 20.54
densenet TwoPhase@k=8 0.217 0 timeout None 1200.0
inception DTR 0.187 0 oom None 20.81
inception NbhdPenalty@b=0.25 0.186 0 oom None 150.23
inception TwoPhase@k=8 0.186 0 oom None 166.03
inception NbhdPenalty@b=0.25 0.187 0 oom None 146.19
inception DTR 0.188 0 oom None 21.94
inception NbhdPenalty@b=0.25 0.188 0 oom None 23.82
inception DTR 0.189 0 oom None 19.93
inception TwoPhase@k=8 0.185 0 oom None 423.99
densenet TwoPhase@k=8 0.219 0 oom None 1124.82
densenet TwoPhase@k=8 0.218 0 timeout None 1200.0
inception NbhdPenalty@b=0.25 0.201 0 oom None 40.92
inception NbhdPenalty@b=0.25 0.189 0 oom None 141.02
inception TwoPhase@k=8 0.187 0 oom None 449.73
inception NbhdPenalty@b=0.25 0.202 0 oom None 307.28
inception TwoPhase@k=8 0.189 0 oom None 674.82
inception TwoPhase@k=8 0.188 0 oom None 895.56
inception TwoPhase@k=8 0.201 0 oom None 775.56
inception NbhdPenalty@b=0.25 0.203 0 oom None 27.68
inception TwoPhase@k=8 0.202 0 oom None 289.63
inception DTR 0.201 0 timeout None 1200.0
inception NbhdPenalty@b=0.25 0.204 0 oom None 290.04
inception TwoPhase@k=8 0.203 0 oom None 450.99
inception DTR 0.202 0 timeout None 1200.0
inception DTR 0.205 0 oom None 141.87
inception DTR 0.206 0 oom None 162.89
inception NbhdPenalty@b=0.25 0.206 0 oom None 26.21
inception NbhdPenalty@b=0.25 0.205 0 oom None 287.7
inception TwoPhase@k=8 0.205 0 oom None 427.67
inception DTR 0.207 0 oom None 168.03
inception NbhdPenalty@b=0.25 0.207 0 oom None 29.6
inception TwoPhase@k=8 0.206 0 oom None 308.84
inception DTR 0.203 0 timeout None 1200.0
inception NbhdPenalty@b=0.25 0.208 0 oom None 20.67
inception DTR 0.204 0 timeout None 1200.0
inception NbhdPenalty@b=0.25 0.209 0 oom None 23.81
inception TwoPhase@k=8 0.208 0 oom None 222.27
inception TwoPhase@k=8 0.204 0 oom None 918.67
inception NbhdPenalty@b=0.25 0.211 0 oom None 28.88
inception TwoPhase@k=8 0.207 0 oom None 679.82
inception DTR 0.209 0 ok 4.9124083725582945 808.21
inception NbhdPenalty@b=0.25 0.212 0 oom None 30.52
inception TwoPhase@k=8 0.211 0 oom None 802.3
inception DTR 0.208 0 timeout None 1200.0
inception NbhdPenalty@b=0.25 0.213 0 oom None 28.52
inception TwoPhase@k=8 0.209 0 oom None 936.31
inception TwoPhase@k=8 0.212 0 oom None 513.19
inception TwoPhase@k=8 0.213 0 oom None 270.2
inception NbhdPenalty@b=0.25 0.214 0 oom None 22.98
inception DTR 0.211 0 timeout None 1200.0
inception NbhdPenalty@b=0.25 0.215 0 oom None 25.98
inception DTR 0.212 0 oom None 1030.08
inception TwoPhase@k=8 0.214 0 oom None 398.68
inception NbhdPenalty@b=0.25 0.216 0 oom None 25.87
inception DTR 0.213 0 oom None 974.28
inception DTR 0.214 0 timeout None 1200.0
inception NbhdPenalty@b=0.25 0.217 0 oom None 24.13
inception DTR 0.216 0 oom None 959.73
inception DTR 0.215 0 timeout None 1200.0
inception NbhdPenalty@b=0.25 0.218 0 oom None 24.09
inception TwoPhase@k=8 0.216 0 oom None 804.55
inception TwoPhase@k=8 0.217 0 oom None 261.15
inception TwoPhase@k=8 0.215 0 timeout None 1200.0
inception NbhdPenalty@b=0.25 0.219 0 oom None 27.0
inception DTR 0.217 0 oom None 753.42
inception NbhdPenalty@b=0.25 0.221 0 oom None 28.21
inception TwoPhase@k=8 0.218 0 oom None 392.08
inception TwoPhase@k=8 0.221 0 oom None 255.48
inception NbhdPenalty@b=0.25 0.222 0 oom None 33.46
inception TwoPhase@k=8 0.219 0 oom None 594.07
inception DTR 0.219 0 oom None 631.59
inception NbhdPenalty@b=0.25 0.223 0 oom None 33.26
inception TwoPhase@k=8 0.222 0 oom None 243.21
inception DTR 0.223 0 ok 2.5747171963937108 173.09
inception NbhdPenalty@b=0.25 0.224 0 oom None 32.42
inception TwoPhase@k=8 0.223 0 oom None 174.82
inception DTR 0.221 0 oom None 870.69
inception DTR 0.224 0 ok 2.5893949904064875 173.74
inception DTR 0.222 0 oom None 548.37
inception NbhdPenalty@b=0.25 0.225 0 oom None 30.94
inception NbhdPenalty@b=0.25 0.226 0 oom None 30.87
inception TwoPhase@k=8 0.224 0 oom None 161.58
inception DTR 0.225 0 ok 2.4400055751024423 159.77
inception NbhdPenalty@b=0.25 0.227 0 oom None 34.09
inception DTR 0.226 0 ok 2.4172591803918424 169.23
inception TwoPhase@k=8 0.226 0 oom None 136.41
inception DTR 0.218 0 timeout None 1200.0
inception NbhdPenalty@b=0.25 0.228 0 oom None 34.27
inception TwoPhase@k=8 0.227 0 oom None 126.66
inception DTR 0.228 0 ok 1.5254328451911743 61.48
inception DTR 0.227 0 ok 2.5021195000714305 171.61
inception NbhdPenalty@b=0.25 0.229 0 oom None 32.44
inception DTR 0.229 0 ok 1.5300169880072556 62.97
inception NbhdPenalty@b=0.25 0.231 0 oom None 32.56
inception TwoPhase@k=8 0.228 0 oom None 137.53
inception TwoPhase@k=8 0.225 0 oom None 356.6
inception NbhdPenalty@b=0.25 0.232 0 oom None 39.24
inception DTR 0.231 0 ok 2.484212992111471 178.61
inception NbhdPenalty@b=0.25 0.233 0 oom None 38.52
inception DTR 0.232 0 ok 2.480068948274387 177.5
inception TwoPhase@k=8 0.229 0 oom None 298.32
inception DTR 0.233 0 ok 2.4705096877170356 168.64
inception TwoPhase@k=8 0.232 0 oom None 202.25
inception NbhdPenalty@b=0.25 0.234 0 oom None 39.6
inception TwoPhase@k=8 0.233 0 oom None 151.63
inception NbhdPenalty@b=0.25 0.235 0 oom None 38.36
inception TwoPhase@k=8 0.231 0 oom None 416.75
inception NbhdPenalty@b=0.25 0.236 0 oom None 38.74
inception TwoPhase@k=8 0.234 0 oom None 265.78
inception TwoPhase@k=8 0.235 0 oom None 204.71
inception NbhdPenalty@b=0.25 0.237 0 oom None 41.42
inception TwoPhase@k=8 0.236 0 oom None 160.36
inception TwoPhase@k=8 0.237 0 oom None 100.59
inception NbhdPenalty@b=0.25 0.238 0 oom None 35.59
inception DTR 0.235 0 oom None 538.02
inception TwoPhase@k=8 0.238 0 oom None 118.63
inception NbhdPenalty@b=0.25 0.239 0 oom None 38.61
inception DTR 0.236 0 oom None 549.25
inception DTR 0.237 0 oom None 661.77
inception NbhdPenalty@b=0.25 0.241 0 oom None 62.43
inception TwoPhase@k=8 0.239 0 oom None 384.85
inception DTR 0.234 0 timeout None 1200.0
inception NbhdPenalty@b=0.25 0.242 0 oom None 57.44
inception TwoPhase@k=8 0.241 0 oom None 202.73
inception DTR 0.243 0 ok 1.4514229470242976 83.91
inception DTR 0.238 0 oom None 1068.68
inception TwoPhase@k=8 0.242 0 oom None 322.19
inception DTR 0.244 0 ok 1.3850565624496503 89.6
inception DTR 0.239 0 timeout None 1200.0
inception DTR 0.241 0 timeout None 1200.0
inception NbhdPenalty@b=0.25 0.243 0 oom None 732.15
inception TwoPhase@k=8 0.244 0 oom None 266.43
inception DTR 0.242 0 oom None 1039.97
inception NbhdPenalty@b=0.25 0.245 0 oom None 62.0
inception TwoPhase@k=8 0.243 0 ok 18.171676763141427 846.42
inception NbhdPenalty@b=0.25 0.244 0 oom None 720.89
inception DTR 0.247 0 ok 1.3657052598787127 94.64
inception TwoPhase@k=8 0.245 0 oom None 460.15
inception NbhdPenalty@b=0.25 0.246 0 ok 5.385550830816924 485.82
inception TwoPhase@k=8 0.246 0 oom None 299.48
inception DTR 0.248 0 ok 1.3657052598787127 97.19
inception NbhdPenalty@b=0.25 0.247 0 oom None 471.52
inception NbhdPenalty@b=0.25 0.248 0 ok 4.867812452225173 410.77
inception DTR 0.245 0 timeout None 1200.0
inception DTR 0.246 0 timeout None 1200.0
inception TwoPhase@k=8 0.249 0 oom None 216.6
inception TwoPhase@k=8 0.248 0 oom None 639.31
inception TwoPhase@k=8 0.247 0 oom None 964.67
inception NbhdPenalty@b=0.25 0.249 0 oom None 481.32
inception DTR 0.252 0 ok 1.3711961251906712 104.31
inception NbhdPenalty@b=0.25 0.251 0 ok 4.314397848971066 340.22
inception TwoPhase@k=8 0.251 0 oom None 280.16
inception NbhdPenalty@b=0.25 0.252 0 oom None 341.72
inception NbhdPenalty@b=0.25 0.253 0 oom None 484.14
inception DTR 0.249 0 timeout None 1200.0
inception TwoPhase@k=8 0.253 0 oom None 295.07
inception DTR 0.254 0 ok 1.3686691684014973 92.92
inception DTR 0.255 0 ok 1.3743968470377195 90.81
inception NbhdPenalty@b=0.25 0.255 0 oom None 83.16
inception TwoPhase@k=8 0.252 0 oom None 788.49
inception DTR 0.256 0 ok 1.3716900305955462 88.3
inception DTR 0.251 0 timeout None 1200.0
inception TwoPhase@k=8 0.254 0 oom None 408.1
inception NbhdPenalty@b=0.25 0.256 0 oom None 86.47
inception NbhdPenalty@b=0.25 0.254 0 oom None 462.19
inception DTR 0.257 0 ok 1.385273579396165 91.19
inception NbhdPenalty@b=0.25 0.257 0 oom None 82.05
inception NbhdPenalty@b=0.25 0.258 0 oom None 88.89
inception TwoPhase@k=8 0.256 0 oom None 295.61
inception DTR 0.253 0 timeout None 1200.0
inception DTR 0.259 0 ok 1.3570690441263145 65.44
inception NbhdPenalty@b=0.25 0.259 0 oom None 48.94
inception DTR 0.261 0 ok 1.3906167205831597 64.01
inception NbhdPenalty@b=0.25 0.261 0 oom None 48.05
inception TwoPhase@k=8 0.259 0 oom None 147.3
inception DTR 0.262 0 ok 1.393074521250907 65.09
inception TwoPhase@k=8 0.257 0 oom None 479.75
inception NbhdPenalty@b=0.25 0.262 0 oom None 46.48
inception TwoPhase@k=8 0.255 0 oom None 750.66
inception DTR 0.263 0 ok 1.391758490300547 59.75
inception NbhdPenalty@b=0.25 0.263 0 oom None 49.22
inception TwoPhase@k=8 0.261 0 oom None 243.99
inception DTR 0.264 0 ok 1.3575325895335022 65.21
inception TwoPhase@k=8 0.262 0 oom None 210.69
inception NbhdPenalty@b=0.25 0.264 0 oom None 58.65
inception DTR 0.265 0 ok 1.3237853858897042 44.61
inception NbhdPenalty@b=0.25 0.265 0 oom None 59.01
inception DTR 0.266 0 ok 1.3170909262651298 42.76
inception NbhdPenalty@b=0.25 0.266 0 oom None 54.95
inception TwoPhase@k=8 0.263 0 oom None 329.17
inception DTR 0.267 0 ok 1.3150825123284933 41.99
inception TwoPhase@k=8 0.265 0 oom None 249.57
inception NbhdPenalty@b=0.25 0.267 0 oom None 55.94
inception TwoPhase@k=8 0.266 0 oom None 169.81
inception DTR 0.268 0 ok 1.3137248931150765 39.13
inception NbhdPenalty@b=0.25 0.268 0 oom None 51.55
inception DTR 0.258 0 ok 11.176180226172743 1048.39
inception DTR 0.269 0 ok 1.3130147611103815 42.06
inception TwoPhase@k=8 0.264 0 oom None 469.7
inception DTR 0.271 0 ok 1.336434460497978 46.84
inception TwoPhase@k=8 0.267 0 oom None 205.42
inception NbhdPenalty@b=0.25 0.269 0 ok 3.5868884145059377 111.5
inception TwoPhase@k=8 0.258 0 oom None 1089.72
inception DTR 0.272 0 ok 1.30878893603121 42.05
inception NbhdPenalty@b=0.25 0.271 0 ok 3.583007375422651 107.36
inception TwoPhase@k=8 0.268 0 oom None 287.17
inception DTR 0.273 0 ok 1.3777900850837443 56.44
inception NbhdPenalty@b=0.25 0.272 0 ok 3.6162875863021076 109.28
inception DTR 0.274 0 ok 1.3757797510603063 58.13
inception NbhdPenalty@b=0.25 0.273 0 ok 3.5862636273741533 109.29
inception NbhdPenalty@b=0.25 0.274 0 oom None 62.67
inception DTR 0.275 0 ok 1.348567424573165 47.38
inception TwoPhase@k=8 0.272 0 oom None 290.92
inception NbhdPenalty@b=0.25 0.275 0 oom None 61.19
inception TwoPhase@k=8 0.274 0 oom None 142.13
inception DTR 0.276 0 ok 1.315454045982003 42.83
inception NbhdPenalty@b=0.25 0.276 0 oom None 55.16
inception DTR 0.277 0 ok 1.3409852264860462 61.0
inception TwoPhase@k=8 0.269 0 oom None 631.62
inception TwoPhase@k=8 0.276 0 oom None 136.88
inception NbhdPenalty@b=0.25 0.277 0 oom None 59.42
inception DTR 0.278 0 ok 1.3101412553651008 39.69
inception TwoPhase@k=8 0.271 0 oom None 606.22
inception NbhdPenalty@b=0.25 0.278 0 oom None 64.73
inception TwoPhase@k=8 0.273 0 oom None 495.98
inception DTR 0.279 0 ok 1.3550407709612973 49.0
inception NbhdPenalty@b=0.25 0.279 0 oom None 62.57
inception TwoPhase@k=8 0.275 0 oom None 372.12
inception TwoPhase@k=8 0.278 0 oom None 131.06
inception TwoPhase@k=8 0.277 0 oom None 184.57
inception NbhdPenalty@b=0.25 0.291 0 oom None 60.34
inception DTR 0.291 0 ok 1.4578813805287716 88.58
inception DTR 0.293 0 ok 1.2245557226717192 12.62
inception DTR 0.292 0 ok 1.2621330548157865 37.84
inception TwoPhase@k=8 0.279 0 oom None 158.79
inception NbhdPenalty@b=0.25 0.292 0 oom None 60.64
inception NbhdPenalty@b=0.25 0.293 0 oom None 58.09
inception NbhdPenalty@b=0.25 0.294 0 oom None 57.1
inception DTR 0.295 0 ok 1.2231641798297928 10.93
inception DTR 0.294 0 ok 1.4463052180569596 81.9
inception NbhdPenalty@b=0.25 0.295 0 oom None 68.09
inception DTR 0.296 0 ok 1.2220889343636254 12.5
inception TwoPhase@k=8 0.291 0 oom None 244.02
inception NbhdPenalty@b=0.25 0.296 0 oom None 88.18
inception DTR 0.297 0 ok 1.2194425566602491 11.39
inception NbhdPenalty@b=0.25 0.297 0 ok 1.2411825147763682 7.84
inception TwoPhase@k=8 0.293 0 oom None 448.11
inception TwoPhase@k=8 0.292 0 oom None 526.18
inception TwoPhase@k=8 0.295 0 oom None 405.04
inception DTR 0.298 0 ok 1.4544708617015356 121.29
inception NbhdPenalty@b=0.25 0.298 0 oom None 87.34
inception NbhdPenalty@b=0.25 0.299 0 oom None 84.65
inception DTR 0.299 0 ok 1.4558170955230032 123.21
inception DTR 0.301 0 ok 1.2203536535600992 12.2
inception TwoPhase@k=8 0.296 0 oom None 532.02
inception TwoPhase@k=8 0.298 0 oom None 238.9
inception NbhdPenalty@b=0.25 0.301 0 oom None 86.34
inception TwoPhase@k=8 0.297 0 oom None 536.25
inception DTR 0.302 0 ok 1.443203753070169 119.88
inception NbhdPenalty@b=0.25 0.302 0 oom None 90.93
inception DTR 0.303 0 ok 1.2099890501472166 12.01
inception NbhdPenalty@b=0.25 0.303 0 ok 1.2351321609965253 7.2
inception DTR 0.304 0 ok 1.2086176729305005 12.08
inception TwoPhase@k=8 0.294 0 oom None 990.68
inception NbhdPenalty@b=0.25 0.304 0 oom None 139.16
inception DTR 0.305 0 ok 1.2081866275850126 11.42
inception TwoPhase@k=8 0.301 0 oom None 402.4
inception NbhdPenalty@b=0.25 0.305 0 oom None 138.2
inception DTR 0.306 0 ok 1.2052212892103547 11.09
inception TwoPhase@k=8 0.299 0 oom None 591.0
inception TwoPhase@k=8 0.303 0 oom None 455.99
inception NbhdPenalty@b=0.25 0.306 0 oom None 138.34
inception DTR 0.307 0 ok 1.2075555569613148 12.32
inception NbhdPenalty@b=0.25 0.307 0 oom None 91.68
inception DTR 0.308 0 ok 1.206973791086992 10.1
inception NbhdPenalty@b=0.25 0.308 0 oom None 141.43
inception TwoPhase@k=8 0.304 0 oom None 594.2
inception DTR 0.309 0 ok 1.2059939481660877 9.67
inception NbhdPenalty@b=0.25 0.309 0 ok 1.2218409132004477 7.41
inception TwoPhase@k=8 0.306 0 oom None 409.53
inception TwoPhase@k=8 0.305 0 oom None 552.42
inception DTR 0.351 0 ok 1.1716477638599192 9.09
inception NbhdPenalty@b=0.25 0.351 0 ok 1.176254025384594 5.47
inception DTR 0.352 0 ok 1.17120691067334 9.07
inception NbhdPenalty@b=0.25 0.352 0 ok 1.1735166211111931 5.28
inception TwoPhase@k=8 0.309 0 oom None 360.65
inception DTR 0.353 0 ok 1.17081873103 8.65
inception TwoPhase@k=8 0.302 0 timeout None 1200.0
inception NbhdPenalty@b=0.25 0.353 0 ok 1.1735166211111931 5.72
inception DTR 0.354 0 ok 1.1703821909680276 8.76
inception NbhdPenalty@b=0.25 0.354 0 ok 1.1734621358984927 5.07
inception TwoPhase@k=8 0.307 0 oom None 693.2
inception DTR 0.355 0 ok 1.1703821909680276 9.42
inception NbhdPenalty@b=0.25 0.355 0 ok 1.17578703733405 4.47
inception TwoPhase@k=8 0.352 0 oom None 540.69
inception DTR 0.356 0 ok 1.1697706574632223 8.99
inception NbhdPenalty@b=0.25 0.356 0 ok 1.1752348206842642 4.33
inception TwoPhase@k=8 0.353 0 oom None 295.44
inception DTR 0.357 0 ok 1.1681643068744885 8.24
inception TwoPhase@k=8 0.354 0 oom None 291.92
inception NbhdPenalty@b=0.25 0.357 0 ok 1.1752348206842642 4.65
inception DTR 0.358 0 ok 1.1681643068744885 8.76
inception NbhdPenalty@b=0.25 0.358 0 ok 1.1752348206842642 4.26
inception TwoPhase@k=8 0.355 0 oom None 367.88
inception DTR 0.359 0 ok 1.1676024725067728 8.72
inception NbhdPenalty@b=0.25 0.359 0 ok 1.1732249753244883 4.55
inception TwoPhase@k=8 0.356 0 oom None 253.84
inception DTR 0.371 0 ok 1.155129615357386 8.24
inception NbhdPenalty@b=0.25 0.371 0 ok 1.153536207285004 6.25
inception TwoPhase@k=8 0.357 0 oom None 237.2
inception DTR 0.372 0 ok 1.1534568960727454 7.5
inception NbhdPenalty@b=0.25 0.372 0 ok 1.1603517392241307 5.77
inception TwoPhase@k=8 0.359 0 ok 5.1284328965982775 239.64
inception DTR 0.373 0 ok 1.1534568960727454 7.09
inception NbhdPenalty@b=0.25 0.373 0 ok 1.1525488364296768 5.72
inception TwoPhase@k=8 0.308 0 timeout None 1200.0
inception DTR 0.374 0 ok 1.1534568960727454 7.4
inception NbhdPenalty@b=0.25 0.374 0 ok 1.1525488364296768 5.98
inception TwoPhase@k=8 0.351 0 timeout None 1200.0
inception DTR 0.375 0 ok 1.1534568960727454 6.7
inception NbhdPenalty@b=0.25 0.375 0 ok 1.1536614387401154 5.99
inception TwoPhase@k=8 0.373 0 oom None 231.43
inception DTR 0.376 0 ok 1.1534568960727454 7.25
inception NbhdPenalty@b=0.25 0.376 0 ok 1.1536614387401154 5.86
inception TwoPhase@k=8 0.358 0 timeout None 1200.0
inception DTR 0.377 0 ok 1.1534568960727454 6.64
inception NbhdPenalty@b=0.25 0.377 0 ok 1.1531748837166287 6.39
inception TwoPhase@k=8 0.376 0 oom None 754.12
inception DTR 0.378 0 ok 1.152189308818105 6.63
inception NbhdPenalty@b=0.25 0.378 0 ok 1.1526847870600405 6.21
inception TwoPhase@k=8 0.371 0 timeout None 1200.0
inception DTR 0.379 0 ok 1.152121128452737 8.23
inception NbhdPenalty@b=0.25 0.379 0 ok 1.1516621067197725 5.85
inception TwoPhase@k=8 0.372 0 timeout None 1200.0
inception DTR 0.381 0 ok 1.1508535411980965 7.0
inception NbhdPenalty@b=0.25 0.381 0 ok 1.1509669488781022 5.79
inception TwoPhase@k=8 0.377 0 oom None 370.31
inception DTR 0.382 0 ok 1.1504658345057608 6.92
inception NbhdPenalty@b=0.25 0.382 0 ok 1.150526095691523 5.47
inception TwoPhase@k=8 0.374 0 timeout None 1200.0
inception DTR 0.383 0 ok 1.1439658771601278 7.31
inception NbhdPenalty@b=0.25 0.383 0 ok 1.1515487760317908 6.52
inception TwoPhase@k=8 0.375 0 timeout None 1200.0
inception DTR 0.384 0 ok 1.1439658771601278 7.25
inception NbhdPenalty@b=0.25 0.384 0 ok 1.1515487760317908 5.72
inception TwoPhase@k=8 0.378 0 timeout None 1200.0
inception DTR 0.385 0 ok 1.1435781704677919 6.25
inception NbhdPenalty@b=0.25 0.385 0 ok 1.1515487760317908 6.22
inception TwoPhase@k=8 0.379 0 timeout None 1200.0
inception DTR 0.386 0 ok 1.1421648404543547 7.07
inception NbhdPenalty@b=0.25 0.386 0 ok 1.1492024959538296 6.24
inception TwoPhase@k=8 0.381 0 timeout None 1200.0
inception DTR 0.387 0 ok 1.1417295118383102 6.54
inception NbhdPenalty@b=0.25 0.387 0 ok 1.1492024959538296 6.1
inception TwoPhase@k=8 0.384 0 oom None 934.49
inception DTR 0.388 0 ok 1.1417295118383102 6.82
inception NbhdPenalty@b=0.25 0.388 0 ok 1.148032685427068 6.3
inception TwoPhase@k=8 0.382 0 timeout None 1200.0
inception DTR 0.389 0 ok 1.1417295118383102 6.81
inception NbhdPenalty@b=0.25 0.389 0 ok 1.148032685427068 6.17
inception TwoPhase@k=8 0.383 0 timeout None 1200.0
inception DTR 0.401 0 ok 1.1305599473874848 6.54
inception NbhdPenalty@b=0.25 0.401 0 ok 1.1522798750072516 4.41
inception TwoPhase@k=8 0.401 0 timeout None 27639.4
inception TwoPhase@k=8 0.389 0 timeout None 27703.0
inception TwoPhase@k=8 0.388 0 timeout None 27802.0
inception TwoPhase@k=8 0.387 0 timeout None 27851.4
inception TwoPhase@k=8 0.386 0 timeout None 27905.9
1566 points, 1083 to run
inception TwoPhase@k=8 0.386 0 oom None 960.52
inception DTR 0.402 0 ok 1.1283249050714663 7.35
inception NbhdPenalty@b=0.25 0.402 0 ok 1.1522798750072516 4.27
inception TwoPhase@k=8 0.389 0 oom None 1005.07
inception DTR 0.403 0 ok 1.1278895764554218 6.5
inception NbhdPenalty@b=0.25 0.403 0 ok 1.1518857622642704 5.64
inception TwoPhase@k=8 0.401 0 timeout None 1200.0
inception TwoPhase@k=8 0.387 0 timeout None 1200.0
inception TwoPhase@k=8 0.385 0 timeout None 1200.0
inception TwoPhase@k=8 0.388 0 timeout None 1200.0
inception NbhdPenalty@b=0.25 0.404 0 ok 1.1513972714413245 6.9
inception DTR 0.405 0 ok 1.1278895764554218 7.48
inception DTR 0.404 0 ok 1.1278895764554218 8.07
inception NbhdPenalty@b=0.25 0.405 0 ok 1.145204780957684 6.46
inception DTR 0.406 0 ok 1.12538736553125 7.18
inception NbhdPenalty@b=0.25 0.406 0 ok 1.1279361424885166 5.46
inception DTR 0.407 0 ok 1.12538736553125 6.73
inception NbhdPenalty@b=0.25 0.407 0 ok 1.1279361424885166 6.14
inception TwoPhase@k=8 0.402 0 timeout None 1200.0
inception DTR 0.408 0 ok 1.12538736553125 6.93
inception NbhdPenalty@b=0.25 0.408 0 ok 1.1274495874650299 5.47
inception TwoPhase@k=8 0.403 0 timeout None 1200.0
inception DTR 0.409 0 ok 1.12538736553125 6.99
inception NbhdPenalty@b=0.25 0.409 0 ok 1.1269507074326486 5.66
inception TwoPhase@k=8 0.404 0 timeout None 1200.0
inception TwoPhase@k=8 0.405 0 timeout None 1200.0
inception DTR 0.411 0 ok 1.12538736553125 7.66
inception NbhdPenalty@b=0.25 0.411 0 ok 1.126466594156207 6.41
inception TwoPhase@k=8 0.406 0 timeout None 1200.0
inception DTR 0.412 0 ok 1.1248857766366387 6.81
inception NbhdPenalty@b=0.25 0.412 0 ok 1.1257714363145366 6.39
inception DTR 0.413 0 ok 1.1249522270383667 7.44
inception TwoPhase@k=8 0.407 0 timeout None 1200.0
inception NbhdPenalty@b=0.25 0.413 0 ok 1.1278683078016234 5.83
inception DTR 0.414 0 ok 1.12456363886592 7.86
inception NbhdPenalty@b=0.25 0.414 0 ok 1.1255060495217946 6.09
inception TwoPhase@k=8 0.408 0 timeout None 1200.0
inception DTR 0.415 0 ok 1.1240620499713085 7.42
inception NbhdPenalty@b=0.25 0.415 0 ok 1.1250175586988487 6.12
inception TwoPhase@k=8 0.409 0 timeout None 1200.0
inception DTR 0.416 0 ok 1.1187671812120619 7.57
inception NbhdPenalty@b=0.25 0.416 0 ok 1.1250175586988487 6.12
inception TwoPhase@k=8 0.411 0 timeout None 1200.0
inception DTR 0.417 0 ok 1.1187671812120619 7.54
inception TwoPhase@k=8 0.412 0 timeout None 1200.0
inception NbhdPenalty@b=0.25 0.417 0 ok 1.1245865133533608 5.9
inception DTR 0.418 0 ok 1.118332199845758 7.12
inception TwoPhase@k=8 0.413 0 timeout None 1200.0
inception NbhdPenalty@b=0.25 0.418 0 ok 1.1245865133533608 5.64
inception DTR 0.419 0 ok 1.118332199845758 7.48
inception NbhdPenalty@b=0.25 0.419 0 ok 1.124099958329874 5.99
inception TwoPhase@k=8 0.414 0 timeout None 1200.0
inception DTR 0.421 0 ok 1.118332199845758 7.6
inception NbhdPenalty@b=0.25 0.421 0 ok 1.1236158450534324 6.62
inception TwoPhase@k=8 0.421 0 oom None 933.33
inception TwoPhase@k=8 0.415 0 timeout None 1200.0
inception NbhdPenalty@b=0.25 0.422 0 ok 1.1236158450534324 6.0
inception DTR 0.422 0 ok 1.118332199845758 7.43
inception DTR 0.423 0 ok 1.118332199845758 7.6
inception NbhdPenalty@b=0.25 0.423 0 ok 1.122920687211762 6.29
inception TwoPhase@k=8 0.416 0 timeout None 1200.0
inception DTR 0.424 0 ok 1.11730951950549 7.61
inception NbhdPenalty@b=0.25 0.424 0 ok 1.122920687211762 6.02
inception TwoPhase@k=8 0.417 0 oom None 1111.48
inception DTR 0.425 0 ok 1.1160388934228025 7.47
inception NbhdPenalty@b=0.25 0.425 0 ok 1.122479834025183 6.4
inception TwoPhase@k=8 0.418 0 oom None 1191.38
inception DTR 0.426 0 ok 1.1156483380255808 7.27
inception NbhdPenalty@b=0.25 0.426 0 ok 1.120388928634319 6.26
inception TwoPhase@k=8 0.419 0 timeout None 1200.0
inception DTR 0.427 0 ok 1.1152095793363062 7.42
inception NbhdPenalty@b=0.25 0.427 0 ok 1.120388928634319 6.09
inception TwoPhase@k=8 0.424 0 oom None 647.77
inception DTR 0.428 0 ok 1.1152095793363062 7.0
inception NbhdPenalty@b=0.25 0.428 0 ok 1.1199523885723466 6.13
inception TwoPhase@k=8 0.423 0 ok 7.610777889369598 722.19
inception DTR 0.429 0 ok 1.1146471148910069 7.34
inception NbhdPenalty@b=0.25 0.429 0 ok 1.1199523885723466 5.98
inception TwoPhase@k=8 0.422 0 oom None 821.27
inception DTR 0.431 0 ok 1.115231036542 7.25
inception TwoPhase@k=8 0.425 0 ok 7.677090355958497 693.09
inception NbhdPenalty@b=0.25 0.431 0 ok 1.1195301595992333 5.63
inception TwoPhase@k=8 0.431 0 ok 1.227277774107039 1.59
inception DTR 0.432 0 ok 1.115231036542 6.39
inception NbhdPenalty@b=0.25 0.432 0 ok 1.1190460463227918 5.94
inception DTR 0.433 0 ok 1.115231036542 7.28
inception NbhdPenalty@b=0.25 0.433 0 ok 1.1190460463227918 5.69
inception TwoPhase@k=8 0.427 0 ok 6.057699892101649 603.42
inception DTR 0.434 0 ok 1.115231036542 7.44
inception NbhdPenalty@b=0.25 0.434 0 ok 1.1183508884811213 5.71
inception TwoPhase@k=8 0.426 0 oom None 843.45
inception DTR 0.435 0 ok 1.115231036542 8.16
inception NbhdPenalty@b=0.25 0.435 0 ok 1.1183508884811213 5.66
inception TwoPhase@k=8 0.428 0 oom None 561.69
inception DTR 0.436 0 ok 1.115231036542 7.04
inception NbhdPenalty@b=0.25 0.436 0 ok 1.1179100352945421 5.65
inception TwoPhase@k=8 0.429 0 oom None 815.1
inception DTR 0.437 0 ok 1.1147288348537285 6.84
inception NbhdPenalty@b=0.25 0.437 0 ok 1.1175218556512023 5.76
inception TwoPhase@k=8 0.436 0 ok 6.8010559254962075 546.66
inception DTR 0.438 0 ok 1.1147288348537285 7.57
inception NbhdPenalty@b=0.25 0.438 0 ok 1.1175218556512023 6.05
inception TwoPhase@k=8 0.437 0 oom None 429.24
inception DTR 0.439 0 ok 1.1147288348537285 6.74
inception NbhdPenalty@b=0.25 0.439 0 ok 1.1170853155892297 5.25
inception TwoPhase@k=8 0.432 0 timeout None 1200.0
inception DTR 0.441 0 ok 1.1137271387681504 6.66
inception NbhdPenalty@b=0.25 0.441 0 ok 1.116508950155444 5.22
inception TwoPhase@k=8 0.433 0 timeout None 1200.0
inception DTR 0.442 0 ok 1.1137271387681504 6.66
inception NbhdPenalty@b=0.25 0.442 0 ok 1.116508950155444 5.32
inception TwoPhase@k=8 0.434 0 timeout None 1200.0
inception DTR 0.443 0 ok 1.1137271387681504 6.69
inception NbhdPenalty@b=0.25 0.443 0 ok 1.116508950155444 5.47
inception TwoPhase@k=8 0.435 0 timeout None 1200.0
inception DTR 0.444 0 ok 1.1137271387681504 6.51
inception NbhdPenalty@b=0.25 0.444 0 ok 1.116508950155444 5.45
inception TwoPhase@k=8 0.438 0 ok 6.277354066839142 547.4
inception DTR 0.445 0 ok 1.1137271387681504 6.67
inception NbhdPenalty@b=0.25 0.445 0 ok 1.1155077270208698 5.35
inception TwoPhase@k=8 0.443 0 ok 5.473149521098376 422.01
inception DTR 0.446 0 ok 1.1137271387681504 6.56
inception NbhdPenalty@b=0.25 0.446 0 ok 1.1155077270208698 5.29
inception TwoPhase@k=8 0.446 0 ok 1.1900015043455845 1.43
inception DTR 0.447 0 ok 1.1137271387681504 6.78
inception NbhdPenalty@b=0.25 0.447 0 ok 1.1155077270208698 5.4
inception TwoPhase@k=8 0.442 0 ok 5.811682339500883 482.35
inception DTR 0.448 0 ok 1.1137271387681504 6.51
inception TwoPhase@k=8 0.447 0 ok 1.214810722784764 23.89
inception TwoPhase@k=8 0.448 0 ok 1.1837381089216878 1.42
inception NbhdPenalty@b=0.25 0.448 0 ok 1.1145117299163292 5.2
inception DTR 0.449 0 ok 1.1093984523449878 6.13
inception NbhdPenalty@b=0.25 0.449 0 ok 1.1145117299163292 5.24
inception TwoPhase@k=8 0.449 0 ok 1.1892711438650474 1.52
inception TwoPhase@k=8 0.441 0 ok 7.907733222027378 618.75
transformer NbhdPenalty@b=0.25 0.121 0 oom None 150.91
inception TwoPhase@k=8 0.444 0 ok 6.078221603851616 492.44
transformer DTR 0.121 0 oom None 317.15
transformer NbhdPenalty@b=0.25 0.122 0 oom None 119.83
transformer DTR 0.122 0 oom None 309.37
transformer TwoPhase@k=8 0.121 0 oom None 519.87
transformer DTR 0.123 0 oom None 288.29
transformer NbhdPenalty@b=0.25 0.123 0 oom None 173.95
inception TwoPhase@k=8 0.439 0 timeout None 1200.0
inception TwoPhase@k=8 0.445 0 oom None 916.85
transformer NbhdPenalty@b=0.25 0.124 0 oom None 156.01
transformer TwoPhase@k=8 0.122 0 oom None 521.23
transformer NbhdPenalty@b=0.25 0.125 0 oom None 83.12
transformer DTR 0.124 0 oom None 346.14
transformer DTR 0.125 0 ok 5.800724767390302 238.04
transformer DTR 0.126 0 ok 4.5786781271052925 160.11
transformer NbhdPenalty@b=0.25 0.126 0 ok 3.952078222446218 81.81
transformer TwoPhase@k=8 0.125 0 oom None 233.41
transformer TwoPhase@k=8 0.123 0 ok 9.312165805148194 502.57
transformer NbhdPenalty@b=0.25 0.127 0 ok 4.363703126714536 83.3
transformer TwoPhase@k=8 0.124 0 oom None 500.33
transformer DTR 0.127 0 ok 4.3829083208757655 156.93
transformer TwoPhase@k=8 0.126 0 ok 2.654633520548632 211.57
transformer NbhdPenalty@b=0.25 0.128 0 ok 4.245300167793919 83.69
transformer TwoPhase@k=8 0.127 0 ok 2.4981378858959506 183.97
transformer DTR 0.128 0 ok 4.279107841066806 148.84
transformer NbhdPenalty@b=0.25 0.129 0 ok 3.8072801962684903 76.08
transformer DTR 0.129 0 ok 4.22426459060801 140.81
transformer NbhdPenalty@b=0.25 0.131 0 ok 3.7140017257276554 74.65
transformer TwoPhase@k=8 0.131 0 ok 1.9886552667557564 87.59
transformer DTR 0.131 0 ok 3.7984793356214217 151.85
transformer TwoPhase@k=8 0.129 0 ok 2.465989712600183 193.46
transformer NbhdPenalty@b=0.25 0.132 0 ok 3.5324742403615437 78.83
transformer TwoPhase@k=8 0.128 0 ok 4.681405114744484 308.62
transformer DTR 0.132 0 ok 3.515538451838538 143.93
transformer NbhdPenalty@b=0.25 0.133 0 ok 3.759287134189721 90.42
transformer TwoPhase@k=8 0.132 0 ok 2.2126127579977286 171.61
transformer DTR 0.133 0 ok 3.339911615152554 137.36
transformer NbhdPenalty@b=0.25 0.134 0 ok 3.3707982445669 90.55
transformer TwoPhase@k=8 0.134 0 ok 1.8577460382683189 75.91
transformer TwoPhase@k=8 0.133 0 ok 2.2635979747101054 170.75
transformer DTR 0.134 0 ok 3.3561113772903597 140.34
transformer NbhdPenalty@b=0.25 0.135 0 ok 3.3256645777027347 87.24
transformer DTR 0.135 0 ok 3.312242027066777 131.76
transformer NbhdPenalty@b=0.25 0.136 0 ok 3.299733039037647 99.27
transformer DTR 0.136 0 ok 3.543604613260222 142.3
transformer DTR 0.137 0 ok 3.2078207243099937 100.36
transformer NbhdPenalty@b=0.25 0.137 0 ok 3.267974608534007 97.51
transformer TwoPhase@k=8 0.136 0 ok 2.3206777160564163 177.75
transformer TwoPhase@k=8 0.135 0 ok 4.542048603079953 214.32
transformer NbhdPenalty@b=0.25 0.138 0 ok 3.443205968680462 99.32
transformer DTR 0.138 0 ok 3.062023230668535 106.9
transformer TwoPhase@k=8 0.137 0 ok 2.103905685386283 167.86
transformer DTR 0.139 0 ok 3.0933109617761105 97.15
transformer NbhdPenalty@b=0.25 0.139 0 ok 3.400438457202343 104.76
transformer NbhdPenalty@b=0.25 0.151 0 ok 1.9833035013164706 32.12
transformer NbhdPenalty@b=0.25 0.152 0 ok 1.9093738039082568 16.28
transformer TwoPhase@k=8 0.139 0 ok 1.8888821218925342 93.29
transformer TwoPhase@k=8 0.151 0 ok 1.598259627398072 54.06
transformer DTR 0.151 0 ok 2.8526853256658846 98.19
transformer NbhdPenalty@b=0.25 0.153 0 ok 1.8523376846515525 14.37
transformer TwoPhase@k=8 0.138 0 ok 2.19214370328946 177.65
transformer TwoPhase@k=8 0.152 0 ok 1.6160087067243876 57.25
transformer NbhdPenalty@b=0.25 0.154 0 ok 1.8094311949551651 28.68
transformer DTR 0.152 0 ok 2.8498809693586296 103.04
transformer TwoPhase@k=8 0.153 0 ok 1.5936482972482378 58.81
transformer NbhdPenalty@b=0.25 0.155 0 ok 1.768395738525452 26.15
transformer DTR 0.153 0 ok 2.8017580473126684 94.03
transformer TwoPhase@k=8 0.154 0 ok 1.5847950727186495 50.59
transformer DTR 0.154 0 ok 2.7985773921134434 96.14
transformer NbhdPenalty@b=0.25 0.156 0 ok 1.7838151861470868 28.24
transformer TwoPhase@k=8 0.155 0 ok 1.5800351248497073 54.85
transformer NbhdPenalty@b=0.25 0.157 0 ok 1.839741123042317 29.12
transformer TwoPhase@k=8 0.156 0 ok 1.5696541353614255 54.82
transformer NbhdPenalty@b=0.25 0.158 0 ok 1.7529080795805625 23.9
transformer TwoPhase@k=8 0.157 0 ok 1.5863796611411753 52.99
transformer DTR 0.155 0 ok 2.8203101480979895 130.23
transformer DTR 0.156 0 ok 2.7831020911317035 94.06
transformer NbhdPenalty@b=0.25 0.159 0 ok 1.7500120231325722 10.02
unet DTR 0.331 0 oom None 0.13
unet NbhdPenalty@b=0.25 0.331 0 oom None 0.1
unet TwoPhase@k=8 0.331 0 oom None 0.12
unet DTR 0.332 0 oom None 0.12
unet NbhdPenalty@b=0.25 0.332 0 oom None 0.1
unet TwoPhase@k=8 0.332 0 oom None 0.1
unet DTR 0.333 0 oom None 0.12
unet NbhdPenalty@b=0.25 0.333 0 oom None 0.1
unet TwoPhase@k=8 0.333 0 oom None 0.06
unet DTR 0.334 0 oom None 0.12
unet NbhdPenalty@b=0.25 0.334 0 oom None 0.1
unet TwoPhase@k=8 0.334 0 oom None 0.07
unet DTR 0.335 0 oom None 0.13
unet NbhdPenalty@b=0.25 0.335 0 oom None 0.11
unet TwoPhase@k=8 0.335 0 ok 1.4989829219418092 0.07
unet DTR 0.336 0 oom None 0.13
unet NbhdPenalty@b=0.25 0.336 0 oom None 0.1
unet TwoPhase@k=8 0.336 0 ok 1.4992272529869235 0.06
unet DTR 0.337 0 oom None 0.12
unet NbhdPenalty@b=0.25 0.337 0 oom None 0.11
unet TwoPhase@k=8 0.337 0 oom None 0.06
unet DTR 0.338 0 oom None 0.13
unet NbhdPenalty@b=0.25 0.338 0 oom None 0.11
unet TwoPhase@k=8 0.338 0 oom None 0.14
unet DTR 0.339 0 oom None 0.13
unet NbhdPenalty@b=0.25 0.339 0 oom None 0.11
unet TwoPhase@k=8 0.339 0 oom None 0.11
unet DTR 0.351 0 oom None 0.12
unet NbhdPenalty@b=0.25 0.351 0 oom None 0.11
unet TwoPhase@k=8 0.351 0 ok 1.4489282088985957 0.11
unet DTR 0.352 0 oom None 0.14
unet NbhdPenalty@b=0.25 0.352 0 oom None 0.13
unet TwoPhase@k=8 0.352 0 ok 1.4272041942307567 0.12
unet DTR 0.353 0 oom None 0.12
unet NbhdPenalty@b=0.25 0.353 0 oom None 0.1
unet TwoPhase@k=8 0.353 0 oom None 0.13
unet DTR 0.354 0 oom None 0.12
unet NbhdPenalty@b=0.25 0.354 0 oom None 0.1
unet TwoPhase@k=8 0.354 0 ok 1.4220157342466322 0.11
unet DTR 0.355 0 oom None 0.13
unet NbhdPenalty@b=0.25 0.355 0 oom None 0.1
unet TwoPhase@k=8 0.355 0 ok 1.4254224352635532 0.11
unet DTR 0.356 0 oom None 0.13
unet NbhdPenalty@b=0.25 0.356 0 oom None 0.12
unet TwoPhase@k=8 0.356 0 oom None 0.12
unet DTR 0.357 0 oom None 0.12
unet NbhdPenalty@b=0.25 0.357 0 oom None 0.12
unet TwoPhase@k=8 0.357 0 oom None 0.12
unet DTR 0.358 0 oom None 0.12
unet NbhdPenalty@b=0.25 0.358 0 oom None 0.12
unet TwoPhase@k=8 0.358 0 oom None 0.12
unet DTR 0.359 0 oom None 0.12
unet NbhdPenalty@b=0.25 0.359 0 oom None 0.12
unet TwoPhase@k=8 0.359 0 ok 1.413097180136886 0.11
unet DTR 0.381 0 oom None 0.14
unet NbhdPenalty@b=0.25 0.381 0 oom None 0.1
unet TwoPhase@k=8 0.381 0 ok 1.4474613542179586 0.11
unet DTR 0.382 0 oom None 0.14
unet NbhdPenalty@b=0.25 0.382 0 oom None 0.1
unet TwoPhase@k=8 0.382 0 oom None 0.14
unet DTR 0.383 0 oom None 0.14
unet NbhdPenalty@b=0.25 0.383 0 ok 1.4147648971201163 0.08
unet TwoPhase@k=8 0.383 0 oom None 0.1
unet DTR 0.384 0 oom None 0.14
unet NbhdPenalty@b=0.25 0.384 0 ok 1.4147648971201163 0.08
unet TwoPhase@k=8 0.384 0 ok 1.452311499604947 0.1
transformer DTR 0.157 0 ok 2.735900879839919 93.49
unet DTR 0.385 0 oom None 0.12
unet NbhdPenalty@b=0.25 0.385 0 ok 1.4147648971201163 0.1
unet TwoPhase@k=8 0.385 0 oom None 0.09
unet DTR 0.386 0 oom None 0.13
unet NbhdPenalty@b=0.25 0.386 0 ok 1.3971578233448867 0.07
unet TwoPhase@k=8 0.386 0 oom None 0.08
unet DTR 0.387 0 oom None 0.12
unet NbhdPenalty@b=0.25 0.387 0 ok 1.3971578233448867 0.08
unet TwoPhase@k=8 0.387 0 oom None 0.1
unet DTR 0.388 0 oom None 0.15
unet NbhdPenalty@b=0.25 0.388 0 ok 1.4041923276063581 0.07
unet TwoPhase@k=8 0.388 0 oom None 0.14
unet DTR 0.389 0 oom None 0.15
unet NbhdPenalty@b=0.25 0.389 0 ok 1.4041923276063581 0.09
unet TwoPhase@k=8 0.389 0 oom None 0.15
unet NbhdPenalty@b=0.25 0.391 0 ok 1.3949646999625702 0.07
unet DTR 0.391 0 oom None 0.14
unet TwoPhase@k=8 0.391 0 ok 1.422164657363616 0.07
unet DTR 0.392 0 oom None 0.14
unet NbhdPenalty@b=0.25 0.392 0 oom None 0.12
unet TwoPhase@k=8 0.392 0 ok 1.4833207303616234 0.09
unet DTR 0.393 0 oom None 0.16
unet NbhdPenalty@b=0.25 0.393 0 oom None 0.14
unet TwoPhase@k=8 0.393 0 ok 1.4148974238301781 0.08
unet DTR 0.394 0 oom None 0.14
unet NbhdPenalty@b=0.25 0.394 0 oom None 0.14
unet TwoPhase@k=8 0.394 0 oom None 0.14
unet DTR 0.395 0 oom None 0.14
unet NbhdPenalty@b=0.25 0.395 0 oom None 0.15
unet TwoPhase@k=8 0.395 0 oom None 0.1
unet DTR 0.396 0 oom None 0.13
unet NbhdPenalty@b=0.25 0.396 0 oom None 0.12
unet TwoPhase@k=8 0.396 0 ok 1.489926028748523 0.11
unet DTR 0.397 0 oom None 0.14
unet NbhdPenalty@b=0.25 0.397 0 ok 1.318839242734393 0.07
unet TwoPhase@k=8 0.397 0 ok 1.4983155488948665 0.09
unet DTR 0.398 0 oom None 0.14
unet NbhdPenalty@b=0.25 0.398 0 oom None 0.12
unet TwoPhase@k=8 0.398 0 ok 1.4930779709087814 0.09
unet DTR 0.399 0 oom None 0.14
unet NbhdPenalty@b=0.25 0.399 0 oom None 0.12
unet TwoPhase@k=8 0.399 0 ok 1.492599667708676 0.1
unet DTR 0.401 0 oom None 0.11
unet NbhdPenalty@b=0.25 0.401 0 oom None 0.13
unet TwoPhase@k=8 0.401 0 ok 1.4492691471046297 0.1
unet DTR 0.402 0 oom None 0.1
unet NbhdPenalty@b=0.25 0.402 0 oom None 0.13
unet TwoPhase@k=8 0.402 0 ok 1.4491131802180477 0.1
unet DTR 0.403 0 oom None 0.11
unet NbhdPenalty@b=0.25 0.403 0 ok 1.3651135650936619 0.07
unet TwoPhase@k=8 0.403 0 ok 1.4377698761968125 0.1
unet DTR 0.404 0 oom None 0.1
unet NbhdPenalty@b=0.25 0.404 0 ok 1.363511548607161 0.07
unet TwoPhase@k=8 0.404 0 ok 1.4339817778002124 0.1
unet DTR 0.405 0 oom None 0.1
unet NbhdPenalty@b=0.25 0.405 0 ok 1.363511548607161 0.07
unet TwoPhase@k=8 0.405 0 oom None 0.15
unet DTR 0.406 0 oom None 0.1
unet NbhdPenalty@b=0.25 0.406 0 ok 1.363511548607161 0.08
unet TwoPhase@k=8 0.406 0 ok 1.3476515295644471 0.09
unet DTR 0.407 0 oom None 0.1
unet NbhdPenalty@b=0.25 0.407 0 ok 1.363511548607161 0.07
unet TwoPhase@k=8 0.407 0 ok 1.3911735391573352 0.07
unet DTR 0.408 0 oom None 0.13
unet NbhdPenalty@b=0.25 0.408 0 ok 1.363511548607161 0.07
unet TwoPhase@k=8 0.408 0 ok 1.4576965257895287 0.11
unet DTR 0.409 0 oom None 0.14
unet NbhdPenalty@b=0.25 0.409 0 ok 1.4265849076617863 0.1
unet TwoPhase@k=8 0.409 0 ok 1.3980811016415218 0.07
unet DTR 0.421 0 ok 1.2820665474399537 0.07
unet NbhdPenalty@b=0.25 0.421 0 ok 1.292985803206561 0.07
unet TwoPhase@k=8 0.421 0 oom None 0.08
unet DTR 0.422 0 ok 1.2815882442398483 0.07
unet NbhdPenalty@b=0.25 0.422 0 ok 1.2925075000064556 0.07
unet TwoPhase@k=8 0.422 0 ok 1.3819481836231797 0.08
unet DTR 0.423 0 oom None 0.12
unet NbhdPenalty@b=0.25 0.423 0 ok 1.2925075000064556 0.08
unet TwoPhase@k=8 0.423 0 ok 1.3819481836231797 0.08
unet DTR 0.424 0 oom None 0.11
unet NbhdPenalty@b=0.25 0.424 0 ok 1.2925075000064556 0.07
unet TwoPhase@k=8 0.424 0 ok 1.4054421510181812 0.09
unet DTR 0.425 0 oom None 0.11
unet NbhdPenalty@b=0.25 0.425 0 ok 1.2925075000064556 0.08
unet TwoPhase@k=8 0.425 0 oom None 0.06
unet DTR 0.426 0 ok 1.3272302309070814 0.07
unet NbhdPenalty@b=0.25 0.426 0 ok 1.3951401394489942 0.1
unet TwoPhase@k=8 0.426 0 oom None 0.11
unet DTR 0.427 0 ok 1.3272302309070814 0.08
unet NbhdPenalty@b=0.25 0.427 0 ok 1.3458790267445728 0.06
unet TwoPhase@k=8 0.427 0 ok 1.3795727630726873 0.11
unet DTR 0.428 0 ok 1.3272302309070814 0.07
unet NbhdPenalty@b=0.25 0.428 0 ok 1.343344919208606 0.08
unet TwoPhase@k=8 0.428 0 ok 1.3795727630726873 0.1
unet DTR 0.429 0 ok 1.3272302309070814 0.07
unet NbhdPenalty@b=0.25 0.429 0 ok 1.4038057473355459 0.11
unet TwoPhase@k=8 0.429 0 ok 1.3795727630726873 0.09
unet DTR 0.431 0 ok 1.3272302309070814 0.07
unet NbhdPenalty@b=0.25 0.431 0 ok 1.4022032713728807 0.11
unet TwoPhase@k=8 0.431 0 ok 1.3795727630726873 0.1
unet NbhdPenalty@b=0.25 0.432 0 ok 1.3219763621935918 0.09
unet DTR 0.432 0 oom None 0.52
unet TwoPhase@k=8 0.432 0 ok 2.826515437622605 0.29
unet NbhdPenalty@b=0.25 0.433 0 ok 1.3219763621935918 0.07
unet TwoPhase@k=8 0.433 0 ok 1.3575064777179378 0.08
unet DTR 0.433 0 oom None 0.49
unet NbhdPenalty@b=0.25 0.434 0 ok 1.3214980589934864 0.07
unet TwoPhase@k=8 0.434 0 ok 1.3454819244695988 0.07
unet DTR 0.434 0 oom None 0.48
unet NbhdPenalty@b=0.25 0.435 0 ok 1.3214980589934864 0.07
unet TwoPhase@k=8 0.435 0 ok 2.829010531037463 0.28
unet DTR 0.435 0 oom None 0.47
unet DTR 0.436 0 ok 1.3232624336800145 0.07
unet NbhdPenalty@b=0.25 0.436 0 ok 1.3191212301485506 0.07
unet TwoPhase@k=8 0.436 0 ok 1.3450909263354673 0.07
unet DTR 0.437 0 ok 1.3232624336800145 0.07
unet NbhdPenalty@b=0.25 0.437 0 ok 1.3214980589934864 0.07
unet TwoPhase@k=8 0.437 0 ok 1.3489110617076212 0.07
unet DTR 0.438 0 ok 1.3232624336800145 0.07
unet NbhdPenalty@b=0.25 0.438 0 ok 1.3214980589934864 0.07
unet TwoPhase@k=8 0.438 0 ok 1.3489110617076212 0.07
unet DTR 0.439 0 ok 1.3232624336800145 0.07
unet NbhdPenalty@b=0.25 0.439 0 ok 1.3214980589934864 0.07
unet TwoPhase@k=8 0.439 0 ok 1.3452789301976034 0.07
unet DTR 0.461 0 ok 1.282551731295619 0.07
unet NbhdPenalty@b=0.25 0.461 0 ok 1.2678198502947626 0.06
unet DTR 0.462 0 ok 1.282551731295619 0.07
unet TwoPhase@k=8 0.461 0 ok 1.3707696937020695 0.1
unet NbhdPenalty@b=0.25 0.462 0 ok 1.2678198502947626 0.07
unet TwoPhase@k=8 0.462 0 ok 1.3707696937020695 0.1
unet DTR 0.463 0 ok 1.282551731295619 0.07
unet NbhdPenalty@b=0.25 0.463 0 ok 1.2678198502947626 0.07
unet TwoPhase@k=8 0.463 0 ok 1.3707696937020695 0.1
unet DTR 0.464 0 ok 1.282551731295619 0.07
unet NbhdPenalty@b=0.25 0.464 0 ok 1.2678198502947626 0.06
unet TwoPhase@k=8 0.464 0 ok 1.3707696937020695 0.1
unet DTR 0.465 0 ok 1.2702412827883454 0.07
unet NbhdPenalty@b=0.25 0.465 0 ok 1.2678198502947626 0.07
unet TwoPhase@k=8 0.465 0 ok 1.3707696937020695 0.1
unet DTR 0.466 0 ok 1.2801847352405986 0.08
unet NbhdPenalty@b=0.25 0.466 0 ok 1.2678198502947626 0.07
unet TwoPhase@k=8 0.466 0 ok 1.3337272537358698 0.08
unet DTR 0.467 0 ok 1.2438822632579158 0.06
unet NbhdPenalty@b=0.25 0.467 0 ok 1.2201797189555228 0.07
unet TwoPhase@k=8 0.467 0 ok 1.370062989495465 0.11
unet DTR 0.468 0 ok 1.2438822632579158 0.08
unet NbhdPenalty@b=0.25 0.468 0 ok 1.2201797189555228 0.07
unet TwoPhase@k=8 0.468 0 ok 1.370062989495465 0.1
unet DTR 0.469 0 ok 1.2438822632579158 0.08
unet NbhdPenalty@b=0.25 0.469 0 ok 1.2201797189555228 0.07
unet TwoPhase@k=8 0.469 0 ok 1.3273224179073007 0.07
transformer TwoPhase@k=8 0.158 0 ok 1.5617460705858042 51.24
transformer TwoPhase@k=8 0.159 0 ok 1.5347499697729434 48.1
transformer DTR 0.159 0 ok 2.6014141477133075 88.83
transformer DTR 0.158 0 ok 2.719076005303108 123.11
treelstm DTR 0.051 0 timeout None 1200.0
treelstm NbhdPenalty@b=0.25 0.051 0 timeout None 1200.0
treelstm TwoPhase@k=8 0.051 0 timeout None 1200.0
treelstm DTR 0.052 0 timeout None 1200.0
treelstm NbhdPenalty@b=0.25 0.052 0 timeout None 1200.0
treelstm TwoPhase@k=8 0.052 0 timeout None 1200.0
treelstm DTR 0.053 0 timeout None 1200.0
treelstm NbhdPenalty@b=0.25 0.053 0 timeout None 1200.0
treelstm TwoPhase@k=8 0.053 0 timeout None 1200.0
treelstm DTR 0.054 0 timeout None 1200.0
treelstm NbhdPenalty@b=0.25 0.054 0 timeout None 1200.0
treelstm TwoPhase@k=8 0.054 0 timeout None 1200.0
treelstm DTR 0.055 0 timeout None 1200.0
treelstm NbhdPenalty@b=0.25 0.055 0 timeout None 1200.0
treelstm TwoPhase@k=8 0.055 0 timeout None 1200.0
treelstm DTR 0.056 0 timeout None 1200.0
treelstm NbhdPenalty@b=0.25 0.056 0 timeout None 1200.0
treelstm TwoPhase@k=8 0.056 0 timeout None 1200.0
treelstm DTR 0.057 0 timeout None 1200.0
treelstm NbhdPenalty@b=0.25 0.057 0 timeout None 1200.0
treelstm TwoPhase@k=8 0.057 0 timeout None 1200.0
treelstm DTR 0.058 0 timeout None 1200.0
treelstm NbhdPenalty@b=0.25 0.058 0 timeout None 1200.0
treelstm TwoPhase@k=8 0.058 0 timeout None 1200.0
treelstm DTR 0.059 0 timeout None 1200.0
treelstm NbhdPenalty@b=0.25 0.059 0 timeout None 1200.0
treelstm TwoPhase@k=8 0.059 0 timeout None 1200.0
treelstm DTR 0.061 0 timeout None 1200.0
treelstm NbhdPenalty@b=0.25 0.061 0 timeout None 1200.0
treelstm TwoPhase@k=8 0.061 0 timeout None 1200.0
treelstm DTR 0.062 0 timeout None 1200.0
treelstm NbhdPenalty@b=0.25 0.062 0 timeout None 1200.0
treelstm TwoPhase@k=8 0.062 0 timeout None 1200.0
treelstm DTR 0.063 0 timeout None 1200.0
treelstm NbhdPenalty@b=0.25 0.063 0 timeout None 1200.0
treelstm TwoPhase@k=8 0.063 0 timeout None 1200.0
treelstm DTR 0.064 0 timeout None 1200.0
treelstm NbhdPenalty@b=0.25 0.064 0 timeout None 1200.0
treelstm TwoPhase@k=8 0.064 0 timeout None 1200.0
treelstm DTR 0.065 0 timeout None 1200.0
treelstm NbhdPenalty@b=0.25 0.065 0 timeout None 1200.0
treelstm TwoPhase@k=8 0.065 0 timeout None 1200.0
treelstm NbhdPenalty@b=0.25 0.066 0 ok 5.39188894045203 99.04
treelstm DTR 0.066 0 timeout None 1200.0
treelstm TwoPhase@k=8 0.066 0 timeout None 1200.0
treelstm DTR 0.067 0 timeout None 1200.0
treelstm NbhdPenalty@b=0.25 0.067 0 timeout None 1200.0
treelstm TwoPhase@k=8 0.067 0 timeout None 1200.0
treelstm DTR 0.068 0 timeout None 1200.0
treelstm NbhdPenalty@b=0.25 0.068 0 ok 5.665202461942103 113.46
treelstm NbhdPenalty@b=0.25 0.069 0 ok 4.267807877129833 71.21
treelstm NbhdPenalty@b=0.25 0.091 0 ok 3.774166000862538 53.16
treelstm TwoPhase@k=8 0.068 0 timeout None 1200.0
treelstm DTR 0.069 0 timeout None 1200.0
treelstm TwoPhase@k=8 0.069 0 timeout None 1200.0
treelstm NbhdPenalty@b=0.25 0.092 0 ok 4.523364371806625 69.88
treelstm DTR 0.091 0 timeout None 1200.0
treelstm TwoPhase@k=8 0.091 0 timeout None 1200.0
treelstm DTR 0.092 0 timeout None 1200.0
treelstm DTR 0.094 0 ok 3.9547146268947864 59.33
treelstm NbhdPenalty@b=0.25 0.094 0 ok 3.900059906602733 54.48
treelstm NbhdPenalty@b=0.25 0.093 0 ok 6.085530954489075 154.27
treelstm NbhdPenalty@b=0.25 0.095 0 ok 3.6883479790323075 53.68
treelstm TwoPhase@k=8 0.092 0 timeout None 1200.0
treelstm DTR 0.093 0 timeout None 1200.0
treelstm DTR 0.096 0 ok 3.0066615989530563 42.98
treelstm TwoPhase@k=8 0.093 0 timeout None 1200.0
treelstm NbhdPenalty@b=0.25 0.096 0 ok 3.9573538886242123 55.32
treelstm NbhdPenalty@b=0.25 0.097 0 ok 3.9377562911560156 53.33
treelstm TwoPhase@k=8 0.094 0 timeout None 1200.0
treelstm DTR 0.095 0 timeout None 1200.0
treelstm TwoPhase@k=8 0.095 0 timeout None 1200.0
treelstm NbhdPenalty@b=0.25 0.098 0 ok 4.877564181365675 85.76
treelstm TwoPhase@k=8 0.096 0 timeout None 1200.0
treelstm DTR 0.097 0 timeout None 1200.0
treelstm NbhdPenalty@b=0.25 0.099 0 ok 3.253463099932898 47.37
treelstm TwoPhase@k=8 0.097 0 timeout None 1200.0
treelstm DTR 0.098 0 timeout None 1200.0
treelstm NbhdPenalty@b=0.25 0.101 0 ok 3.853854430756476 54.09
treelstm DTR 0.102 0 ok 3.6816761635393984 39.92
treelstm TwoPhase@k=8 0.098 0 timeout None 1200.0
treelstm NbhdPenalty@b=0.25 0.102 0 ok 3.5677132259922186 49.74
treelstm DTR 0.099 0 timeout None 1200.0
treelstm DTR 0.103 0 ok 3.6935905993624814 43.21
treelstm NbhdPenalty@b=0.25 0.103 0 ok 3.5454429202831363 43.5
treelstm DTR 0.104 0 ok 3.2543886553682415 43.0
treelstm NbhdPenalty@b=0.25 0.104 0 ok 3.577682909011911 41.08
treelstm TwoPhase@k=8 0.099 0 timeout None 1200.0
treelstm DTR 0.101 0 timeout None 1200.0
treelstm NbhdPenalty@b=0.25 0.105 0 ok 3.7098651572767842 53.88
treelstm TwoPhase@k=8 0.101 0 timeout None 1200.0
treelstm TwoPhase@k=8 0.102 0 timeout None 1200.0
treelstm TwoPhase@k=8 0.103 0 timeout None 1200.0
treelstm NbhdPenalty@b=0.25 0.106 0 ok 4.144407695147613 72.06
treelstm DTR 0.107 0 ok 2.5267032465823225 19.38
treelstm NbhdPenalty@b=0.25 0.107 0 ok 3.4465579356819767 39.38
treelstm TwoPhase@k=8 0.104 0 timeout None 1200.0
treelstm DTR 0.105 0 timeout None 1200.0
treelstm NbhdPenalty@b=0.25 0.108 0 ok 3.9158521044063646 46.04
treelstm TwoPhase@k=8 0.105 0 timeout None 1200.0
treelstm DTR 0.106 0 timeout None 1200.0
treelstm DTR 0.109 0 ok 1.9915012248394675 21.59
treelstm NbhdPenalty@b=0.25 0.109 0 ok 3.4110201873183907 44.05
treelstm TwoPhase@k=8 0.106 0 timeout None 1200.0
treelstm NbhdPenalty@b=0.25 0.111 0 ok 3.964424622236177 55.09
treelstm TwoPhase@k=8 0.107 0 timeout None 1200.0
treelstm DTR 0.112 0 ok 2.6257023891897155 21.44
treelstm DTR 0.108 0 timeout None 1200.0
treelstm NbhdPenalty@b=0.25 0.112 0 ok 2.8731278377456113 39.86
treelstm DTR 0.113 0 ok 2.548301078225896 21.58
treelstm NbhdPenalty@b=0.25 0.113 0 ok 4.074416828120087 63.51
treelstm TwoPhase@k=8 0.108 0 timeout None 1200.0
treelstm DTR 0.114 0 ok 2.1659360692590774 23.52
treelstm TwoPhase@k=8 0.109 0 timeout None 1200.0
treelstm NbhdPenalty@b=0.25 0.114 0 ok 3.2025050573947116 45.17
treelstm DTR 0.111 0 timeout None 1200.0
treelstm DTR 0.115 0 ok 2.212634835502753 23.17
treelstm NbhdPenalty@b=0.25 0.115 0 ok 3.674221151919101 43.5
treelstm DTR 0.116 0 ok 2.625068714737376 21.44
treelstm NbhdPenalty@b=0.25 0.116 0 ok 2.8980218106444093 41.19
treelstm TwoPhase@k=8 0.111 0 timeout None 1200.0
treelstm DTR 0.117 0 ok 2.1124344153747323 20.51
treelstm TwoPhase@k=8 0.112 0 timeout None 1200.0
treelstm NbhdPenalty@b=0.25 0.117 0 ok 2.9575209966907705 40.01
treelstm DTR 0.118 0 ok 2.0819579292350165 17.49
treelstm NbhdPenalty@b=0.25 0.118 0 ok 2.764923069869879 37.5
treelstm TwoPhase@k=8 0.113 0 timeout None 1200.0
treelstm DTR 0.119 0 ok 2.1020359530577633 19.01
treelstm NbhdPenalty@b=0.25 0.119 0 ok 2.8634905615936512 40.44
treelstm TwoPhase@k=8 0.114 0 timeout None 1200.0
treelstm DTR 0.161 0 ok 1.9131912725818314 13.88
treelstm NbhdPenalty@b=0.25 0.161 0 ok 2.181529646240813 37.17
treelstm TwoPhase@k=8 0.115 0 timeout None 1200.0
treelstm DTR 0.162 0 ok 1.9157024499411957 13.94
treelstm NbhdPenalty@b=0.25 0.162 0 ok 2.371462832228016 34.2
treelstm TwoPhase@k=8 0.116 0 timeout None 1200.0
treelstm DTR 0.163 0 ok 2.3846408158385946 28.14
treelstm NbhdPenalty@b=0.25 0.163 0 ok 2.4329112029480204 38.79
treelstm TwoPhase@k=8 0.117 0 timeout None 1200.0
treelstm DTR 0.164 0 ok 2.3757546835988235 28.08
treelstm NbhdPenalty@b=0.25 0.164 0 ok 2.433674696341363 34.96
treelstm TwoPhase@k=8 0.118 0 timeout None 1200.0
treelstm DTR 0.165 0 ok 5.751134201911294 101.25
treelstm TwoPhase@k=8 0.119 0 timeout None 1200.0
treelstm NbhdPenalty@b=0.25 0.165 0 ok 2.5450040987330396 40.84
treelstm DTR 0.166 0 ok 1.9191214967518042 15.02
treelstm NbhdPenalty@b=0.25 0.166 0 ok 2.5289201776346713 39.84
treelstm TwoPhase@k=8 0.166 0 ok 1.515908463853019 14.19
treelstm DTR 0.167 0 ok 1.91695315858397 14.42
treelstm NbhdPenalty@b=0.25 0.167 0 ok 2.433592615448477 37.81
treelstm TwoPhase@k=8 0.161 0 timeout None 1200.0
treelstm DTR 0.168 0 ok 2.549290621900284 29.73
treelstm TwoPhase@k=8 0.162 0 timeout None 1200.0
treelstm NbhdPenalty@b=0.25 0.168 0 ok 2.424436255314634 37.0
treelstm TwoPhase@k=8 0.168 0 ok 1.511511907472641 13.17
treelstm DTR 0.169 0 ok 2.3777041670502364 25.29
treelstm NbhdPenalty@b=0.25 0.169 0 ok 2.467426384394266 34.57
treelstm DTR 0.171 0 ok 2.53983650482063 31.57
treelstm TwoPhase@k=8 0.163 0 timeout None 1200.0
treelstm NbhdPenalty@b=0.25 0.171 0 ok 2.53928738447716 34.61
treelstm DTR 0.172 0 ok 1.9058823715903772 19.02
treelstm NbhdPenalty@b=0.25 0.172 0 ok 2.3836691573334856 32.07
treelstm TwoPhase@k=8 0.172 0 ok 1.5047533800314135 14.07
treelstm DTR 0.173 0 ok 1.8925062983183825 18.51
treelstm TwoPhase@k=8 0.164 0 timeout None 1200.0
treelstm NbhdPenalty@b=0.25 0.173 0 ok 2.3619766214362494 30.87
treelstm DTR 0.174 0 ok 1.8898058535411955 18.22
treelstm NbhdPenalty@b=0.25 0.174 0 ok 2.441117648958894 32.54
treelstm TwoPhase@k=8 0.165 0 timeout None 1200.0
treelstm DTR 0.175 0 ok 1.8868146730957889 18.96
treelstm NbhdPenalty@b=0.25 0.175 0 ok 2.4054792290856306 31.47
treelstm TwoPhase@k=8 0.167 0 timeout None 1200.0
treelstm DTR 0.176 0 ok 1.8790144237624202 20.98
treelstm NbhdPenalty@b=0.25 0.176 0 ok 2.3609526685220326 30.67
treelstm TwoPhase@k=8 0.169 0 timeout None 1200.0
treelstm DTR 0.177 0 ok 1.8879146317549047 12.89
treelstm NbhdPenalty@b=0.25 0.177 0 ok 2.3473886723321793 22.24
treelstm TwoPhase@k=8 0.171 0 timeout None 1200.0
treelstm DTR 0.178 0 ok 1.8923672338652784 12.28
treelstm NbhdPenalty@b=0.25 0.178 0 ok 2.322948758649741 20.31
treelstm TwoPhase@k=8 0.173 0 timeout None 1200.0
treelstm DTR 0.179 0 ok 1.87761224308971 13.73
treelstm NbhdPenalty@b=0.25 0.179 0 ok 2.404919817507866 26.92
treelstm TwoPhase@k=8 0.179 0 ok 1.6454329925617945 11.24
treelstm DTR 0.181 0 ok 1.870148757799884 13.78
treelstm TwoPhase@k=8 0.174 0 timeout None 1200.0
treelstm NbhdPenalty@b=0.25 0.181 0 ok 2.3442028132715627 21.36
treelstm DTR 0.182 0 ok 1.8717942265710839 12.09
treelstm NbhdPenalty@b=0.25 0.182 0 ok 2.3814833074685846 23.63
treelstm TwoPhase@k=8 0.182 0 ok 1.4941668039107885 10.63
treelstm DTR 0.183 0 ok 1.8830377154150373 12.36
treelstm TwoPhase@k=8 0.175 0 timeout None 1200.0
treelstm NbhdPenalty@b=0.25 0.183 0 ok 2.410332890555744 23.19
treelstm TwoPhase@k=8 0.183 0 ok 1.4963143355267052 9.9
treelstm DTR 0.184 0 ok 1.8830366447946953 12.26
treelstm NbhdPenalty@b=0.25 0.184 0 ok 2.3821635829536394 21.03
treelstm DTR 0.185 0 ok 1.841279745858301 11.47
treelstm NbhdPenalty@b=0.25 0.185 0 ok 2.332418910136378 21.24
treelstm TwoPhase@k=8 0.185 0 ok 1.5868454355869488 12.77
treelstm DTR 0.186 0 ok 1.8438227098526252 12.24
treelstm NbhdPenalty@b=0.25 0.186 0 ok 2.3165984363365824 21.72
treelstm TwoPhase@k=8 0.186 0 ok 1.5872397392493367 10.49
treelstm DTR 0.187 0 ok 1.8295128315590858 10.69
treelstm NbhdPenalty@b=0.25 0.187 0 ok 2.3558816047274345 20.74
treelstm TwoPhase@k=8 0.176 0 timeout None 1200.0
treelstm DTR 0.188 0 ok 1.7887401563928997 11.97
treelstm NbhdPenalty@b=0.25 0.188 0 ok 2.3551481384999624 22.26
treelstm TwoPhase@k=8 0.184 0 ok 9.2757778239371 369.28
treelstm DTR 0.189 0 ok 1.8438173235533852 10.75
treelstm NbhdPenalty@b=0.25 0.189 0 ok 2.368393363707524 20.8
treelstm TwoPhase@k=8 0.189 0 ok 1.6341179298431951 11.11
treelstm DTR 0.191 0 ok 1.5325521783007465 9.28
treelstm NbhdPenalty@b=0.25 0.191 0 ok 2.3045901261980863 19.28
treelstm TwoPhase@k=8 0.187 0 ok 17.870301939502614 672.17
treelstm DTR 0.192 0 ok 1.5662604107869 12.73
treelstm NbhdPenalty@b=0.25 0.192 0 ok 2.3793248787634504 20.82
treelstm TwoPhase@k=8 0.177 0 timeout None 1200.0
treelstm DTR 0.193 0 ok 1.5650759146176791 12.73
treelstm TwoPhase@k=8 0.188 0 ok 18.74495249815231 700.51
treelstm TwoPhase@k=8 0.193 0 ok 1.485382289310299 9.97
treelstm NbhdPenalty@b=0.25 0.193 0 ok 2.266163636667243 20.34
treelstm DTR 0.194 0 ok 1.5636941255277619 11.47
treelstm TwoPhase@k=8 0.194 0 ok 1.4847479094104474 8.99
treelstm NbhdPenalty@b=0.25 0.194 0 ok 2.333794673874603 21.21
treelstm DTR 0.195 0 ok 1.5909818063260748 12.37
treelstm TwoPhase@k=8 0.178 0 timeout None 1200.0
treelstm TwoPhase@k=8 0.195 0 ok 1.4826279483431826 8.55
treelstm NbhdPenalty@b=0.25 0.195 0 ok 2.286073639491357 19.95
treelstm DTR 0.196 0 ok 1.579626923170259 12.74
treelstm TwoPhase@k=8 0.196 0 ok 1.4766662031184896 8.42
treelstm DTR 0.197 0 ok 1.570257833264277 10.86
treelstm NbhdPenalty@b=0.25 0.196 0 ok 2.297362849633481 19.27
treelstm TwoPhase@k=8 0.197 0 ok 1.4696698153749248 9.73
treelstm NbhdPenalty@b=0.25 0.197 0 ok 2.277348747654719 20.95
treelstm DTR 0.198 0 ok 1.5756812058458327 11.92
treelstm DTR 0.199 0 ok 1.5295188618904074 7.59
treelstm TwoPhase@k=8 0.198 0 ok 1.472800923409215 9.83
treelstm NbhdPenalty@b=0.25 0.198 0 ok 2.145591651856972 18.46
treelstm DTR 0.201 0 ok 1.5291322517555932 9.0
treelstm NbhdPenalty@b=0.25 0.199 0 ok 2.140969020297401 20.85
treelstm TwoPhase@k=8 0.201 0 ok 1.4543765349500442 8.33
treelstm NbhdPenalty@b=0.25 0.201 0 ok 2.0713222373687796 16.86
treelstm DTR 0.202 0 ok 1.5713009328539123 11.2
treelstm NbhdPenalty@b=0.25 0.202 0 ok 1.9656488807469366 14.1
treelstm DTR 0.203 0 ok 1.5801055319600423 12.58
treelstm NbhdPenalty@b=0.25 0.203 0 ok 2.140655585818055 16.43
treelstm TwoPhase@k=8 0.203 0 ok 1.5206728986619171 6.71
treelstm DTR 0.204 0 ok 1.5213609423689884 7.99
treelstm TwoPhase@k=8 0.181 0 timeout None 1200.0
treelstm TwoPhase@k=8 0.204 0 ok 1.5068074937979545 10.25
treelstm NbhdPenalty@b=0.25 0.204 0 ok 2.059012709441972 15.34
treelstm DTR 0.205 0 ok 1.5718336038212748 9.96
treelstm NbhdPenalty@b=0.25 0.205 0 ok 2.035723438747553 16.86
treelstm DTR 0.206 0 ok 1.5160261158992832 7.38
treelstm NbhdPenalty@b=0.25 0.206 0 ok 1.9098426128341717 14.08
treelstm TwoPhase@k=8 0.206 0 ok 1.4364996733529036 8.29
treelstm DTR 0.207 0 ok 1.5584425003675797 12.51
treelstm NbhdPenalty@b=0.25 0.207 0 ok 1.9290845900617948 16.6
treelstm TwoPhase@k=8 0.207 0 ok 1.4345728140181748 7.95
treelstm DTR 0.208 0 ok 1.567059989895336 12.49
treelstm NbhdPenalty@b=0.25 0.208 0 ok 1.9861223867443856 19.4
treelstm TwoPhase@k=8 0.208 0 ok 1.4219820283179578 8.06
treelstm DTR 0.209 0 ok 1.5555509374102734 10.6
treelstm NbhdPenalty@b=0.25 0.209 0 ok 1.9833333128615231 18.51
treelstm TwoPhase@k=8 0.209 0 ok 1.4239843207401934 6.96
treelstm DTR 0.211 0 ok 1.6460995657663486 9.45
treelstm NbhdPenalty@b=0.25 0.211 0 ok 1.9965589930233067 18.34
treelstm TwoPhase@k=8 0.191 0 timeout None 1200.0
treelstm DTR 0.212 0 ok 1.6382593466068789 12.72
treelstm NbhdPenalty@b=0.25 0.212 0 ok 2.0378757259096396 24.39
treelstm TwoPhase@k=8 0.212 0 ok 1.4006793393147094 5.39
treelstm DTR 0.213 0 ok 1.6410625128412195 13.83
treelstm NbhdPenalty@b=0.25 0.213 0 ok 1.9858903526085607 22.38
treelstm TwoPhase@k=8 0.213 0 ok 1.4121450358256125 8.28
treelstm DTR 0.214 0 ok 1.648390510711797 12.76
treelstm NbhdPenalty@b=0.25 0.214 0 ok 2.0742230458381865 23.77
treelstm TwoPhase@k=8 0.192 0 timeout None 1200.0
treelstm DTR 0.215 0 ok 1.6430683739979284 14.26
treelstm NbhdPenalty@b=0.25 0.215 0 ok 2.02742519326689 21.76
treelstm TwoPhase@k=8 0.199 0 timeout None 1200.0
treelstm DTR 0.216 0 ok 1.635974709192127 14.02
treelstm TwoPhase@k=8 0.202 0 timeout None 1200.0
treelstm NbhdPenalty@b=0.25 0.216 0 ok 1.9123102184354317 27.2
treelstm TwoPhase@k=8 0.216 0 ok 1.430833560432103 5.11
treelstm DTR 0.217 0 ok 1.638849615288764 13.44
treelstm TwoPhase@k=8 0.217 0 ok 1.3973956886301415 5.34
treelstm NbhdPenalty@b=0.25 0.217 0 ok 1.741426530397003 28.35
treelstm DTR 0.218 0 ok 1.6411444443452208 14.47
treelstm NbhdPenalty@b=0.25 0.218 0 ok 1.7391620106854218 30.63
treelstm TwoPhase@k=8 0.205 0 timeout None 1200.0
treelstm DTR 0.219 0 ok 1.6413408409326076 13.75
treelstm TwoPhase@k=8 0.219 0 ok 1.382430208915708 5.89
treelstm DTR 0.221 0 ok 1.5985721393779706 13.91
treelstm NbhdPenalty@b=0.25 0.219 0 ok 1.7955202788273823 30.78
treelstm NbhdPenalty@b=0.25 0.221 0 ok 1.7459369875027566 28.73
treelstm DTR 0.222 0 ok 1.6338299578693467 15.0
treelstm NbhdPenalty@b=0.25 0.222 0 ok 1.7450723827324641 28.6
treelstm TwoPhase@k=8 0.211 0 timeout None 1200.0
treelstm DTR 0.223 0 ok 1.596570012943385 13.73
treelstm NbhdPenalty@b=0.25 0.223 0 ok 1.7542106917093783 29.73
treelstm TwoPhase@k=8 0.214 0 timeout None 1200.0
treelstm DTR 0.224 0 ok 1.6258198503501824 12.96
treelstm NbhdPenalty@b=0.25 0.224 0 ok 1.757453617324038 28.31
treelstm TwoPhase@k=8 0.215 0 timeout None 1200.0
treelstm DTR 0.225 0 ok 1.6023028943963664 13.35
treelstm NbhdPenalty@b=0.25 0.225 0 ok 1.7530906402452395 28.63
treelstm TwoPhase@k=8 0.218 0 timeout None 1200.0
treelstm DTR 0.226 0 ok 1.631626430319729 14.05
treelstm NbhdPenalty@b=0.25 0.226 0 ok 1.7519320132512588 27.99
treelstm TwoPhase@k=8 0.221 0 timeout None 1200.0
treelstm DTR 0.227 0 ok 1.60009155712782 13.68
treelstm NbhdPenalty@b=0.25 0.227 0 ok 1.714674408751161 27.94
treelstm TwoPhase@k=8 0.222 0 timeout None 1200.0
treelstm DTR 0.228 0 ok 1.5968321904364355 13.68
treelstm NbhdPenalty@b=0.25 0.228 0 ok 1.7304517091632121 29.44
treelstm TwoPhase@k=8 0.228 0 ok 1.3817402895481925 6.08
treelstm DTR 0.229 0 ok 1.6234032361549784 13.25
treelstm NbhdPenalty@b=0.25 0.229 0 ok 1.6933663002511425 27.01
treelstm TwoPhase@k=8 0.229 0 ok 1.3679129290535919 6.04
treelstm DTR 0.231 0 ok 1.617269660515087 12.24
treelstm NbhdPenalty@b=0.25 0.231 0 ok 1.6681208734017838 24.55
treelstm TwoPhase@k=8 0.223 0 timeout None 1200.0
treelstm TwoPhase@k=8 0.231 0 ok 1.3750538007470308 6.09
treelstm DTR 0.232 0 ok 1.628715480004912 12.99
treelstm TwoPhase@k=8 0.232 0 ok 1.3662016544785809 6.72
treelstm NbhdPenalty@b=0.25 0.232 0 ok 1.7592224315178944 26.86
treelstm DTR 0.233 0 ok 1.6319171493891838 13.1
treelstm TwoPhase@k=8 0.233 0 ok 1.3737764510864439 6.63
treelstm NbhdPenalty@b=0.25 0.233 0 ok 1.6150917116623222 20.38
treelstm DTR 0.234 0 ok 1.6075221270666666 13.31
treelstm TwoPhase@k=8 0.234 0 ok 1.3618249253229862 6.29
treelstm DTR 0.235 0 ok 1.6003171758409755 13.76
treelstm NbhdPenalty@b=0.25 0.234 0 ok 1.7212596616846358 24.65
treelstm NbhdPenalty@b=0.25 0.235 0 ok 1.6668193393406034 22.64
treelstm DTR 0.236 0 ok 1.602706875138745 13.37
treelstm NbhdPenalty@b=0.25 0.236 0 ok 1.8783594613939782 23.5
treelstm TwoPhase@k=8 0.236 0 ok 1.3531006310418883 6.65
treelstm DTR 0.237 0 ok 1.6071566803572175 13.1
treelstm NbhdPenalty@b=0.25 0.237 0 ok 1.8295967798130335 19.41
treelstm TwoPhase@k=8 0.237 0 ok 1.3503216326093759 6.52
treelstm DTR 0.238 0 ok 1.600878637366217 13.16
treelstm NbhdPenalty@b=0.25 0.238 0 ok 1.6885999233867404 25.39
treelstm TwoPhase@k=8 0.238 0 ok 1.3535877135011998 6.27
treelstm DTR 0.239 0 ok 1.5982075973012135 13.21
treelstm NbhdPenalty@b=0.25 0.239 0 ok 1.5201746286350009 17.25
treelstm TwoPhase@k=8 0.239 0 ok 1.3462339958442668 6.85
treelstm DTR 0.241 0 ok 1.6007072717164381 13.68
treelstm NbhdPenalty@b=0.25 0.241 0 ok 1.5617615645172582 18.22
treelstm TwoPhase@k=8 0.241 0 ok 1.3430749852860249 6.22
treelstm DTR 0.242 0 ok 1.612627849082568 13.93
treelstm NbhdPenalty@b=0.25 0.242 0 ok 1.5005765498026191 14.99
treelstm TwoPhase@k=8 0.242 0 ok 1.3491009511324723 6.16
treelstm DTR 0.243 0 ok 1.6111855906917845 13.8
treelstm NbhdPenalty@b=0.25 0.243 0 ok 1.524905633531205 15.72
treelstm TwoPhase@k=8 0.243 0 ok 1.3457177908517766 6.39
treelstm DTR 0.244 0 ok 1.6045917893943387 13.86
treelstm NbhdPenalty@b=0.25 0.244 0 ok 1.470131095054056 15.95
treelstm TwoPhase@k=8 0.244 0 ok 1.3414865581707205 6.07
treelstm DTR 0.245 0 ok 1.5389693272417637 20.02
treelstm NbhdPenalty@b=0.25 0.245 0 ok 1.317110051770552 11.1
treelstm TwoPhase@k=8 0.245 0 ok 1.3450903990319867 6.54
treelstm TwoPhase@k=8 0.224 0 timeout None 1200.0
treelstm DTR 0.246 0 ok 1.383695333585878 12.63
treelstm NbhdPenalty@b=0.25 0.246 0 ok 1.3078975712122705 10.39
treelstm TwoPhase@k=8 0.246 0 ok 1.3391375590447119 6.63
treelstm NbhdPenalty@b=0.25 0.247 0 ok 1.3158788964729384 11.46
treelstm DTR 0.247 0 ok 1.5405399355828489 19.19
treelstm TwoPhase@k=8 0.247 0 ok 1.3421594223072064 6.64
treelstm NbhdPenalty@b=0.25 0.248 0 ok 1.4895772951867599 16.14
treelstm DTR 0.248 0 ok 1.5417257347551216 19.33
treelstm DTR 0.249 0 ok 1.5647371089260422 19.11
treelstm NbhdPenalty@b=0.25 0.249 0 ok 1.5138915479188253 14.5
treelstm TwoPhase@k=8 0.225 0 timeout None 1200.0
unrollgan DTR 0.161 0 oom None 84.88
treelstm TwoPhase@k=8 0.226 0 timeout None 1200.0
treelstm TwoPhase@k=8 0.227 0 timeout None 1200.0
unrollgan TwoPhase@k=8 0.161 0 oom None 78.16
unrollgan DTR 0.162 0 oom None 71.05
unrollgan TwoPhase@k=8 0.162 0 oom None 113.53
treelstm TwoPhase@k=8 0.235 0 timeout None 1200.0
unrollgan DTR 0.163 0 oom None 74.63
unrollgan TwoPhase@k=8 0.163 0 oom None 228.36
unrollgan DTR 0.164 0 oom None 64.01
treelstm TwoPhase@k=8 0.249 0 ok 27.60647033802356 1112.12
treelstm TwoPhase@k=8 0.248 0 ok 28.872573638180054 1195.81
unrollgan TwoPhase@k=8 0.164 0 oom None 228.05
unrollgan DTR 0.165 0 oom None 217.49
unrollgan NbhdPenalty@b=0.25 0.162 0 oom None 959.63
unrollgan TwoPhase@k=8 0.165 0 oom None 112.13
unrollgan DTR 0.166 0 oom None 65.55
unrollgan NbhdPenalty@b=0.25 0.161 0 timeout None 1200.0
unrollgan TwoPhase@k=8 0.166 0 oom None 135.58
unrollgan DTR 0.167 0 oom None 171.51
unrollgan NbhdPenalty@b=0.25 0.163 0 oom None 978.34
unrollgan NbhdPenalty@b=0.25 0.164 0 oom None 687.44
unrollgan TwoPhase@k=8 0.167 0 oom None 163.44
unrollgan DTR 0.168 0 oom None 248.84
unrollgan TwoPhase@k=8 0.168 0 oom None 119.53
unrollgan DTR 0.169 0 oom None 284.71
unrollgan NbhdPenalty@b=0.25 0.168 0 oom None 540.11
unrollgan TwoPhase@k=8 0.169 0 oom None 119.73
unrollgan NbhdPenalty@b=0.25 0.165 0 oom None 1065.87
unrollgan TwoPhase@k=8 0.171 0 oom None 68.71
unrollgan DTR 0.171 0 oom None 300.5
unrollgan DTR 0.172 0 oom None 146.35
unrollgan NbhdPenalty@b=0.25 0.166 0 timeout None 1200.0
unrollgan TwoPhase@k=8 0.172 0 oom None 175.67
unrollgan NbhdPenalty@b=0.25 0.167 0 timeout None 1200.0
unrollgan TwoPhase@k=8 0.173 0 oom None 72.14
unrollgan DTR 0.173 0 oom None 277.04
unrollgan DTR 0.174 0 oom None 205.95
unrollgan NbhdPenalty@b=0.25 0.169 0 timeout None 1200.0
unrollgan NbhdPenalty@b=0.25 0.172 0 oom None 909.17
unrollgan TwoPhase@k=8 0.174 0 oom None 349.99
unrollgan NbhdPenalty@b=0.25 0.171 0 timeout None 1200.0
unrollgan DTR 0.175 0 oom None 592.72
unrollgan TwoPhase@k=8 0.175 0 oom None 351.86
unrollgan DTR 0.176 0 oom None 274.94
unrollgan TwoPhase@k=8 0.176 0 oom None 131.64
unrollgan NbhdPenalty@b=0.25 0.173 0 timeout None 1200.0
unrollgan TwoPhase@k=8 0.177 0 oom None 147.82
unrollgan NbhdPenalty@b=0.25 0.174 0 timeout None 1200.0
unrollgan DTR 0.177 0 oom None 404.53
unrollgan DTR 0.178 0 oom None 99.34
unrollgan NbhdPenalty@b=0.25 0.175 0 oom None 865.69
unrollgan TwoPhase@k=8 0.178 0 oom None 351.17
unrollgan TwoPhase@k=8 0.179 0 oom None 50.61
unrollgan NbhdPenalty@b=0.25 0.177 0 oom None 881.4
unrollgan NbhdPenalty@b=0.25 0.179 0 oom None 578.32
unrollgan DTR 0.211 0 oom None 300.72
unrollgan DTR 0.179 0 oom None 693.31
unrollgan NbhdPenalty@b=0.25 0.176 0 timeout None 1200.0
unrollgan TwoPhase@k=8 0.212 0 oom None 258.48
unrollgan TwoPhase@k=8 0.211 0 oom None 346.96
unrollgan DTR 0.212 0 oom None 327.04
unrollgan NbhdPenalty@b=0.25 0.178 0 timeout None 1200.0
unrollgan TwoPhase@k=8 0.213 0 oom None 284.23
unrollgan DTR 0.213 0 oom None 428.04
unrollgan DTR 0.214 0 oom None 299.61
unrollgan TwoPhase@k=8 0.214 0 oom None 344.64
unrollgan DTR 0.215 0 oom None 347.86
unrollgan NbhdPenalty@b=0.25 0.211 0 timeout None 1200.0
unrollgan NbhdPenalty@b=0.25 0.212 0 timeout None 1200.0
unrollgan NbhdPenalty@b=0.25 0.215 0 oom None 319.85
unrollgan DTR 0.216 0 oom None 346.95
unrollgan NbhdPenalty@b=0.25 0.214 0 oom None 907.43
unrollgan NbhdPenalty@b=0.25 0.213 0 timeout None 1200.0
unrollgan TwoPhase@k=8 0.216 0 oom None 244.4
unrollgan TwoPhase@k=8 0.215 0 oom None 623.6
unrollgan DTR 0.217 0 oom None 439.3
unrollgan TwoPhase@k=8 0.217 0 oom None 546.78
unrollgan DTR 0.218 0 oom None 473.83
unrollgan NbhdPenalty@b=0.25 0.216 0 oom None 953.47
unrollgan NbhdPenalty@b=0.25 0.218 0 oom None 583.08
unrollgan TwoPhase@k=8 0.219 0 oom None 351.37
unrollgan NbhdPenalty@b=0.25 0.221 0 ok 6.418506081040401 98.75
unrollgan TwoPhase@k=8 0.218 0 oom None 771.93
unrollgan DTR 0.219 0 oom None 592.11
unrollgan NbhdPenalty@b=0.25 0.217 0 timeout None 1200.0
unrollgan DTR 0.221 0 oom None 460.64
unrollgan TwoPhase@k=8 0.222 0 ok 2.2856384464887567 43.25
unrollgan NbhdPenalty@b=0.25 0.223 0 ok 3.868876258826351 62.06
unrollgan DTR 0.222 0 oom None 246.56
unrollgan TwoPhase@k=8 0.221 0 oom None 533.8
unrollgan NbhdPenalty@b=0.25 0.219 0 oom None 1107.36
unrollgan TwoPhase@k=8 0.223 0 oom None 390.59
unrollgan NbhdPenalty@b=0.25 0.224 0 ok 4.716832644385685 91.45
unrollgan NbhdPenalty@b=0.25 0.222 0 oom None 701.53
unrollgan NbhdPenalty@b=0.25 0.225 0 oom None 370.43
unrollgan DTR 0.225 0 oom None 487.18
unrollgan DTR 0.224 0 oom None 878.72
unrollgan DTR 0.223 0 oom None 1096.92
unrollgan TwoPhase@k=8 0.224 0 oom None 826.32
unrollgan TwoPhase@k=8 0.225 0 oom None 948.78
unrollgan TwoPhase@k=8 0.227 0 ok 4.358476369313691 70.15
unrollgan TwoPhase@k=8 0.226 0 oom None 811.37
unrollgan DTR 0.227 0 oom None 933.35
unrollgan DTR 0.226 0 timeout None 1200.0
unrollgan DTR 0.228 0 oom None 439.44
unrollgan NbhdPenalty@b=0.25 0.226 0 timeout None 1200.0
unrollgan NbhdPenalty@b=0.25 0.227 0 oom None 893.46
unrollgan DTR 0.231 0 ok 1.3602910231180458 50.37
unrollgan NbhdPenalty@b=0.25 0.228 0 oom None 652.41
unrollgan TwoPhase@k=8 0.228 0 oom None 683.71
unrollgan DTR 0.232 0 ok 1.3820219828898468 60.93
unrollgan DTR 0.229 0 oom None 991.34
unrollgan TwoPhase@k=8 0.229 0 oom None 1111.62
unrollgan NbhdPenalty@b=0.25 0.229 0 timeout None 1200.0
unrollgan DTR 0.233 0 ok 1.3624794708475214 61.11
unrollgan NbhdPenalty@b=0.25 0.231 0 timeout None 1200.0
unrollgan DTR 0.234 0 ok 1.3209576799163552 51.64
unrollgan TwoPhase@k=8 0.231 0 oom None 990.68
unrollgan NbhdPenalty@b=0.25 0.232 0 oom None 944.65
unrollgan DTR 0.235 0 ok 1.3807602121735083 54.91
unrollgan TwoPhase@k=8 0.232 0 timeout None 1200.0
unrollgan NbhdPenalty@b=0.25 0.234 0 oom None 912.54
unrollgan DTR 0.236 0 ok 1.3611615429605504 49.3
unrollgan NbhdPenalty@b=0.25 0.233 0 timeout None 1200.0
unrollgan TwoPhase@k=8 0.233 0 timeout None 1200.0
unrollgan TwoPhase@k=8 0.234 0 timeout None 1200.0
unrollgan NbhdPenalty@b=0.25 0.235 0 timeout None 1200.0
unrollgan TwoPhase@k=8 0.235 0 oom None 765.2
unrollgan TwoPhase@k=8 0.237 0 ok 3.73640870724862 70.58
unrollgan DTR 0.237 0 oom None 767.44
unrollgan TwoPhase@k=8 0.236 0 oom None 1009.3
unrollgan DTR 0.239 0 ok 1.3642277483907184 55.66
unrollgan NbhdPenalty@b=0.25 0.236 0 timeout None 1200.0
unrollgan DTR 0.238 0 oom None 795.77
unrollgan DTR 0.241 0 ok 1.3671302092361974 60.11
unrollgan NbhdPenalty@b=0.25 0.237 0 timeout None 1200.0
unrollgan TwoPhase@k=8 0.238 0 oom None 908.18
unrollgan NbhdPenalty@b=0.25 0.238 0 timeout None 1200.0
unrollgan DTR 0.242 0 ok 1.3668909374418923 59.35
unrollgan NbhdPenalty@b=0.25 0.239 0 timeout None 1200.0
unrollgan DTR 0.243 0 ok 1.3023083817498617 37.68
unrollgan TwoPhase@k=8 0.239 0 timeout None 1200.0
unrollgan NbhdPenalty@b=0.25 0.241 0 timeout None 1200.0
unrollgan TwoPhase@k=8 0.241 0 timeout None 1200.0
unrollgan DTR 0.244 0 ok 1.3052340069300261 42.97
unrollgan TwoPhase@k=8 0.244 0 ok 1.2783935178379766 45.44
unrollgan DTR 0.245 0 ok 1.2696672754199618 36.68
unrollgan NbhdPenalty@b=0.25 0.242 0 timeout None 1200.0
unrollgan TwoPhase@k=8 0.242 0 timeout None 1200.0
unrollgan TwoPhase@k=8 0.245 0 ok 1.2335494304303807 31.45
unrollgan DTR 0.246 0 ok 1.2696672754199618 37.8
unrollgan TwoPhase@k=8 0.246 0 ok 1.2334781917314532 34.01
unrollgan DTR 0.247 0 ok 1.285963432698365 49.84
unrollgan NbhdPenalty@b=0.25 0.246 0 ok 5.193745315569302 355.45
unrollgan TwoPhase@k=8 0.243 0 oom None 1046.88
unrollgan DTR 0.248 0 ok 1.2850050621564224 47.7
unrollgan NbhdPenalty@b=0.25 0.243 0 timeout None 1200.0
unrollgan TwoPhase@k=8 0.248 0 ok 1.2791060403378112 44.97
unrollgan NbhdPenalty@b=0.25 0.244 0 oom None 945.5
unrollgan DTR 0.249 0 ok 1.2749005657382575 44.31
unrollgan TwoPhase@k=8 0.249 0 ok 1.229614929125147 44.73
unrollgan NbhdPenalty@b=0.25 0.248 0 ok 3.749519202551916 192.64
unrollgan DTR 0.261 0 ok 1.268419191270263 47.73
unrollgan TwoPhase@k=8 0.261 0 ok 1.2230229302122924 43.31
unrollgan DTR 0.262 0 ok 1.268419191270263 44.85
unrollgan NbhdPenalty@b=0.25 0.249 0 ok 3.514797159382986 288.58
unrollgan TwoPhase@k=8 0.262 0 ok 1.225858345215019 40.72
unrollgan NbhdPenalty@b=0.25 0.245 0 timeout None 1200.0
unrollgan DTR 0.263 0 ok 1.2517786697720585 42.53
unrollgan TwoPhase@k=8 0.263 0 ok 1.2226874299774086 42.31
unrollgan DTR 0.264 0 ok 1.272873495144262 51.32
unrollgan NbhdPenalty@b=0.25 0.263 0 ok 3.8524092067883746 245.57
unrollgan TwoPhase@k=8 0.264 0 ok 1.226713201630938 26.07
unrollgan DTR 0.265 0 ok 1.2530354903673235 42.66
unrollgan NbhdPenalty@b=0.25 0.264 0 ok 3.4294222378904315 246.5
unrollgan NbhdPenalty@b=0.25 0.247 0 timeout None 1200.0
unrollgan TwoPhase@k=8 0.265 0 ok 1.221394595457812 40.82
unrollgan DTR 0.266 0 ok 1.2731565288784923 48.13
unrollgan TwoPhase@k=8 0.266 0 ok 1.2201105452110381 42.08
unrollgan DTR 0.267 0 ok 1.2503666258150152 41.37
unrollgan TwoPhase@k=8 0.247 0 timeout None 1200.0
unrollgan TwoPhase@k=8 0.267 0 ok 1.2362365251387195 40.35
unrollgan DTR 0.268 0 ok 1.2503666258150152 42.55
unrollgan NbhdPenalty@b=0.25 0.267 0 ok 3.749744891405304 243.1
unrollgan TwoPhase@k=8 0.268 0 ok 1.243122741392674 39.89
unrollgan DTR 0.269 0 ok 1.2600936296668712 44.32
unrollgan NbhdPenalty@b=0.25 0.261 0 timeout None 1200.0
unrollgan NbhdPenalty@b=0.25 0.268 0 ok 3.329548977729453 241.03
unrollgan TwoPhase@k=8 0.269 0 ok 1.2095073141307058 39.39
unrollgan DTR 0.271 0 ok 1.2671287640559226 46.11
unrollgan TwoPhase@k=8 0.271 0 ok 1.2396298450914214 47.07
unrollgan NbhdPenalty@b=0.25 0.262 0 timeout None 1200.0
unrollgan DTR 0.272 0 ok 1.2665408953295942 44.23
unrollgan TwoPhase@k=8 0.272 0 ok 1.2393918407194202 41.91
unrollgan DTR 0.273 0 ok 1.258698253508805 43.57
unrollgan NbhdPenalty@b=0.25 0.271 0 ok 3.401032153650929 242.69
unrollgan TwoPhase@k=8 0.273 0 ok 1.2298580749272485 43.49
unrollgan NbhdPenalty@b=0.25 0.272 0 ok 3.3315323421819896 241.53
unrollgan DTR 0.274 0 ok 1.2588556211259274 48.99
unrollgan TwoPhase@k=8 0.274 0 ok 1.2352964325800644 44.85
unrollgan DTR 0.275 0 ok 1.2826261264345258 52.64
unrollgan NbhdPenalty@b=0.25 0.273 0 ok 3.3881076346355012 262.59
unrollgan TwoPhase@k=8 0.275 0 ok 1.2355886491475903 45.67
unrollgan NbhdPenalty@b=0.25 0.265 0 timeout None 1200.0
unrollgan DTR 0.276 0 ok 1.2667961414276534 47.32
unrollgan NbhdPenalty@b=0.25 0.274 0 ok 3.2591618989069375 278.94
unrollgan TwoPhase@k=8 0.276 0 ok 1.2689260007676115 37.88
unrollgan NbhdPenalty@b=0.25 0.266 0 timeout None 1200.0
unrollgan DTR 0.277 0 ok 1.2566870137367931 48.92
unrollgan TwoPhase@k=8 0.277 0 ok 1.2285625381676455 45.89
unrollgan DTR 0.278 0 ok 1.2725146233232472 40.87
unrollgan TwoPhase@k=8 0.278 0 ok 1.2348767802869312 43.62
unrollgan DTR 0.279 0 ok 1.263237084087898 40.79
unrollgan NbhdPenalty@b=0.25 0.276 0 ok 3.2347047137595677 349.12
unrollgan NbhdPenalty@b=0.25 0.277 0 ok 3.5859791032990387 316.22
unrollgan TwoPhase@k=8 0.279 0 ok 1.2695083135609475 38.08
unrollgan DTR 0.281 0 ok 1.2534683748681572 37.81
unrollgan TwoPhase@k=8 0.281 0 ok 1.225957523003097 47.62
unrollgan DTR 0.282 0 ok 1.2534683748681572 41.33
unrollgan NbhdPenalty@b=0.25 0.279 0 ok 3.4211084816482473 292.11
unrollgan NbhdPenalty@b=0.25 0.269 0 timeout None 1200.0
unrollgan TwoPhase@k=8 0.282 0 ok 1.2433978756583313 42.71
unrollgan DTR 0.283 0 ok 1.2534195033829694 41.72
unrollgan TwoPhase@k=8 0.283 0 ok 1.188367610849253 35.96
unrollgan DTR 0.284 0 ok 1.20940148038273 42.11
unrollgan NbhdPenalty@b=0.25 0.281 0 ok 3.3444893279335406 310.07
unrollgan TwoPhase@k=8 0.284 0 ok 1.188367610849253 36.62
unrollgan NbhdPenalty@b=0.25 0.275 0 ok 8.333001467969963 873.86
unrollgan DTR 0.285 0 ok 1.217548319498861 42.83
unrollgan NbhdPenalty@b=0.25 0.282 0 ok 3.631857933406396 306.26
unrollgan TwoPhase@k=8 0.285 0 ok 1.2334826795223781 49.65
unrollgan DTR 0.286 0 ok 1.2083464110988507 41.1
unrollgan TwoPhase@k=8 0.286 0 ok 1.2237911395814016 38.72
unrollgan DTR 0.287 0 ok 1.2470822324395592 41.36
unrollgan NbhdPenalty@b=0.25 0.284 0 ok 4.069608969211259 351.9
unrollgan NbhdPenalty@b=0.25 0.278 0 ok 8.691801858976918 910.55
unrollgan TwoPhase@k=8 0.287 0 ok 1.1868645037953598 38.22
unrollgan DTR 0.288 0 ok 1.2080230350735528 44.55
unrollgan NbhdPenalty@b=0.25 0.286 0 ok 3.325819272737618 293.24
unrollgan TwoPhase@k=8 0.288 0 ok 1.1862444154404017 37.67
unrollgan DTR 0.289 0 ok 1.2072247264175295 41.41
unrollgan TwoPhase@k=8 0.289 0 ok 1.2180048944342041 40.91
unrollgan NbhdPenalty@b=0.25 0.283 0 ok 7.045501704216683 636.98
unrollgan NbhdPenalty@b=0.25 0.301 0 ok 1.1118959882791974 14.26
unrollgan NbhdPenalty@b=0.25 0.287 0 ok 3.14427079244352 293.61
unrollgan DTR 0.301 0 ok 1.1555601453779616 28.63
unrollgan NbhdPenalty@b=0.25 0.302 0 ok 1.1117138222294505 17.18
unrollgan TwoPhase@k=8 0.301 0 ok 1.1425508366075277 27.43
unrollgan DTR 0.302 0 ok 1.1547618367219383 32.92
unrollgan NbhdPenalty@b=0.25 0.303 0 ok 1.0949084800332802 11.86
unrollgan TwoPhase@k=8 0.302 0 ok 1.1433149726886038 29.07
unrollgan DTR 0.303 0 ok 1.1547618367219383 30.12
unrollgan TwoPhase@k=8 0.303 0 ok 1.1424926148936454 28.0
unrollgan DTR 0.304 0 ok 1.154582221459218 31.16
unrollgan TwoPhase@k=8 0.304 0 ok 1.1430526959838025 25.03
unrollgan DTR 0.305 0 ok 1.1553805301152413 27.37
unrollgan TwoPhase@k=8 0.305 0 ok 1.1433598585690625 26.6
unrollgan NbhdPenalty@b=0.25 0.289 0 ok 3.020629370509524 269.95
unrollgan DTR 0.306 0 ok 1.1553805301152413 28.12
unrollgan NbhdPenalty@b=0.25 0.306 0 ok 1.1401437465738247 17.36
unrollgan NbhdPenalty@b=0.25 0.288 0 ok 3.707204698753766 368.18
unrollgan TwoPhase@k=8 0.306 0 ok 1.1439831912062701 26.48
unrollgan NbhdPenalty@b=0.25 0.307 0 ok 1.1127521440022583 15.98
unrollgan DTR 0.307 0 ok 1.1525048764471701 30.16
unrollgan TwoPhase@k=8 0.307 0 ok 1.1417811206798307 27.68
unrollgan DTR 0.308 0 ok 1.1505495945655546 29.27
unrollgan TwoPhase@k=8 0.308 0 ok 1.1420364624324033 30.06
unrollgan DTR 0.309 0 ok 1.1513479032215779 30.4
unrollgan TwoPhase@k=8 0.309 0 ok 1.1422122196297457 25.97
unrollgan NbhdPenalty@b=0.25 0.304 0 ok 2.851804877514515 249.02
unrollgan NbhdPenalty@b=0.25 0.305 0 ok 2.845285568060709 242.57
unrollgan NbhdPenalty@b=0.25 0.285 0 ok 8.85428444975582 861.24
unrollgan NbhdPenalty@b=0.25 0.308 0 ok 2.8550566845857066 214.51
unrollgan NbhdPenalty@b=0.25 0.309 0 ok 2.855139983724544 201.24
REMAINING 0
