usage: run_protocol.py [-h] --stage {A,B} [--from SRC] [--workers WORKERS]
                       --out OUT [--deadline DEADLINE] [--min-start MIN_START]
                       [--deferred DEFERRED] [--only ONLY]
run_protocol.py: error: argument --stage: invalid choice: 'C' (choose from A, B)
usage: run_protocol.py [-h] --stage {A,B} [--from SRC] [--workers WORKERS]
                       --out OUT [--deadline DEADLINE] [--min-start MIN_START]
                       [--deferred DEFERRED] [--only ONLY]
run_protocol.py: error: argument --stage: invalid choice: 'C' (choose from A, B)
1440 points, 1440 to run
densenet NbhdPenalty@b=0.25 0.0531 0 oom None 0.01
densenet DTR 0.0531 0 oom None 0.01
densenet TwoPhase@k=8 0.0531 0 oom None 0.01
densenet DTR 0.0563 0 oom None 0.01
densenet NbhdPenalty@b=0.25 0.0563 0 oom None 0.01
densenet TwoPhase@k=8 0.0563 0 oom None 0.01
densenet DTR 0.0641 0 oom None 0.02
densenet NbhdPenalty@b=0.25 0.0641 0 oom None 0.02
densenet TwoPhase@k=8 0.0641 0 oom None 0.02
densenet NbhdPenalty@b=0.25 0.0616 0 oom None 0.01
densenet TwoPhase@k=8 0.0616 0 oom None 0.01
densenet DTR 0.0616 0 oom None 0.02
densenet TwoPhase@k=8 0.071 0 oom None 1.25
densenet NbhdPenalty@b=0.25 0.071 0 oom None 1.36
densenet DTR 0.071 0 oom None 1.5
densenet DTR 0.071 0 oom None 1.52
densenet TwoPhase@k=8 0.071 0 oom None 1.02
densenet NbhdPenalty@b=0.25 0.071 0 oom None 1.34
densenet TwoPhase@k=8 0.0864 0 oom None 6.81
densenet DTR 0.0852 0 oom None 17.36
densenet DTR 0.0864 0 oom None 18.89
densenet DTR 0.0947 0 oom None 17.09
densenet NbhdPenalty@b=0.25 0.0864 0 oom None 37.83
densenet NbhdPenalty@b=0.25 0.0852 0 oom None 35.52
densenet NbhdPenalty@b=0.25 0.0947 0 oom None 8.83
densenet NbhdPenalty@b=0.25 0.0988 0 oom None 23.72
densenet DTR 0.0988 0 oom None 31.97
densenet DTR 0.1014 0 oom None 20.59
densenet TwoPhase@k=8 0.0988 0 oom None 31.98
densenet NbhdPenalty@b=0.25 0.1014 0 oom None 17.98
densenet DTR 0.104 0 oom None 42.02
densenet TwoPhase@k=8 0.1014 0 oom None 94.8
densenet NbhdPenalty@b=0.25 0.104 0 oom None 39.6
densenet DTR 0.111 0 oom None 41.73
densenet TwoPhase@k=8 0.0947 0 oom None 210.78
densenet NbhdPenalty@b=0.25 0.111 0 oom None 38.9
densenet DTR 0.1124 0 oom None 37.61
densenet TwoPhase@k=8 0.0852 0 oom None 300.06
densenet TwoPhase@k=8 0.1124 0 oom None 23.71
densenet NbhdPenalty@b=0.25 0.1124 0 oom None 39.06
densenet DTR 0.1286 0 oom None 111.87
densenet TwoPhase@k=8 0.104 0 oom None 411.33
densenet TwoPhase@k=8 0.111 0 oom None 371.45
densenet DTR 0.126 0 oom None 87.17
densenet NbhdPenalty@b=0.25 0.126 0 oom None 87.11
densenet TwoPhase@k=8 0.126 0 oom None 28.42
densenet NbhdPenalty@b=0.25 0.1286 0 oom None 414.73
densenet DTR 0.1338 0 oom None 155.36
densenet NbhdPenalty@b=0.25 0.1338 0 oom None 141.33
densenet TwoPhase@k=8 0.1286 0 oom None 436.43
densenet DTR 0.1333 0 oom None 149.33
densenet DTR 0.1401 0 ok 1.7737120331898355 27.44
densenet NbhdPenalty@b=0.25 0.1401 0 ok 1.8884411569360962 50.39
densenet NbhdPenalty@b=0.25 0.1333 0 oom None 259.32
densenet DTR 0.1418 0 ok 1.7620673188232316 24.51
densenet NbhdPenalty@b=0.25 0.1418 0 ok 1.8751195119695476 45.11
densenet TwoPhase@k=8 0.1338 0 oom None 432.78
densenet DTR 0.1545 0 ok 1.7104311651303181 37.21
densenet NbhdPenalty@b=0.25 0.1545 0 ok 1.9177790945398854 33.15
densenet TwoPhase@k=8 0.1333 0 oom None 440.34
densenet DTR 0.1569 0 ok 1.7007138970277271 32.72
densenet NbhdPenalty@b=0.25 0.1569 0 ok 1.9032675536450778 27.17
densenet TwoPhase@k=8 0.1401 0 oom None 390.63
densenet DTR 0.1698 0 ok 1.6708114604499182 33.47
densenet NbhdPenalty@b=0.25 0.1698 0 ok 1.6910192915186903 19.29
densenet TwoPhase@k=8 0.1418 0 oom None 414.32
densenet DTR 0.1681 0 ok 1.6621745805520385 2.6
densenet NbhdPenalty@b=0.25 0.1681 0 ok 1.8594045625891467 21.06
densenet TwoPhase@k=8 0.1545 0 oom None 423.33
densenet DTR 0.1779 0 ok 1.681588466552438 36.1
densenet NbhdPenalty@b=0.25 0.1779 0 ok 1.8496537818808119 19.21
densenet TwoPhase@k=8 0.1569 0 oom None 645.91
densenet DTR 0.1726 0 ok 1.685885879149609 44.76
densenet NbhdPenalty@b=0.25 0.1726 0 ok 1.6680238967085594 18.73
densenet TwoPhase@k=8 0.1681 0 oom None 632.47
densenet DTR 0.1882 0 ok 1.6335099544569682 2.44
densenet NbhdPenalty@b=0.25 0.1882 0 ok 1.806838761275921 18.82
densenet TwoPhase@k=8 0.1698 0 oom None 776.22
densenet DTR 0.1802 0 ok 1.6785459992951293 26.87
densenet NbhdPenalty@b=0.25 0.1802 0 ok 1.843616742218965 20.97
densenet TwoPhase@k=8 0.1779 0 oom None 868.15
densenet DTR 0.1965 0 ok 1.6850835411535192 44.71
densenet NbhdPenalty@b=0.25 0.1965 0 ok 1.7754391412261792 19.3
densenet TwoPhase@k=8 0.1965 0 ok 1.5324427832839673 32.44
densenet DTR 0.1919 0 ok 1.6841720444355706 31.05
densenet NbhdPenalty@b=0.25 0.1919 0 ok 1.7754887079096222 19.34
densenet TwoPhase@k=8 0.1726 0 oom None 1006.18
densenet DTR 0.2067 0 ok 1.6196784574260439 2.44
densenet NbhdPenalty@b=0.25 0.2067 0 ok 1.662565901510485 19.4
densenet TwoPhase@k=8 0.1882 0 oom None 1006.77
densenet DTR 0.2009 0 ok 1.66679920193446 30.08
densenet NbhdPenalty@b=0.25 0.2009 0 ok 1.6717306774229739 17.43
densenet TwoPhase@k=8 0.2009 0 ok 1.5060907071151368 31.17
densenet DTR 0.2137 0 ok 1.6322305452245114 2.49
densenet NbhdPenalty@b=0.25 0.2137 0 ok 1.6476222852664377 19.78
densenet TwoPhase@k=8 0.1802 0 oom None 1182.31
densenet DTR 0.2127 0 ok 1.6406050434008932 32.51
densenet NbhdPenalty@b=0.25 0.2127 0 ok 1.7619970174991135 22.2
densenet TwoPhase@k=8 0.2127 0 ok 1.4881382206554172 25.81
densenet DTR 0.228 0 ok 1.6428259494239137 32.54
densenet NbhdPenalty@b=0.25 0.228 0 ok 1.614027075888785 20.1
densenet TwoPhase@k=8 0.228 0 ok 2.0353581773375526 56.02
densenet TwoPhase@k=8 0.1919 0 oom None 973.83
densenet NbhdPenalty@b=0.25 0.2299 0 ok 1.6054864247630884 14.99
densenet DTR 0.2299 0 ok 1.5553984256758966 33.14
densenet TwoPhase@k=8 0.2299 0 ok 1.5426316652497385 13.69
densenet NbhdPenalty@b=0.25 0.2355 0 ok 1.549717708295044 17.54
densenet TwoPhase@k=8 0.2355 0 ok 1.4569033659918231 2.27
densenet DTR 0.2355 0 ok 1.5938894701518276 35.35
densenet NbhdPenalty@b=0.25 0.2315 0 ok 1.6218511308527233 15.09
densenet DTR 0.2315 0 ok 1.6264688510081955 30.57
densenet DTR 0.2455 0 ok 1.5482653518384537 4.19
densenet TwoPhase@k=8 0.2315 0 ok 1.503634914511755 17.76
densenet NbhdPenalty@b=0.25 0.2455 0 ok 1.5702115687642813 15.88
densenet DTR 0.2416 0 ok 1.5794332657264523 4.56
densenet TwoPhase@k=8 0.2455 0 ok 1.479968372566283 20.1
densenet NbhdPenalty@b=0.25 0.2416 0 ok 1.593544555159914 18.75
densenet DTR 0.2508 0 ok 1.5302349985986456 4.09
densenet TwoPhase@k=8 0.2416 0 ok 1.458161376354584 20.48
densenet NbhdPenalty@b=0.25 0.2508 0 ok 1.531541857939763 18.82
densenet DTR 0.2579 0 ok 1.5574123877699226 4.01
densenet TwoPhase@k=8 0.2508 0 ok 1.526346931208446 27.28
densenet NbhdPenalty@b=0.25 0.2579 0 ok 1.5210903071704593 22.02
densenet DTR 0.2605 0 ok 1.509267027778339 4.09
densenet NbhdPenalty@b=0.25 0.2605 0 ok 1.524993513916189 15.33
densenet TwoPhase@k=8 0.2579 0 ok 1.8977795133419124 55.66
densenet DTR 0.269 0 ok 1.506960087209893 4.13
densenet TwoPhase@k=8 0.2605 0 ok 1.4738174598452447 34.26
densenet TwoPhase@k=8 0.269 0 ok 1.4382340413207868 3.29
densenet DTR 0.2789 0 ok 1.4148714151123474 3.18
densenet NbhdPenalty@b=0.25 0.269 0 ok 1.499502013993054 16.71
densenet TwoPhase@k=8 0.2789 0 ok 1.4506291262061597 2.83
densenet DTR 0.2752 0 ok 1.4716497765798138 4.99
densenet NbhdPenalty@b=0.25 0.2789 0 ok 1.4866343329736176 19.43
densenet TwoPhase@k=8 0.2752 0 ok 1.4136656536798822 2.57
densenet DTR 0.2805 0 ok 1.472623648906102 4.9
densenet NbhdPenalty@b=0.25 0.2752 0 ok 1.495713096856919 19.22
densenet NbhdPenalty@b=0.25 0.2805 0 ok 1.5012092373767074 19.11
densenet TwoPhase@k=8 0.2805 0 ok 1.475219379928699 22.07
densenet DTR 0.2817 0 ok 1.4705310460363061 4.65
densenet NbhdPenalty@b=0.25 0.2817 0 ok 1.4930540726892838 19.37
densenet TwoPhase@k=8 0.2817 0 ok 1.4997331122163706 18.16
densenet DTR 0.2934 0 ok 1.4496377840937076 5.98
densenet NbhdPenalty@b=0.25 0.2934 0 ok 1.487486558509542 21.58
densenet DTR 0.2978 0 ok 1.4192088728388141 3.08
densenet NbhdPenalty@b=0.25 0.2978 0 ok 1.4627511510441595 2.75
densenet TwoPhase@k=8 0.2934 0 ok 1.4066945504005441 22.72
densenet TwoPhase@k=8 0.2978 0 ok 1.3780788042436578 2.08
densenet DTR 0.3041 0 ok 1.412717373872619 3.53
densenet NbhdPenalty@b=0.25 0.3041 0 ok 1.4253867712711041 2.99
densenet TwoPhase@k=8 0.3041 0 ok 1.362681691264437 2.75
densenet DTR 0.3104 0 ok 1.410984867568213 3.62
densenet NbhdPenalty@b=0.25 0.3104 0 ok 1.4338489617509347 3.1
densenet TwoPhase@k=8 0.3104 0 ok 1.3890804041912401 2.22
densenet DTR 0.3224 0 ok 1.4136634921210336 3.67
densenet NbhdPenalty@b=0.25 0.3224 0 ok 1.4285985887835249 3.42
densenet DTR 0.3364 0 ok 1.4110466183509478 3.95
densenet NbhdPenalty@b=0.25 0.3364 0 ok 1.3491672875988385 3.55
densenet TwoPhase@k=8 0.3364 0 ok 1.365749863621961 2.03
densenet DTR 0.3418 0 ok 1.3894586544735235 2.93
densenet NbhdPenalty@b=0.25 0.3418 0 ok 1.2998138188569779 4.1
densenet TwoPhase@k=8 0.3418 0 ok 1.3178339497247304 3.39
densenet DTR 0.3576 0 ok 1.3662410778703264 3.14
densenet TwoPhase@k=8 0.2067 0 oom None 992.69
densenet TwoPhase@k=8 0.3576 0 ok 1.3542276488482352 2.53
densenet NbhdPenalty@b=0.25 0.3576 0 ok 1.2771326043738807 3.64
densenet DTR 0.3617 0 ok 1.3595009771202937 2.89
densenet NbhdPenalty@b=0.25 0.3617 0 ok 1.288973134018844 3.91
densenet TwoPhase@k=8 0.3224 0 ok 1.3610898382698027 35.2
densenet TwoPhase@k=8 0.3617 0 ok 1.286906666872315 3.41
densenet DTR 0.3717 0 ok 1.3267593245511373 4.23
densenet NbhdPenalty@b=0.25 0.3717 0 ok 1.2734502931811205 4.63
densenet TwoPhase@k=8 0.3717 0 ok 1.2811213390496807 3.15
densenet DTR 0.3814 0 ok 1.3120630745123671 3.98
densenet NbhdPenalty@b=0.25 0.3814 0 ok 1.243544056988148 5.01
densenet DTR 0.3928 0 ok 1.2686311765347926 3.54
densenet NbhdPenalty@b=0.25 0.3928 0 ok 1.242402145977612 4.11
densenet TwoPhase@k=8 0.3928 0 ok 1.2684707483389912 3.38
densenet NbhdPenalty@b=0.25 0.4005 0 ok 1.229334630531332 3.47
densenet DTR 0.4005 0 ok 1.2709258513825843 4.21
densenet DTR 0.4106 0 ok 1.2534915029628273 3.82
densenet TwoPhase@k=8 0.4005 0 ok 1.2562168599676318 3.95
densenet NbhdPenalty@b=0.25 0.4106 0 ok 1.2261475442918326 4.25
densenet TwoPhase@k=8 0.4106 0 ok 1.2507512993135868 4.88
densenet DTR 0.4221 0 ok 1.2092654769724465 3.52
densenet NbhdPenalty@b=0.25 0.4221 0 ok 1.2085817911070655 3.28
densenet TwoPhase@k=8 0.3814 0 ok 1.2937199904283472 29.93
densenet TwoPhase@k=8 0.4221 0 ok 1.2154121847860369 3.78
densenet DTR 0.4379 0 ok 1.2003639975036247 4.78
densenet NbhdPenalty@b=0.25 0.4379 0 ok 1.1985967711602117 5.06
densenet TwoPhase@k=8 0.4379 0 ok 1.2141048920073378 5.1
densenet DTR 0.4468 0 ok 1.193839872508557 5.3
densenet TwoPhase@k=8 0.4468 0 ok 1.2031297007924084 4.6
densenet NbhdPenalty@b=0.25 0.4468 0 ok 1.1894486657074375 6.79
densenet DTR 0.4509 0 ok 1.193276094054154 4.59
densenet NbhdPenalty@b=0.25 0.4509 0 ok 1.187706063684815 5.3
densenet TwoPhase@k=8 0.4509 0 ok 1.1990130119650726 4.49
densenet DTR 0.4607 0 ok 1.185380749866155 5.69
densenet TwoPhase@k=8 0.4607 0 ok 1.2042801539007384 4.37
densenet NbhdPenalty@b=0.25 0.4607 0 ok 1.1866711160629322 5.51
densenet DTR 0.4777 0 ok 1.1809587521095604 4.71
densenet NbhdPenalty@b=0.25 0.4777 0 ok 1.178567187075094 5.62
densenet TwoPhase@k=8 0.4777 0 ok 1.1906057948803366 5.78
densenet DTR 0.4858 0 ok 1.1797522701574792 5.37
densenet TwoPhase@k=8 0.4858 0 ok 1.1809804352467614 3.43
densenet NbhdPenalty@b=0.25 0.4858 0 ok 1.1767422741299065 5.29
densenet DTR 0.4911 0 ok 1.1792161247561703 5.02
densenet TwoPhase@k=8 0.4911 0 ok 1.1859622007528643 3.46
densenet NbhdPenalty@b=0.25 0.4911 0 ok 1.175515457200375 5.01
densenet DTR 0.5058 0 ok 1.174078316091618 5.12
densenet TwoPhase@k=8 0.5058 0 ok 1.1798624167792806 4.03
densenet NbhdPenalty@b=0.25 0.5058 0 ok 1.1708027663675178 4.88
densenet DTR 0.5181 0 ok 1.1739496920820016 6.15
densenet TwoPhase@k=8 0.5181 0 ok 1.1755232365606063 4.4
densenet NbhdPenalty@b=0.25 0.5181 0 ok 1.1702278845932472 5.26
densenet NbhdPenalty@b=0.25 0.5297 0 ok 1.1631245575207416 5.13
densenet DTR 0.5297 0 ok 1.1682807197337994 5.9
densenet TwoPhase@k=8 0.5297 0 ok 1.1690681153914417 5.89
densenet NbhdPenalty@b=0.25 0.5305 0 ok 1.1634305954132058 5.13
densenet TwoPhase@k=8 0.5305 0 ok 1.1740809561205243 5.19
densenet DTR 0.5305 0 ok 1.1682807197337994 6.21
densenet NbhdPenalty@b=0.25 0.5484 0 ok 1.1577546345876322 4.36
densenet TwoPhase@k=8 0.5484 0 ok 1.1649338160514546 4.42
densenet DTR 0.5484 0 ok 1.160194328080839 5.9
densenet NbhdPenalty@b=0.25 0.554 0 ok 1.156927841142537 4.92
densenet TwoPhase@k=8 0.554 0 ok 1.1609108285485858 4.56
densenet DTR 0.554 0 ok 1.161271240341308 6.67
densenet NbhdPenalty@b=0.25 0.561 0 ok 1.156651175682553 5.7
densenet TwoPhase@k=8 0.561 0 ok 1.1595762601620707 5.1
densenet DTR 0.561 0 ok 1.158107365528664 7.01
densenet TwoPhase@k=8 0.5725 0 ok 1.1620735501921 3.55
densenet NbhdPenalty@b=0.25 0.5725 0 ok 1.1506654533416545 4.97
densenet DTR 0.5725 0 ok 1.152898315487057 6.23
densenet DTR 0.586 0 ok 1.1491096995056054 5.57
densenet NbhdPenalty@b=0.25 0.586 0 ok 1.1465001012949256 4.9
densenet TwoPhase@k=8 0.586 0 ok 1.1506434943805381 5.16
densenet DTR 0.5973 0 ok 1.1426585777832168 4.18
inception DTR 0.0588 0 oom None 0.01
inception NbhdPenalty@b=0.25 0.0588 0 oom None 0.01
inception TwoPhase@k=8 0.0588 0 oom None 0.01
inception DTR 0.0571 0 oom None 0.01
inception NbhdPenalty@b=0.25 0.0571 0 oom None 0.01
densenet TwoPhase@k=8 0.5973 0 ok 1.148231236923343 4.18
inception TwoPhase@k=8 0.0571 0 oom None 0.01
densenet NbhdPenalty@b=0.25 0.5973 0 ok 1.151656100265258 5.36
inception DTR 0.0636 0 oom None 0.01
inception NbhdPenalty@b=0.25 0.0636 0 oom None 0.02
inception TwoPhase@k=8 0.0636 0 oom None 0.01
inception DTR 0.0689 0 oom None 0.01
inception TwoPhase@k=8 0.0689 0 oom None 0.01
inception NbhdPenalty@b=0.25 0.0689 0 oom None 0.02
inception DTR 0.0797 0 oom None 0.01
inception NbhdPenalty@b=0.25 0.0797 0 oom None 0.02
inception TwoPhase@k=8 0.0797 0 oom None 0.01
inception DTR 0.0705 0 oom None 0.01
inception NbhdPenalty@b=0.25 0.0705 0 oom None 0.01
inception TwoPhase@k=8 0.0705 0 oom None 0.01
inception DTR 0.0828 0 oom None 0.01
inception NbhdPenalty@b=0.25 0.0828 0 oom None 0.01
inception TwoPhase@k=8 0.0828 0 oom None 0.01
inception DTR 0.0813 0 oom None 0.01
inception NbhdPenalty@b=0.25 0.0813 0 oom None 0.01
inception TwoPhase@k=8 0.0813 0 oom None 0.01
inception TwoPhase@k=8 0.0957 0 oom None 1.22
inception DTR 0.0946 0 oom None 0.02
inception NbhdPenalty@b=0.25 0.0946 0 oom None 79.39
inception TwoPhase@k=8 0.0946 0 oom None 2.51
densenet TwoPhase@k=8 0.2137 0 oom None 999.2
inception NbhdPenalty@b=0.25 0.0957 0 oom None 138.09
inception TwoPhase@k=8 0.108 0 oom None 3.26
inception DTR 0.0957 0 oom None 168.01
inception DTR 0.1026 0 oom None 63.87
inception TwoPhase@k=8 0.1026 0 oom None 9.62
inception DTR 0.108 0 oom None 149.59
inception NbhdPenalty@b=0.25 0.108 0 oom None 130.69
inception NbhdPenalty@b=0.25 0.1026 0 oom None 124.64
inception DTR 0.1191 0 oom None 83.64
inception NbhdPenalty@b=0.25 0.1191 0 oom None 70.48
inception DTR 0.1143 0 oom None 83.16
inception TwoPhase@k=8 0.1143 0 oom None 92.11
inception NbhdPenalty@b=0.25 0.1143 0 oom None 115.97
inception NbhdPenalty@b=0.25 0.1266 0 oom None 70.07
inception DTR 0.1266 0 oom None 93.68
inception TwoPhase@k=8 0.1191 0 oom None 214.47
inception NbhdPenalty@b=0.25 0.1205 0 oom None 49.45
inception DTR 0.1205 0 oom None 68.5
inception DTR 0.136 0 oom None 32.25
inception TwoPhase@k=8 0.1205 0 oom None 91.8
inception TwoPhase@k=8 0.1266 0 oom None 158.7
inception NbhdPenalty@b=0.25 0.136 0 oom None 83.46
inception DTR 0.1304 0 oom None 68.5
inception NbhdPenalty@b=0.25 0.1304 0 oom None 72.66
inception DTR 0.1434 0 oom None 32.39
inception TwoPhase@k=8 0.136 0 oom None 136.42
inception DTR 0.1486 0 oom None 31.1
inception NbhdPenalty@b=0.25 0.1434 0 oom None 80.64
inception TwoPhase@k=8 0.1304 0 oom None 120.78
inception DTR 0.1589 0 oom None 39.72
inception NbhdPenalty@b=0.25 0.1486 0 oom None 89.37
inception TwoPhase@k=8 0.1434 0 oom None 191.07
inception NbhdPenalty@b=0.25 0.1589 0 oom None 95.34
inception DTR 0.1552 0 oom None 29.17
inception TwoPhase@k=8 0.1486 0 oom None 222.11
inception NbhdPenalty@b=0.25 0.1552 0 oom None 99.68
inception DTR 0.1684 0 oom None 25.67
inception NbhdPenalty@b=0.25 0.1684 0 oom None 25.91
inception TwoPhase@k=8 0.1589 0 oom None 199.62
inception DTR 0.1674 0 oom None 26.71
inception TwoPhase@k=8 0.1552 0 oom None 158.04
inception DTR 0.1787 0 oom None 22.51
inception NbhdPenalty@b=0.25 0.1674 0 oom None 104.02
inception TwoPhase@k=8 0.1684 0 oom None 137.69
inception DTR 0.1768 0 oom None 30.11
inception NbhdPenalty@b=0.25 0.1787 0 oom None 158.68
inception TwoPhase@k=8 0.1787 0 oom None 158.39
inception NbhdPenalty@b=0.25 0.1768 0 oom None 150.13
inception DTR 0.1813 0 oom None 22.79
inception TwoPhase@k=8 0.1674 0 oom None 333.03
inception DTR 0.1808 0 oom None 26.81
inception TwoPhase@k=8 0.1768 0 oom None 158.11
inception NbhdPenalty@b=0.25 0.1813 0 oom None 151.87
inception NbhdPenalty@b=0.25 0.1808 0 oom None 150.83
inception TwoPhase@k=8 0.1808 0 oom None 159.74
inception TwoPhase@k=8 0.1813 0 oom None 355.55
inception NbhdPenalty@b=0.25 0.1925 0 oom None 143.97
inception TwoPhase@k=8 0.1925 0 oom None 221.35
inception NbhdPenalty@b=0.25 0.1935 0 oom None 133.21
inception DTR 0.2071 0 oom None 171.42
inception NbhdPenalty@b=0.25 0.2071 0 oom None 34.39
inception TwoPhase@k=8 0.1935 0 oom None 776.5
inception DTR 0.1925 0 timeout None 1200.0
inception NbhdPenalty@b=0.25 0.2004 0 oom None 27.36
inception DTR 0.1935 0 timeout None 1200.0
inception TwoPhase@k=8 0.2004 0 oom None 468.17
inception NbhdPenalty@b=0.25 0.2131 0 oom None 26.18
inception TwoPhase@k=8 0.2071 0 timeout None 1200.0
inception TwoPhase@k=8 0.2131 0 oom None 505.2
inception NbhdPenalty@b=0.25 0.2162 0 oom None 28.74
inception DTR 0.2004 0 timeout None 1200.0
inception DTR 0.2131 0 oom None 937.87
inception NbhdPenalty@b=0.25 0.2281 0 oom None 52.21
inception TwoPhase@k=8 0.2281 0 oom None 385.67
inception DTR 0.2162 0 oom None 1062.5
inception DTR 0.2276 0 ok 1.5254328451911743 98.83
inception NbhdPenalty@b=0.25 0.2276 0 oom None 50.23
inception DTR 0.2337 0 ok 2.453626663014165 285.53
inception NbhdPenalty@b=0.25 0.2337 0 oom None 60.44
inception TwoPhase@k=8 0.2162 0 oom None 1026.43
inception DTR 0.2343 0 ok 1.4708777048776966 108.36
inception NbhdPenalty@b=0.25 0.2343 0 oom None 46.94
inception TwoPhase@k=8 0.2276 0 oom None 568.3
inception DTR 0.2281 0 timeout None 1200.0
inception TwoPhase@k=8 0.2337 0 oom None 285.2
inception NbhdPenalty@b=0.25 0.2423 0 oom None 56.81
inception TwoPhase@k=8 0.2343 0 oom None 200.15
inception DTR 0.248 0 ok 1.3657052598787127 87.42
inception NbhdPenalty@b=0.25 0.248 0 ok 4.867812452225173 388.03
inception TwoPhase@k=8 0.2423 0 oom None 627.86
inception NbhdPenalty@b=0.25 0.2527 0 oom None 60.07
inception TwoPhase@k=8 0.248 0 oom None 626.19
inception DTR 0.2523 0 ok 1.377909518568073 90.84
inception TwoPhase@k=8 0.2527 0 oom None 264.89
inception DTR 0.2423 0 oom None 1183.12
inception TwoPhase@k=8 0.2523 0 oom None 216.3
inception NbhdPenalty@b=0.25 0.2523 0 oom None 334.8
inception DTR 0.2629 0 ok 1.391758490300547 106.36
inception NbhdPenalty@b=0.25 0.2629 0 oom None 88.3
inception DTR 0.2613 0 ok 1.3906167205831597 112.49
inception NbhdPenalty@b=0.25 0.2613 0 oom None 83.67
inception DTR 0.2731 0 ok 1.3777900850837443 99.96
inception TwoPhase@k=8 0.2629 0 oom None 309.31
inception TwoPhase@k=8 0.2613 0 oom None 186.14
inception DTR 0.2722 0 ok 1.3388471846926042 88.31
inception NbhdPenalty@b=0.25 0.2731 0 ok 3.5862850845798473 192.23
inception DTR 0.2527 0 oom None 1193.82
inception DTR 0.2894 0 ok 1.295053954918351 52.99
inception NbhdPenalty@b=0.25 0.2722 0 ok 3.6157972068176765 191.76
inception NbhdPenalty@b=0.25 0.2894 0 oom None 99.16
inception DTR 0.2846 0 ok 1.3056717316749529 59.04
inception NbhdPenalty@b=0.25 0.2846 0 oom None 102.68
inception TwoPhase@k=8 0.2722 0 oom None 391.56
inception DTR 0.2933 0 ok 1.2245557226717192 16.75
inception NbhdPenalty@b=0.25 0.2933 0 oom None 98.95
inception TwoPhase@k=8 0.2894 0 oom None 834.6
inception DTR 0.2955 0 ok 1.2225878143960067 14.3
inception TwoPhase@k=8 0.2731 0 timeout None 1200.0
inception NbhdPenalty@b=0.25 0.2955 0 oom None 106.49
inception DTR 0.3001 0 ok 1.2203536535600992 13.1
inception TwoPhase@k=8 0.2846 0 oom None 754.26
inception NbhdPenalty@b=0.25 0.3001 0 oom None 102.1
inception DTR 0.3102 0 ok 1.2052851423097237 12.45
inception NbhdPenalty@b=0.25 0.3102 0 ok 1.2218939968440592 8.4
inception TwoPhase@k=8 0.2933 0 oom None 775.45
inception DTR 0.3285 0 ok 1.2130583670358455 10.78
inception NbhdPenalty@b=0.25 0.3285 0 ok 1.2079948357395673 6.46
inception TwoPhase@k=8 0.3001 0 ok 9.107532193967339 658.64
inception DTR 0.3386 0 ok 1.183563949820992 10.87
inception NbhdPenalty@b=0.25 0.3386 0 ok 1.203192489671296 6.63
inception TwoPhase@k=8 0.3285 0 oom None 598.77
inception DTR 0.3445 0 ok 1.1747586580127443 10.72
inception NbhdPenalty@b=0.25 0.3445 0 ok 1.1941427356168957 6.19
inception TwoPhase@k=8 0.2955 0 oom None 873.81
inception DTR 0.3565 0 ok 1.1681643068744885 9.93
inception NbhdPenalty@b=0.25 0.3565 0 ok 1.1752348206842642 4.8
inception TwoPhase@k=8 0.3102 0 oom None 697.48
inception DTR 0.3676 0 ok 1.1560706401568295 9.24
inception NbhdPenalty@b=0.25 0.3676 0 ok 1.1637791507299267 5.08
inception TwoPhase@k=8 0.3565 0 ok 4.829899155171392 240.97
inception DTR 0.3787 0 ok 1.152189308818105 8.02
inception NbhdPenalty@b=0.25 0.3787 0 ok 1.1516621067197725 6.34
inception TwoPhase@k=8 0.3787 0 oom None 390.36
inception DTR 0.3807 0 ok 1.1508535411980965 7.74
inception NbhdPenalty@b=0.25 0.3807 0 ok 1.1509669488781022 6.32
inception TwoPhase@k=8 0.3386 0 oom None 1156.48
inception DTR 0.393 0 ok 1.1417295118383102 7.15
inception NbhdPenalty@b=0.25 0.393 0 ok 1.1406837810288326 6.36
inception TwoPhase@k=8 0.3445 0 oom None 1078.78
inception DTR 0.4073 0 ok 1.12538736553125 6.9
inception NbhdPenalty@b=0.25 0.4073 0 ok 1.1279361424885166 6.36
inception TwoPhase@k=8 0.3676 0 timeout None 1200.0
inception DTR 0.4198 0 ok 1.118332199845758 7.15
inception NbhdPenalty@b=0.25 0.4198 0 ok 1.124099958329874 5.61
inception TwoPhase@k=8 0.4198 0 oom None 598.17
inception DTR 0.4232 0 ok 1.11730951950549 7.06
inception NbhdPenalty@b=0.25 0.4232 0 ok 1.122920687211762 6.48
inception TwoPhase@k=8 0.3807 0 timeout None 1200.0
inception DTR 0.4301 0 ok 1.115231036542 7.54
inception NbhdPenalty@b=0.25 0.4301 0 ok 1.1195301595992333 6.13
inception TwoPhase@k=8 0.393 0 oom None 1140.99
inception DTR 0.4478 0 ok 1.1137271387681504 7.01
inception NbhdPenalty@b=0.25 0.4478 0 ok 1.1155077270208698 6.53
inception TwoPhase@k=8 0.4478 0 ok 1.1861601570075404 1.84
inception DTR 0.4562 0 ok 1.1083967562594095 6.35
inception NbhdPenalty@b=0.25 0.4562 0 ok 1.1122287357107852 5.53
inception TwoPhase@k=8 0.4562 0 ok 1.1792895254907871 1.95
inception DTR 0.4694 0 ok 1.1008011521325296 5.84
inception NbhdPenalty@b=0.25 0.4694 0 ok 1.106971712459472 5.22
inception TwoPhase@k=8 0.4694 0 ok 1.1749110927925612 1.7
inception DTR 0.4791 0 ok 1.097836476832037 6.04
inception NbhdPenalty@b=0.25 0.4791 0 ok 1.1014361902023593 5.35
inception TwoPhase@k=8 0.4791 0 ok 1.1540306956294886 1.92
inception DTR 0.4893 0 ok 1.0945180483217687 5.72
inception NbhdPenalty@b=0.25 0.4893 0 ok 1.098481052485241 5.52
inception TwoPhase@k=8 0.4893 0 ok 1.1481116651022438 1.57
inception DTR 0.4973 0 ok 1.0931346116400775 5.63
inception NbhdPenalty@b=0.25 0.4973 0 ok 1.0967754450362497 5.45
inception TwoPhase@k=8 0.4973 0 ok 1.1389274389785926 1.74
inception TwoPhase@k=8 0.4073 0 timeout None 1200.0
inception DTR 0.5055 0 ok 1.0900300654010633 4.91
inception NbhdPenalty@b=0.25 0.5055 0 ok 1.0938916569276078 5.47
inception TwoPhase@k=8 0.5055 0 ok 1.139665132556594 2.06
inception DTR 0.5155 0 ok 1.0881990850830388 4.71
inception NbhdPenalty@b=0.25 0.5155 0 ok 1.0905978658650017 4.5
inception TwoPhase@k=8 0.5155 0 ok 1.1370472010491668 1.57
inception DTR 0.5203 0 ok 1.0848041956366636 4.37
inception NbhdPenalty@b=0.25 0.5203 0 ok 1.0914250870254596 4.84
inception TwoPhase@k=8 0.5203 0 ok 1.131785559847683 1.91
inception DTR 0.5393 0 ok 1.0798514118674007 4.15
inception NbhdPenalty@b=0.25 0.5393 0 ok 1.0833408333777883 4.54
inception TwoPhase@k=8 0.5393 0 ok 1.1280260110356501 1.36
inception DTR 0.5482 0 ok 1.0777582532813872 3.6
inception NbhdPenalty@b=0.25 0.5482 0 ok 1.0812468121668535 4.03
inception TwoPhase@k=8 0.5482 0 ok 1.1264210620160053 1.52
inception DTR 0.5512 0 ok 1.0769329522077307 3.94
inception NbhdPenalty@b=0.25 0.5512 0 ok 1.0799935312872746 4.08
inception TwoPhase@k=8 0.5512 0 ok 1.123011831626721 1.41
inception DTR 0.5647 0 ok 1.0776505445824192 3.82
inception TwoPhase@k=8 0.5647 0 ok 1.1173144627076805 1.31
inception NbhdPenalty@b=0.25 0.5647 0 ok 1.0791180596967902 4.04
inception DTR 0.5742 0 ok 1.0732235142044257 4.71
inception NbhdPenalty@b=0.25 0.5742 0 ok 1.0734016234673298 5.32
inception TwoPhase@k=8 0.5742 0 ok 1.1154943272661717 1.97
inception TwoPhase@k=8 0.4232 0 ok 6.7028038850005585 466.32
inception TwoPhase@k=8 0.5822 0 ok 1.1090140028866446 1.17
inception DTR 0.5822 0 ok 1.07074046172409 3.73
inception NbhdPenalty@b=0.25 0.5822 0 ok 1.0721345405890095 4.08
inception TwoPhase@k=8 0.598 0 ok 1.1045473169025222 1.3
transformer DTR 0.0549 0 oom None 0.01
inception DTR 0.598 0 ok 1.0684069968899512 3.56
transformer NbhdPenalty@b=0.25 0.0549 0 oom None 0.01
transformer TwoPhase@k=8 0.0549 0 oom None 0.01
transformer DTR 0.0567 0 oom None 0.01
transformer NbhdPenalty@b=0.25 0.0567 0 oom None 0.01
transformer TwoPhase@k=8 0.0567 0 oom None 0.01
transformer DTR 0.0695 0 oom None 1.04
transformer NbhdPenalty@b=0.25 0.0695 0 oom None 1.04
inception NbhdPenalty@b=0.25 0.598 0 ok 1.0667836766306333 4.38
transformer DTR 0.0638 0 oom None 0.0
transformer NbhdPenalty@b=0.25 0.0638 0 oom None 0.01
transformer TwoPhase@k=8 0.0638 0 oom None 0.01
transformer TwoPhase@k=8 0.0695 0 oom None 1.3
transformer DTR 0.0786 0 oom None 1.13
transformer NbhdPenalty@b=0.25 0.0786 0 oom None 0.98
transformer TwoPhase@k=8 0.0786 0 oom None 1.19
transformer NbhdPenalty@b=0.25 0.076 0 oom None 0.97
transformer DTR 0.076 0 oom None 1.04
transformer DTR 0.0819 0 oom None 0.76
transformer NbhdPenalty@b=0.25 0.0819 0 oom None 0.9
transformer TwoPhase@k=8 0.076 0 oom None 1.22
transformer DTR 0.0856 0 oom None 0.83
transformer TwoPhase@k=8 0.0819 0 oom None 1.04
transformer NbhdPenalty@b=0.25 0.0856 0 oom None 1.06
transformer DTR 0.0931 0 oom None 0.65
transformer TwoPhase@k=8 0.0856 0 oom None 0.88
transformer NbhdPenalty@b=0.25 0.0931 0 oom None 0.8
transformer TwoPhase@k=8 0.0931 0 oom None 1.13
transformer TwoPhase@k=8 0.0977 0 oom None 8.42
transformer NbhdPenalty@b=0.25 0.0977 0 oom None 9.74
transformer DTR 0.0977 0 oom None 10.25
transformer NbhdPenalty@b=0.25 0.1047 0 oom None 143.89
transformer DTR 0.1047 0 oom None 160.1
transformer TwoPhase@k=8 0.1047 0 oom None 162.32
transformer NbhdPenalty@b=0.25 0.1062 0 oom None 114.98
transformer DTR 0.1062 0 oom None 146.65
inception TwoPhase@k=8 0.4301 0 oom None 829.12
transformer TwoPhase@k=8 0.1062 0 oom None 202.21
transformer NbhdPenalty@b=0.25 0.1109 0 oom None 207.3
transformer DTR 0.1109 0 oom None 242.68
