408 points, 408 to run
densenet TControlInspired@alpha=0.3,floor=0.01 0.6 0 error None None
densenet TControlInspired@alpha=0.3,floor=0.01 0.59 0 error None None
densenet TControlInspired@alpha=0.3,floor=0.01 0.55 0 error None None
densenet TControlInspired@alpha=0.3,floor=0.01 0.56 0 error None None
densenet TControlInspired@alpha=0.3,floor=0.01 0.58 0 error None None
densenet TControlInspired@alpha=0.3,floor=0.01 0.57 0 error None None
densenet TControlInspired@alpha=0.3,floor=0.01 0.5 0 error None None
densenet TControlInspired@alpha=0.3,floor=0.01 0.54 0 error None None
densenet TControlInspired@alpha=0.3,floor=0.01 0.53 0 error None None
densenet TControlInspired@alpha=0.3,floor=0.01 0.51 0 error None None
densenet TControlInspired@alpha=0.3,floor=0.01 0.52 0 error None None
densenet TControlInspired@alpha=0.3,floor=0.01 0.49 0 error None None
densenet TControlInspired@alpha=0.3,floor=0.01 0.47 0 error None None
densenet TControlInspired@alpha=0.3,floor=0.01 0.48 0 error None None
densenet TControlInspired@alpha=0.3,floor=0.01 0.46 0 error None None
densenet TControlInspired@alpha=0.3,floor=0.01 0.44 0 error None None
densenet TControlInspired@alpha=0.3,floor=0.01 0.45 0 error None None
densenet TControlInspired@alpha=0.3,floor=0.01 0.43 0 error None None
densenet TControlInspired@alpha=0.3,floor=0.01 0.42 0 error None None
densenet TControlInspired@alpha=0.3,floor=0.01 0.42 1 error None None
densenet TControlInspired@alpha=0.3,floor=0.01 0.41 0 error None None
densenet TControlInspired@alpha=0.3,floor=0.01 0.4 0 error None None
densenet TControlInspired@alpha=0.3,floor=0.01 0.42 2 error None None
densenet TControlInspired@alpha=0.3,floor=0.01 0.39 0 error None None
densenet TControlInspired@alpha=0.3,floor=0.01 0.38 0 error None None
densenet TControlInspired@alpha=0.3,floor=0.01 0.37 0 error None None
densenet TControlInspired@alpha=0.3,floor=0.01 0.37 1 error None None
densenet TControlInspired@alpha=0.3,floor=0.01 0.36 0 error None None
densenet TControlInspired@alpha=0.3,floor=0.01 0.37 2 error None None
densenet TControlInspired@alpha=0.3,floor=0.01 0.35 0 error None None
densenet TControlInspired@alpha=0.3,floor=0.01 0.34 0 error None None
densenet TControlInspired@alpha=0.3,floor=0.01 0.33 0 error None None
densenet TControlInspired@alpha=0.3,floor=0.01 0.3 0 error None None
densenet TControlInspired@alpha=0.3,floor=0.01 0.32 0 error None None
densenet TControlInspired@alpha=0.3,floor=0.01 0.31 0 error None None
densenet TControlInspired@alpha=0.3,floor=0.01 0.29 0 error None None
densenet TControlInspired@alpha=0.3,floor=0.01 0.28 0 error None None
densenet TControlInspired@alpha=0.3,floor=0.01 0.27 0 error None None
densenet TControlInspired@alpha=0.3,floor=0.01 0.26 0 error None None
densenet TControlInspired@alpha=0.3,floor=0.01 0.24 0 error None None
densenet TControlInspired@alpha=0.3,floor=0.01 0.25 0 error None None
densenet TControlInspired@alpha=0.3,floor=0.01 0.23 0 error None None
densenet TControlInspired@alpha=0.3,floor=0.01 0.22 0 error None None
densenet TControlInspired@alpha=0.3,floor=0.01 0.21 0 error None None
densenet TControlInspired@alpha=0.3,floor=0.01 0.2 0 error None None
densenet TControlInspired@alpha=0.3,floor=0.01 0.19 1 error None None
densenet TControlInspired@alpha=0.3,floor=0.01 0.19 0 error None None
densenet TControlInspired@alpha=0.3,floor=0.01 0.19 2 error None None
densenet TControlInspired@alpha=0.3,floor=0.01 0.18 0 error None None
densenet TControlInspired@alpha=0.3,floor=0.01 0.17 0 error None None
densenet TControlInspired@alpha=0.3,floor=0.01 0.16 0 error None None
densenet TControlInspired@alpha=0.3,floor=0.01 0.15 0 error None None
densenet TControlInspired@alpha=0.3,floor=0.01 0.14 0 error None None
densenet TControlInspired@alpha=0.3,floor=0.01 0.13 0 error None None
densenet TControlInspired@alpha=0.3,floor=0.01 0.12 0 error None None
densenet TControlInspired@alpha=0.3,floor=0.01 0.11 0 error None None
densenet TControlInspired@alpha=0.3,floor=0.01 0.1 0 error None None
densenet TControlInspired@alpha=0.3,floor=0.01 0.09 0 error None None
densenet TControlInspired@alpha=0.3,floor=0.01 0.09 1 error None None
densenet TControlInspired@alpha=0.3,floor=0.01 0.09 2 error None None
densenet TControlInspired@alpha=0.3,floor=0.01 0.08 0 error None None
densenet TControlInspired@alpha=0.3,floor=0.01 0.07 0 error None None
densenet TControlInspired@alpha=0.3,floor=0.01 0.07 1 error None None
densenet TControlInspired@alpha=0.3,floor=0.01 0.07 2 error None None
densenet TControlInspired@alpha=0.3,floor=0.01 0.06 0 error None None
densenet TControlInspired@alpha=0.3,floor=0.01 0.06 1 error None None
densenet TControlInspired@alpha=0.3,floor=0.01 0.06 2 error None None
densenet TControlInspired@alpha=0.3,floor=0.01 0.05 0 error None None
inception TControlInspired@alpha=0.3,floor=0.01 0.6 0 error None None
inception TControlInspired@alpha=0.3,floor=0.01 0.59 0 error None None
inception TControlInspired@alpha=0.3,floor=0.01 0.58 0 error None None
inception TControlInspired@alpha=0.3,floor=0.01 0.58 1 error None None
inception TControlInspired@alpha=0.3,floor=0.01 0.58 2 error None None
inception TControlInspired@alpha=0.3,floor=0.01 0.57 0 error None None
inception TControlInspired@alpha=0.3,floor=0.01 0.56 0 error None None
inception TControlInspired@alpha=0.3,floor=0.01 0.55 0 error None None
inception TControlInspired@alpha=0.3,floor=0.01 0.54 0 error None None
inception TControlInspired@alpha=0.3,floor=0.01 0.53 0 error None None
inception TControlInspired@alpha=0.3,floor=0.01 0.52 0 error None None
inception TControlInspired@alpha=0.3,floor=0.01 0.51 0 error None None
inception TControlInspired@alpha=0.3,floor=0.01 0.5 0 error None None
inception TControlInspired@alpha=0.3,floor=0.01 0.49 0 error None None
inception TControlInspired@alpha=0.3,floor=0.01 0.48 0 error None None
inception TControlInspired@alpha=0.3,floor=0.01 0.47 0 error None None
inception TControlInspired@alpha=0.3,floor=0.01 0.46 0 error None None
inception TControlInspired@alpha=0.3,floor=0.01 0.45 1 error None None
inception TControlInspired@alpha=0.3,floor=0.01 0.45 0 error None None
inception TControlInspired@alpha=0.3,floor=0.01 0.45 2 error None None
inception TControlInspired@alpha=0.3,floor=0.01 0.44 0 error None None
inception TControlInspired@alpha=0.3,floor=0.01 0.43 0 error None None
inception TControlInspired@alpha=0.3,floor=0.01 0.42 0 error None None
inception TControlInspired@alpha=0.3,floor=0.01 0.4 0 error None None
inception TControlInspired@alpha=0.3,floor=0.01 0.41 0 error None None
inception TControlInspired@alpha=0.3,floor=0.01 0.39 0 error None None
inception TControlInspired@alpha=0.3,floor=0.01 0.38 0 error None None
inception TControlInspired@alpha=0.3,floor=0.01 0.37 0 error None None
inception TControlInspired@alpha=0.3,floor=0.01 0.36 0 error None None
inception TControlInspired@alpha=0.3,floor=0.01 0.35 0 error None None
inception TControlInspired@alpha=0.3,floor=0.01 0.34 0 error None None
inception TControlInspired@alpha=0.3,floor=0.01 0.33 0 error None None
inception TControlInspired@alpha=0.3,floor=0.01 0.32 0 error None None
inception TControlInspired@alpha=0.3,floor=0.01 0.31 0 error None None
inception TControlInspired@alpha=0.3,floor=0.01 0.3 0 error None None
inception TControlInspired@alpha=0.3,floor=0.01 0.29 0 error None None
inception TControlInspired@alpha=0.3,floor=0.01 0.28 0 error None None
inception TControlInspired@alpha=0.3,floor=0.01 0.28 1 error None None
inception TControlInspired@alpha=0.3,floor=0.01 0.28 2 error None None
inception TControlInspired@alpha=0.3,floor=0.01 0.27 0 error None None
inception TControlInspired@alpha=0.3,floor=0.01 0.26 0 error None None
inception TControlInspired@alpha=0.3,floor=0.01 0.25 0 error None None
inception TControlInspired@alpha=0.3,floor=0.01 0.24 0 error None None
inception TControlInspired@alpha=0.3,floor=0.01 0.23 0 error None None
inception TControlInspired@alpha=0.3,floor=0.01 0.22 0 error None None
inception TControlInspired@alpha=0.3,floor=0.01 0.21 0 error None None
inception TControlInspired@alpha=0.3,floor=0.01 0.2 0 error None None
inception TControlInspired@alpha=0.3,floor=0.01 0.19 0 error None None
inception TControlInspired@alpha=0.3,floor=0.01 0.18 0 error None None
inception TControlInspired@alpha=0.3,floor=0.01 0.17 0 error None None
inception TControlInspired@alpha=0.3,floor=0.01 0.16 0 error None None
inception TControlInspired@alpha=0.3,floor=0.01 0.16 1 error None None
inception TControlInspired@alpha=0.3,floor=0.01 0.16 2 error None None
inception TControlInspired@alpha=0.3,floor=0.01 0.15 0 error None None
inception TControlInspired@alpha=0.3,floor=0.01 0.14 0 error None None
inception TControlInspired@alpha=0.3,floor=0.01 0.13 0 error None None
inception TControlInspired@alpha=0.3,floor=0.01 0.12 0 error None None
inception TControlInspired@alpha=0.3,floor=0.01 0.12 1 error None None
inception TControlInspired@alpha=0.3,floor=0.01 0.12 2 error None None
inception TControlInspired@alpha=0.3,floor=0.01 0.11 0 error None None
inception TControlInspired@alpha=0.3,floor=0.01 0.1 0 error None None
inception TControlInspired@alpha=0.3,floor=0.01 0.09 0 error None None
inception TControlInspired@alpha=0.3,floor=0.01 0.08 0 error None None
inception TControlInspired@alpha=0.3,floor=0.01 0.07 0 error None None
inception TControlInspired@alpha=0.3,floor=0.01 0.07 1 error None None
inception TControlInspired@alpha=0.3,floor=0.01 0.07 2 error None None
inception TControlInspired@alpha=0.3,floor=0.01 0.06 0 error None None
inception TControlInspired@alpha=0.3,floor=0.01 0.05 0 error None None
transformer TControlInspired@alpha=0.3,floor=0.01 0.6 0 error None None
transformer TControlInspired@alpha=0.3,floor=0.01 0.59 0 error None None
transformer TControlInspired@alpha=0.3,floor=0.01 0.58 0 error None None
transformer TControlInspired@alpha=0.3,floor=0.01 0.57 0 error None None
transformer TControlInspired@alpha=0.3,floor=0.01 0.55 0 error None None
transformer TControlInspired@alpha=0.3,floor=0.01 0.56 0 error None None
transformer TControlInspired@alpha=0.3,floor=0.01 0.54 0 error None None
transformer TControlInspired@alpha=0.3,floor=0.01 0.54 1 error None None
transformer TControlInspired@alpha=0.3,floor=0.01 0.54 2 error None None
transformer TControlInspired@alpha=0.3,floor=0.01 0.53 0 error None None
transformer TControlInspired@alpha=0.3,floor=0.01 0.51 0 error None None
transformer TControlInspired@alpha=0.3,floor=0.01 0.52 0 error None None
transformer TControlInspired@alpha=0.3,floor=0.01 0.5 0 error None None
transformer TControlInspired@alpha=0.3,floor=0.01 0.49 1 error None None
transformer TControlInspired@alpha=0.3,floor=0.01 0.49 0 error None None
transformer TControlInspired@alpha=0.3,floor=0.01 0.49 2 error None None
transformer TControlInspired@alpha=0.3,floor=0.01 0.48 0 error None None
transformer TControlInspired@alpha=0.3,floor=0.01 0.47 0 error None None
transformer TControlInspired@alpha=0.3,floor=0.01 0.46 0 error None None
transformer TControlInspired@alpha=0.3,floor=0.01 0.45 0 error None None
transformer TControlInspired@alpha=0.3,floor=0.01 0.44 0 error None None
transformer TControlInspired@alpha=0.3,floor=0.01 0.43 0 error None None
transformer TControlInspired@alpha=0.3,floor=0.01 0.42 0 error None None
transformer TControlInspired@alpha=0.3,floor=0.01 0.41 0 error None None
transformer TControlInspired@alpha=0.3,floor=0.01 0.4 0 error None None
transformer TControlInspired@alpha=0.3,floor=0.01 0.38 0 error None None
transformer TControlInspired@alpha=0.3,floor=0.01 0.39 0 error None None
transformer TControlInspired@alpha=0.3,floor=0.01 0.36 0 error None None
transformer TControlInspired@alpha=0.3,floor=0.01 0.37 0 error None None
transformer TControlInspired@alpha=0.3,floor=0.01 0.36 1 error None None
transformer TControlInspired@alpha=0.3,floor=0.01 0.36 2 error None None
transformer TControlInspired@alpha=0.3,floor=0.01 0.35 0 error None None
transformer TControlInspired@alpha=0.3,floor=0.01 0.34 0 error None None
transformer TControlInspired@alpha=0.3,floor=0.01 0.33 0 error None None
transformer TControlInspired@alpha=0.3,floor=0.01 0.31 0 error None None
transformer TControlInspired@alpha=0.3,floor=0.01 0.32 0 error None None
transformer TControlInspired@alpha=0.3,floor=0.01 0.3 0 error None None
transformer TControlInspired@alpha=0.3,floor=0.01 0.28 0 error None None
transformer TControlInspired@alpha=0.3,floor=0.01 0.29 0 error None None
transformer TControlInspired@alpha=0.3,floor=0.01 0.27 0 error None None
transformer TControlInspired@alpha=0.3,floor=0.01 0.25 0 error None None
transformer TControlInspired@alpha=0.3,floor=0.01 0.26 0 error None None
transformer TControlInspired@alpha=0.3,floor=0.01 0.24 0 error None None
transformer TControlInspired@alpha=0.3,floor=0.01 0.23 0 error None None
transformer TControlInspired@alpha=0.3,floor=0.01 0.22 0 error None None
transformer TControlInspired@alpha=0.3,floor=0.01 0.21 0 error None None
transformer TControlInspired@alpha=0.3,floor=0.01 0.2 1 error None None
transformer TControlInspired@alpha=0.3,floor=0.01 0.2 0 error None None
transformer TControlInspired@alpha=0.3,floor=0.01 0.2 2 error None None
transformer TControlInspired@alpha=0.3,floor=0.01 0.19 0 error None None
transformer TControlInspired@alpha=0.3,floor=0.01 0.19 1 error None None
transformer TControlInspired@alpha=0.3,floor=0.01 0.19 2 error None None
transformer TControlInspired@alpha=0.3,floor=0.01 0.17 0 error None None
transformer TControlInspired@alpha=0.3,floor=0.01 0.18 0 error None None
transformer TControlInspired@alpha=0.3,floor=0.01 0.16 0 error None None
transformer TControlInspired@alpha=0.3,floor=0.01 0.15 0 error None None
transformer TControlInspired@alpha=0.3,floor=0.01 0.14 0 error None None
transformer TControlInspired@alpha=0.3,floor=0.01 0.13 0 error None None
transformer TControlInspired@alpha=0.3,floor=0.01 0.13 1 error None None
transformer TControlInspired@alpha=0.3,floor=0.01 0.13 2 error None None
transformer TControlInspired@alpha=0.3,floor=0.01 0.12 0 error None None
transformer TControlInspired@alpha=0.3,floor=0.01 0.11 0 error None None
transformer TControlInspired@alpha=0.3,floor=0.01 0.1 0 error None None
transformer TControlInspired@alpha=0.3,floor=0.01 0.09 0 error None None
transformer TControlInspired@alpha=0.3,floor=0.01 0.07 0 error None None
unet TControlInspired@alpha=0.3,floor=0.01 0.6 0 error None None
transformer TControlInspired@alpha=0.3,floor=0.01 0.08 0 error None None
transformer TControlInspired@alpha=0.3,floor=0.01 0.06 0 error None None
unet TControlInspired@alpha=0.3,floor=0.01 0.59 0 error None None
unet TControlInspired@alpha=0.3,floor=0.01 0.58 0 error None None
unet TControlInspired@alpha=0.3,floor=0.01 0.57 0 error None None
unet TControlInspired@alpha=0.3,floor=0.01 0.56 0 error None None
transformer TControlInspired@alpha=0.3,floor=0.01 0.05 0 error None None
unet TControlInspired@alpha=0.3,floor=0.01 0.55 0 error None None
unet TControlInspired@alpha=0.3,floor=0.01 0.54 0 error None None
unet TControlInspired@alpha=0.3,floor=0.01 0.53 0 error None None
unet TControlInspired@alpha=0.3,floor=0.01 0.52 0 error None None
unet TControlInspired@alpha=0.3,floor=0.01 0.52 1 error None None
unet TControlInspired@alpha=0.3,floor=0.01 0.52 2 error None None
unet TControlInspired@alpha=0.3,floor=0.01 0.51 0 error None None
unet TControlInspired@alpha=0.3,floor=0.01 0.51 1 error None None
unet TControlInspired@alpha=0.3,floor=0.01 0.51 2 error None None
unet TControlInspired@alpha=0.3,floor=0.01 0.5 0 error None None
unet TControlInspired@alpha=0.3,floor=0.01 0.49 0 error None None
unet TControlInspired@alpha=0.3,floor=0.01 0.49 1 error None None
unet TControlInspired@alpha=0.3,floor=0.01 0.49 2 error None None
unet TControlInspired@alpha=0.3,floor=0.01 0.48 0 error None None
unet TControlInspired@alpha=0.3,floor=0.01 0.47 0 error None None
unet TControlInspired@alpha=0.3,floor=0.01 0.46 0 error None None
unet TControlInspired@alpha=0.3,floor=0.01 0.45 0 error None None
unet TControlInspired@alpha=0.3,floor=0.01 0.44 0 error None None
unet TControlInspired@alpha=0.3,floor=0.01 0.42 0 error None None
unet TControlInspired@alpha=0.3,floor=0.01 0.43 0 error None None
unet TControlInspired@alpha=0.3,floor=0.01 0.41 0 error None None
unet TControlInspired@alpha=0.3,floor=0.01 0.4 0 error None None
unet TControlInspired@alpha=0.3,floor=0.01 0.39 0 error None None
unet TControlInspired@alpha=0.3,floor=0.01 0.38 0 error None None
unet TControlInspired@alpha=0.3,floor=0.01 0.36 0 error None None
unet TControlInspired@alpha=0.3,floor=0.01 0.37 0 error None None
unet TControlInspired@alpha=0.3,floor=0.01 0.35 0 error None None
unet TControlInspired@alpha=0.3,floor=0.01 0.34 0 error None None
unet TControlInspired@alpha=0.3,floor=0.01 0.33 0 error None None
unet TControlInspired@alpha=0.3,floor=0.01 0.32 0 error None None
unet TControlInspired@alpha=0.3,floor=0.01 0.31 1 error None None
unet TControlInspired@alpha=0.3,floor=0.01 0.31 0 error None None
unet TControlInspired@alpha=0.3,floor=0.01 0.31 2 error None None
unet TControlInspired@alpha=0.3,floor=0.01 0.29 0 error None None
unet TControlInspired@alpha=0.3,floor=0.01 0.3 0 error None None
unet TControlInspired@alpha=0.3,floor=0.01 0.28 0 error None None
unet TControlInspired@alpha=0.3,floor=0.01 0.27 0 error None None
unet TControlInspired@alpha=0.3,floor=0.01 0.26 0 error None None
unet TControlInspired@alpha=0.3,floor=0.01 0.25 0 error None None
unet TControlInspired@alpha=0.3,floor=0.01 0.24 0 error None None
unet TControlInspired@alpha=0.3,floor=0.01 0.24 1 error None None
unet TControlInspired@alpha=0.3,floor=0.01 0.24 2 error None None
unet TControlInspired@alpha=0.3,floor=0.01 0.23 0 error None None
unet TControlInspired@alpha=0.3,floor=0.01 0.22 0 error None None
unet TControlInspired@alpha=0.3,floor=0.01 0.2 0 error None None
unet TControlInspired@alpha=0.3,floor=0.01 0.21 0 error None None
unet TControlInspired@alpha=0.3,floor=0.01 0.19 0 error None None
unet TControlInspired@alpha=0.3,floor=0.01 0.18 0 error None None
unet TControlInspired@alpha=0.3,floor=0.01 0.17 0 error None None
unet TControlInspired@alpha=0.3,floor=0.01 0.16 0 error None None
unet TControlInspired@alpha=0.3,floor=0.01 0.15 0 error None None
unet TControlInspired@alpha=0.3,floor=0.01 0.14 0 error None None
unet TControlInspired@alpha=0.3,floor=0.01 0.13 0 error None None
unet TControlInspired@alpha=0.3,floor=0.01 0.12 0 error None None
unet TControlInspired@alpha=0.3,floor=0.01 0.11 0 error None None
unet TControlInspired@alpha=0.3,floor=0.01 0.1 0 error None None
unet TControlInspired@alpha=0.3,floor=0.01 0.09 0 error None None
unet TControlInspired@alpha=0.3,floor=0.01 0.08 0 error None None
unet TControlInspired@alpha=0.3,floor=0.01 0.08 1 error None None
unet TControlInspired@alpha=0.3,floor=0.01 0.08 2 error None None
unet TControlInspired@alpha=0.3,floor=0.01 0.07 0 error None None
unet TControlInspired@alpha=0.3,floor=0.01 0.06 0 error None None
unet TControlInspired@alpha=0.3,floor=0.01 0.05 0 error None None
treelstm TControlInspired@alpha=0.3,floor=0.01 0.59 0 error None None
treelstm TControlInspired@alpha=0.3,floor=0.01 0.57 0 error None None
treelstm TControlInspired@alpha=0.3,floor=0.01 0.58 0 error None None
treelstm TControlInspired@alpha=0.3,floor=0.01 0.6 0 error None None
treelstm TControlInspired@alpha=0.3,floor=0.01 0.56 0 error None None
treelstm TControlInspired@alpha=0.3,floor=0.01 0.55 0 error None None
treelstm TControlInspired@alpha=0.3,floor=0.01 0.54 0 error None None
treelstm TControlInspired@alpha=0.3,floor=0.01 0.53 0 error None None
treelstm TControlInspired@alpha=0.3,floor=0.01 0.51 0 error None None
treelstm TControlInspired@alpha=0.3,floor=0.01 0.52 0 error None None
treelstm TControlInspired@alpha=0.3,floor=0.01 0.5 0 error None None
treelstm TControlInspired@alpha=0.3,floor=0.01 0.5 1 error None None
treelstm TControlInspired@alpha=0.3,floor=0.01 0.5 2 error None None
treelstm TControlInspired@alpha=0.3,floor=0.01 0.48 0 error None None
treelstm TControlInspired@alpha=0.3,floor=0.01 0.47 0 error None None
treelstm TControlInspired@alpha=0.3,floor=0.01 0.49 0 error None None
treelstm TControlInspired@alpha=0.3,floor=0.01 0.46 0 error None None
treelstm TControlInspired@alpha=0.3,floor=0.01 0.45 0 error None None
treelstm TControlInspired@alpha=0.3,floor=0.01 0.44 0 error None None
treelstm TControlInspired@alpha=0.3,floor=0.01 0.44 1 error None None
treelstm TControlInspired@alpha=0.3,floor=0.01 0.43 0 error None None
treelstm TControlInspired@alpha=0.3,floor=0.01 0.44 2 error None None
treelstm TControlInspired@alpha=0.3,floor=0.01 0.43 1 error None None
treelstm TControlInspired@alpha=0.3,floor=0.01 0.43 2 error None None
treelstm TControlInspired@alpha=0.3,floor=0.01 0.42 0 error None None
treelstm TControlInspired@alpha=0.3,floor=0.01 0.42 1 error None None
treelstm TControlInspired@alpha=0.3,floor=0.01 0.41 0 error None None
treelstm TControlInspired@alpha=0.3,floor=0.01 0.42 2 error None None
treelstm TControlInspired@alpha=0.3,floor=0.01 0.4 0 error None None
treelstm TControlInspired@alpha=0.3,floor=0.01 0.39 0 error None None
treelstm TControlInspired@alpha=0.3,floor=0.01 0.39 1 error None None
treelstm TControlInspired@alpha=0.3,floor=0.01 0.39 2 error None None
treelstm TControlInspired@alpha=0.3,floor=0.01 0.37 0 error None None
treelstm TControlInspired@alpha=0.3,floor=0.01 0.38 0 error None None
treelstm TControlInspired@alpha=0.3,floor=0.01 0.36 0 error None None
treelstm TControlInspired@alpha=0.3,floor=0.01 0.35 0 error None None
treelstm TControlInspired@alpha=0.3,floor=0.01 0.34 0 error None None
treelstm TControlInspired@alpha=0.3,floor=0.01 0.33 0 error None None
treelstm TControlInspired@alpha=0.3,floor=0.01 0.32 0 error None None
treelstm TControlInspired@alpha=0.3,floor=0.01 0.3 0 error None None
treelstm TControlInspired@alpha=0.3,floor=0.01 0.31 0 error None None
treelstm TControlInspired@alpha=0.3,floor=0.01 0.29 0 error None None
treelstm TControlInspired@alpha=0.3,floor=0.01 0.28 0 error None None
treelstm TControlInspired@alpha=0.3,floor=0.01 0.27 0 error None None
treelstm TControlInspired@alpha=0.3,floor=0.01 0.26 0 error None None
treelstm TControlInspired@alpha=0.3,floor=0.01 0.25 0 error None None
treelstm TControlInspired@alpha=0.3,floor=0.01 0.24 0 error None None
treelstm TControlInspired@alpha=0.3,floor=0.01 0.23 0 error None None
treelstm TControlInspired@alpha=0.3,floor=0.01 0.22 0 error None None
treelstm TControlInspired@alpha=0.3,floor=0.01 0.2 0 error None None
treelstm TControlInspired@alpha=0.3,floor=0.01 0.21 0 error None None
treelstm TControlInspired@alpha=0.3,floor=0.01 0.19 0 error None None
treelstm TControlInspired@alpha=0.3,floor=0.01 0.18 0 error None None
treelstm TControlInspired@alpha=0.3,floor=0.01 0.17 0 error None None
treelstm TControlInspired@alpha=0.3,floor=0.01 0.17 1 error None None
treelstm TControlInspired@alpha=0.3,floor=0.01 0.17 2 error None None
treelstm TControlInspired@alpha=0.3,floor=0.01 0.16 0 error None None
treelstm TControlInspired@alpha=0.3,floor=0.01 0.15 0 error None None
treelstm TControlInspired@alpha=0.3,floor=0.01 0.14 0 error None None
treelstm TControlInspired@alpha=0.3,floor=0.01 0.13 0 error None None
treelstm TControlInspired@alpha=0.3,floor=0.01 0.12 0 error None None
treelstm TControlInspired@alpha=0.3,floor=0.01 0.11 0 error None None
treelstm TControlInspired@alpha=0.3,floor=0.01 0.08 0 error None None
treelstm TControlInspired@alpha=0.3,floor=0.01 0.09 0 error None None
treelstm TControlInspired@alpha=0.3,floor=0.01 0.1 0 error None None
treelstm TControlInspired@alpha=0.3,floor=0.01 0.07 0 error None None
treelstm TControlInspired@alpha=0.3,floor=0.01 0.06 0 error None None
treelstm TControlInspired@alpha=0.3,floor=0.01 0.05 0 error None None
unrollgan TControlInspired@alpha=0.3,floor=0.01 0.58 0 error None None
unrollgan TControlInspired@alpha=0.3,floor=0.01 0.59 0 error None None
unrollgan TControlInspired@alpha=0.3,floor=0.01 0.6 0 error None None
unrollgan TControlInspired@alpha=0.3,floor=0.01 0.57 0 error None None
unrollgan TControlInspired@alpha=0.3,floor=0.01 0.56 0 error None None
unrollgan TControlInspired@alpha=0.3,floor=0.01 0.55 0 error None None
unrollgan TControlInspired@alpha=0.3,floor=0.01 0.55 2 error None None
unrollgan TControlInspired@alpha=0.3,floor=0.01 0.55 1 error None None
unrollgan TControlInspired@alpha=0.3,floor=0.01 0.54 0 error None None
unrollgan TControlInspired@alpha=0.3,floor=0.01 0.54 1 error None None
unrollgan TControlInspired@alpha=0.3,floor=0.01 0.54 2 error None None
unrollgan TControlInspired@alpha=0.3,floor=0.01 0.53 0 error None None
unrollgan TControlInspired@alpha=0.3,floor=0.01 0.52 0 error None None
unrollgan TControlInspired@alpha=0.3,floor=0.01 0.51 0 error None None
unrollgan TControlInspired@alpha=0.3,floor=0.01 0.5 0 error None None
unrollgan TControlInspired@alpha=0.3,floor=0.01 0.49 0 error None None
unrollgan TControlInspired@alpha=0.3,floor=0.01 0.49 1 error None None
unrollgan TControlInspired@alpha=0.3,floor=0.01 0.49 2 error None None
unrollgan TControlInspired@alpha=0.3,floor=0.01 0.48 0 error None None
unrollgan TControlInspired@alpha=0.3,floor=0.01 0.47 0 error None None
unrollgan TControlInspired@alpha=0.3,floor=0.01 0.46 0 error None None
unrollgan TControlInspired@alpha=0.3,floor=0.01 0.45 0 error None None
unrollgan TControlInspired@alpha=0.3,floor=0.01 0.44 0 error None None
unrollgan TControlInspired@alpha=0.3,floor=0.01 0.43 0 error None None
unrollgan TControlInspired@alpha=0.3,floor=0.01 0.42 0 error None None
unrollgan TControlInspired@alpha=0.3,floor=0.01 0.41 0 error None None
unrollgan TControlInspired@alpha=0.3,floor=0.01 0.4 0 error None None
unrollgan TControlInspired@alpha=0.3,floor=0.01 0.39 0 error None None
unrollgan TControlInspired@alpha=0.3,floor=0.01 0.38 0 error None None
unrollgan TControlInspired@alpha=0.3,floor=0.01 0.37 0 error None None
unrollgan TControlInspired@alpha=0.3,floor=0.01 0.36 0 error None None
unrollgan TControlInspired@alpha=0.3,floor=0.01 0.35 0 error None None
unrollgan TControlInspired@alpha=0.3,floor=0.01 0.34 0 error None None
unrollgan TControlInspired@alpha=0.3,floor=0.01 0.33 0 error None None
unrollgan TControlInspired@alpha=0.3,floor=0.01 0.33 2 error None None
unrollgan TControlInspired@alpha=0.3,floor=0.01 0.33 1 error None None
unrollgan TControlInspired@alpha=0.3,floor=0.01 0.32 0 error None None
unrollgan TControlInspired@alpha=0.3,floor=0.01 0.3 0 error None None
unrollgan TControlInspired@alpha=0.3,floor=0.01 0.31 0 error None None
unrollgan TControlInspired@alpha=0.3,floor=0.01 0.29 0 error None None
unrollgan TControlInspired@alpha=0.3,floor=0.01 0.28 0 error None None
unrollgan TControlInspired@alpha=0.3,floor=0.01 0.27 0 error None None
unrollgan TControlInspired@alpha=0.3,floor=0.01 0.26 0 error None None
unrollgan TControlInspired@alpha=0.3,floor=0.01 0.25 0 error None None
unrollgan TControlInspired@alpha=0.3,floor=0.01 0.24 0 error None None
unrollgan TControlInspired@alpha=0.3,floor=0.01 0.23 0 error None None
unrollgan TControlInspired@alpha=0.3,floor=0.01 0.21 0 error None None
unrollgan TControlInspired@alpha=0.3,floor=0.01 0.22 0 error None None
unrollgan TControlInspired@alpha=0.3,floor=0.01 0.2 0 error None None
unrollgan TControlInspired@alpha=0.3,floor=0.01 0.18 0 error None None
unrollgan TControlInspired@alpha=0.3,floor=0.01 0.19 0 error None None
unrollgan TControlInspired@alpha=0.3,floor=0.01 0.17 0 error None None
unrollgan TControlInspired@alpha=0.3,floor=0.01 0.17 1 error None None
unrollgan TControlInspired@alpha=0.3,floor=0.01 0.17 2 error None None
unrollgan TControlInspired@alpha=0.3,floor=0.01 0.16 0 error None None
unrollgan TControlInspired@alpha=0.3,floor=0.01 0.15 0 error None None
unrollgan TControlInspired@alpha=0.3,floor=0.01 0.15 1 error None None
unrollgan TControlInspired@alpha=0.3,floor=0.01 0.15 2 error None None
unrollgan TControlInspired@alpha=0.3,floor=0.01 0.14 0 error None None
unrollgan TControlInspired@alpha=0.3,floor=0.01 0.13 0 error None None
unrollgan TControlInspired@alpha=0.3,floor=0.01 0.12 0 error None None
unrollgan TControlInspired@alpha=0.3,floor=0.01 0.11 0 error None None
unrollgan TControlInspired@alpha=0.3,floor=0.01 0.1 0 error None None
unrollgan TControlInspired@alpha=0.3,floor=0.01 0.09 0 error None None
unrollgan TControlInspired@alpha=0.3,floor=0.01 0.08 0 error None None
unrollgan TControlInspired@alpha=0.3,floor=0.01 0.07 0 error None None
unrollgan TControlInspired@alpha=0.3,floor=0.01 0.06 0 error None None
unrollgan TControlInspired@alpha=0.3,floor=0.01 0.05 0 error None None
REMAINING 408
