1224 points, 1086 to run
densenet NbhdPenalty@b=0.25 0.19 1 ok 1.7889136292308503 21.09
densenet NbhdPenalty@b=0.25 0.19 2 ok 1.7889136292308503 21.91
densenet NbhdPenalty@b=0.25 0.18 0 ok 1.8530476600646992 23.37
densenet DTR 0.18 0 ok 1.6785459992951293 27.59
densenet NbhdPenalty@b=0.25 0.17 0 ok 1.6910192915186903 20.6
densenet DTR 0.17 0 ok 1.6839726744061356 34.59
densenet NbhdPenalty@b=0.25 0.16 0 ok 1.881229467653651 23.58
densenet DTR 0.16 0 ok 1.6950243701687542 37.91
densenet DTR 0.15 0 ok 1.7387726269193897 29.58
densenet NbhdPenalty@b=0.25 0.15 0 ok 1.9301793300147025 57.5
densenet TwoPhase@k=8 0.16 0 oom None 355.69
densenet DTR 0.14 0 ok 1.7754908610248816 27.41
densenet NbhdPenalty@b=0.25 0.14 0 ok 1.8888888979579292 55.96
densenet TwoPhase@k=8 0.17 0 oom None 525.14
densenet DTR 0.13 0 oom None 111.31
densenet TwoPhase@k=8 0.21 0 oom None 757.61
densenet TwoPhase@k=8 0.15 0 oom None 666.36
densenet TwoPhase@k=8 0.14 0 oom None 361.69
densenet DTR 0.12 0 oom None 57.62
densenet TwoPhase@k=8 0.12 0 oom None 29.84
densenet TwoPhase@k=8 0.19 0 oom None 930.83
densenet TwoPhase@k=8 0.19 2 oom None 933.92
densenet TwoPhase@k=8 0.19 1 oom None 940.44
densenet TwoPhase@k=8 0.11 0 oom None 21.34
densenet DTR 0.1 0 oom None 21.65
densenet NbhdPenalty@b=0.25 0.11 0 oom None 40.09
densenet DTR 0.11 0 oom None 44.93
densenet NbhdPenalty@b=0.25 0.12 0 oom None 88.7
densenet NbhdPenalty@b=0.25 0.1 0 oom None 21.4
densenet DTR 0.09 0 oom None 20.51
densenet DTR 0.09 2 oom None 19.7
densenet DTR 0.09 1 oom None 20.9
densenet NbhdPenalty@b=0.25 0.09 0 oom None 39.13
densenet NbhdPenalty@b=0.25 0.09 1 oom None 41.64
densenet NbhdPenalty@b=0.25 0.09 2 oom None 41.59
densenet DTR 0.08 0 oom None 29.76
densenet NbhdPenalty@b=0.25 0.08 0 oom None 10.83
densenet TwoPhase@k=8 0.18 0 oom None 1125.53
densenet DTR 0.07 0 oom None 1.82
densenet TwoPhase@k=8 0.1 0 oom None 188.1
densenet TwoPhase@k=8 0.13 0 oom None 393.65
densenet DTR 0.07 1 oom None 1.92
densenet DTR 0.07 2 oom None 2.0
densenet NbhdPenalty@b=0.25 0.07 0 oom None 1.74
densenet NbhdPenalty@b=0.25 0.07 1 oom None 1.7
densenet TwoPhase@k=8 0.07 0 oom None 1.24
densenet NbhdPenalty@b=0.25 0.07 2 oom None 1.83
densenet TwoPhase@k=8 0.07 1 oom None 1.29
densenet DTR 0.06 0 oom None 0.01
densenet DTR 0.06 1 oom None 0.02
densenet DTR 0.06 2 oom None 0.01
densenet NbhdPenalty@b=0.25 0.06 0 oom None 0.02
densenet NbhdPenalty@b=0.25 0.06 1 oom None 0.02
densenet NbhdPenalty@b=0.25 0.06 2 oom None 0.02
densenet TwoPhase@k=8 0.07 2 oom None 1.22
densenet TwoPhase@k=8 0.06 0 oom None 0.02
densenet TwoPhase@k=8 0.06 1 oom None 0.01
densenet TwoPhase@k=8 0.06 2 oom None 0.01
densenet DTR 0.05 0 oom None 0.01
densenet NbhdPenalty@b=0.25 0.05 0 oom None 0.01
densenet TwoPhase@k=8 0.05 0 oom None 0.01
inception TwoPhase@k=8 0.6 0 ok 1.1021436557690003 1.57
inception DTR 0.6 0 ok 1.0684069968899512 5.19
inception NbhdPenalty@b=0.25 0.6 0 ok 1.0667836766306333 5.92
inception DTR 0.59 0 ok 1.0684069968899512 4.29
inception TwoPhase@k=8 0.59 0 ok 1.1083763015212929 1.65
densenet NbhdPenalty@b=0.25 0.13 0 oom None 504.27
inception NbhdPenalty@b=0.25 0.59 0 ok 1.0680440863431233 6.58
inception DTR 0.58 0 ok 1.0715657627977466 6.11
inception DTR 0.58 1 ok 1.0715657627977466 5.72
inception DTR 0.58 2 ok 1.0715657627977466 5.29
inception NbhdPenalty@b=0.25 0.58 0 ok 1.0721345405890095 5.92
inception TwoPhase@k=8 0.58 0 ok 1.1103370024008046 1.4
inception NbhdPenalty@b=0.25 0.58 1 ok 1.0721345405890095 6.12
inception TwoPhase@k=8 0.58 1 ok 1.1103370024008046 1.53
inception NbhdPenalty@b=0.25 0.58 2 ok 1.0721345405890095 6.32
inception TwoPhase@k=8 0.58 2 ok 1.1103370024008046 1.7
inception TwoPhase@k=8 0.57 0 ok 1.1197529116658993 1.8
inception DTR 0.57 0 ok 1.0794160046880663 6.09
inception DTR 0.56 0 ok 1.0759946676958332 5.21
inception NbhdPenalty@b=0.25 0.57 0 ok 1.0734016234673298 6.46
inception TwoPhase@k=8 0.56 0 ok 1.1242903910304065 1.82
inception NbhdPenalty@b=0.25 0.56 0 ok 1.0782878782715752 5.13
inception TwoPhase@k=8 0.55 0 ok 1.116573936137451 1.71
inception DTR 0.55 0 ok 1.0773696179709666 5.68
inception NbhdPenalty@b=0.25 0.55 0 ok 1.0803873313483627 5.97
inception DTR 0.54 0 ok 1.0794160046880663 5.3
inception TwoPhase@k=8 0.54 0 ok 1.1305444201389006 1.9
inception NbhdPenalty@b=0.25 0.54 0 ok 1.0833408333777883 6.01
inception TwoPhase@k=8 0.53 0 ok 1.1326943595569408 1.78
inception DTR 0.53 0 ok 1.0824754681688962 6.63
inception NbhdPenalty@b=0.25 0.53 0 ok 1.084866156932016 6.86
inception TwoPhase@k=8 0.52 0 ok 1.1352559376166376 1.61
inception DTR 0.52 0 ok 1.0848041956366636 6.36
inception NbhdPenalty@b=0.25 0.52 0 ok 1.0914250870254596 6.37
inception TwoPhase@k=8 0.51 0 ok 1.1368726475607565 1.67
inception DTR 0.51 0 ok 1.0881990850830388 6.23
inception NbhdPenalty@b=0.25 0.51 0 ok 1.0918416971520906 6.29
inception TwoPhase@k=8 0.5 0 ok 1.1415877192417214 1.61
inception DTR 0.5 0 ok 1.0918652299998994 6.71
inception NbhdPenalty@b=0.25 0.5 0 ok 1.0957723489528481 6.66
inception TwoPhase@k=8 0.49 0 ok 1.154018149072117 1.77
inception DTR 0.49 0 ok 1.0945180483217687 6.54
inception NbhdPenalty@b=0.25 0.49 0 ok 1.0980460711189373 7.1
inception TwoPhase@k=8 0.48 0 ok 1.151844485111841 2.47
inception DTR 0.48 0 ok 1.0974468641942923 8.02
inception NbhdPenalty@b=0.25 0.48 0 ok 1.1014361902023593 7.38
inception TwoPhase@k=8 0.47 0 ok 1.1619782240127592 1.86
inception DTR 0.47 0 ok 1.1008011521325296 7.94
inception NbhdPenalty@b=0.25 0.47 0 ok 1.106971712459472 7.69
inception TwoPhase@k=8 0.46 0 ok 1.176084462236348 1.83
inception DTR 0.46 0 ok 1.1083967562594095 8.17
inception NbhdPenalty@b=0.25 0.46 0 ok 1.1105176979672067 6.75
inception DTR 0.45 0 ok 1.1093984523449878 7.52
inception DTR 0.45 1 ok 1.1093984523449878 7.38
inception NbhdPenalty@b=0.25 0.45 0 ok 1.1145117299163292 6.86
inception DTR 0.45 2 ok 1.1093984523449878 7.69
inception TwoPhase@k=8 0.45 0 ok 1.1882933294482845 1.79
inception TwoPhase@k=8 0.45 1 ok 1.1882933294482845 1.88
inception NbhdPenalty@b=0.25 0.45 1 ok 1.1145117299163292 6.63
inception TwoPhase@k=8 0.45 2 ok 1.1882933294482845 1.76
inception NbhdPenalty@b=0.25 0.45 2 ok 1.1145117299163292 6.61
inception DTR 0.44 0 ok 1.1137271387681504 8.03
inception NbhdPenalty@b=0.25 0.44 0 ok 1.116508950155444 7.11
inception DTR 0.43 0 ok 1.115231036542 8.41
inception NbhdPenalty@b=0.25 0.43 0 ok 1.1195301595992333 7.04
inception DTR 0.42 0 ok 1.118332199845758 8.93
inception NbhdPenalty@b=0.25 0.42 0 ok 1.124099958329874 7.07
inception DTR 0.41 0 ok 1.12538736553125 9.24
inception NbhdPenalty@b=0.25 0.41 0 ok 1.126466594156207 8.43
densenet TwoPhase@k=8 0.08 0 oom None 240.28
inception DTR 0.4 0 ok 1.1305599473874848 8.44
inception NbhdPenalty@b=0.25 0.4 0 ok 1.1539327900578145 5.19
densenet TwoPhase@k=8 0.09 0 oom None 407.81
inception DTR 0.39 0 ok 1.1417295118383102 9.76
inception NbhdPenalty@b=0.25 0.39 0 ok 1.148032685427068 7.48
densenet TwoPhase@k=8 0.09 1 oom None 412.01
inception DTR 0.38 0 ok 1.152121128452737 8.6
densenet TwoPhase@k=8 0.09 2 oom None 404.73
inception NbhdPenalty@b=0.25 0.38 0 ok 1.1516621067197725 7.28
inception DTR 0.37 0 ok 1.1569831857637423 8.3
inception NbhdPenalty@b=0.25 0.37 0 ok 1.153930320027985 6.96
inception TwoPhase@k=8 0.44 0 ok 6.016939895097048 510.97
inception DTR 0.36 0 ok 1.1645414660429325 10.35
inception NbhdPenalty@b=0.25 0.36 0 ok 1.171863042986465 5.21
inception TwoPhase@k=8 0.42 0 oom None 687.58
inception DTR 0.35 0 ok 1.1716477638599192 10.6
inception NbhdPenalty@b=0.25 0.35 0 ok 1.1776170434672817 6.37
inception TwoPhase@k=8 0.36 0 oom None 320.41
inception DTR 0.34 0 ok 1.1758702845671243 13.85
inception NbhdPenalty@b=0.25 0.34 0 ok 1.2022438143786975 8.12
inception TwoPhase@k=8 0.43 0 timeout None 1200.0
inception TwoPhase@k=8 0.35 0 oom None 488.09
inception DTR 0.33 0 ok 1.2111595536021935 9.2
inception TwoPhase@k=8 0.4 0 oom None 1126.45
inception NbhdPenalty@b=0.25 0.33 0 ok 1.2073435994906592 6.62
inception NbhdPenalty@b=0.25 0.32 0 ok 1.2155986937256675 7.01
inception DTR 0.32 0 ok 1.1969807621805297 9.83
inception DTR 0.31 0 ok 1.2052851423097237 10.24
inception TwoPhase@k=8 0.41 0 timeout None 1200.0
inception NbhdPenalty@b=0.25 0.31 0 ok 1.2218939968440592 8.01
inception DTR 0.3 0 ok 1.2189237765465768 10.85
inception TwoPhase@k=8 0.39 0 oom None 1144.41
inception NbhdPenalty@b=0.25 0.3 0 oom None 67.9
inception TwoPhase@k=8 0.37 0 oom None 1120.1
inception DTR 0.29 0 ok 1.295053954918351 38.89
inception TwoPhase@k=8 0.38 0 timeout None 1200.0
inception NbhdPenalty@b=0.25 0.29 0 oom None 68.86
inception DTR 0.28 0 ok 1.311240046249203 43.98
inception DTR 0.28 1 ok 1.311240046249203 44.52
inception TwoPhase@k=8 0.33 0 oom None 254.94
inception DTR 0.28 2 ok 1.311240046249203 44.06
inception NbhdPenalty@b=0.25 0.28 0 oom None 75.0
inception TwoPhase@k=8 0.29 0 oom None 172.84
inception NbhdPenalty@b=0.25 0.28 1 oom None 75.08
inception TwoPhase@k=8 0.32 0 oom None 322.6
inception NbhdPenalty@b=0.25 0.28 2 oom None 76.09
inception DTR 0.27 0 ok 1.3279391982862343 48.1
inception TwoPhase@k=8 0.31 0 oom None 371.01
inception DTR 0.26 0 ok 1.3588042825056645 74.49
inception NbhdPenalty@b=0.25 0.27 0 ok 3.5754305274955636 127.0
inception TwoPhase@k=8 0.34 0 oom None 855.55
inception NbhdPenalty@b=0.25 0.26 0 oom None 76.07
inception NbhdPenalty@b=0.25 0.25 0 error None None
inception DTR 0.25 0 error None None
inception TwoPhase@k=8 0.26 0 error None None
inception TwoPhase@k=8 0.27 0 error None None
inception TwoPhase@k=8 0.28 2 error None None
inception TwoPhase@k=8 0.28 1 error None None
inception TwoPhase@k=8 0.28 0 error None None
inception TwoPhase@k=8 0.3 0 error None None
^C1224 points, 895 to run
inception TwoPhase@k=8 0.25 0 timeout None 31584.7
inception NbhdPenalty@b=0.25 0.24 0 oom None 56.74
inception TwoPhase@k=8 0.24 0 oom None 306.39
inception DTR 0.24 0 timeout None 32537.6
inception NbhdPenalty@b=0.25 0.23 0 oom None 54.14
inception DTR 0.23 0 timeout None 1200.0
inception TwoPhase@k=8 0.23 0 oom None 799.27
inception NbhdPenalty@b=0.25 0.22 0 oom None 40.38
inception TwoPhase@k=8 0.22 0 oom None 174.66
inception DTR 0.22 0 timeout None 1200.0
inception NbhdPenalty@b=0.25 0.21 0 oom None 151.83
inception TwoPhase@k=8 0.21 0 oom None 235.34
inception DTR 0.21 0 timeout None 1200.0
inception NbhdPenalty@b=0.25 0.2 0 oom None 21.02
inception TwoPhase@k=8 0.2 0 oom None 185.95
inception DTR 0.2 0 timeout None 1200.0
inception NbhdPenalty@b=0.25 0.19 0 oom None 108.45
inception DTR 0.19 0 timeout None 1200.0
inception DTR 0.18 0 oom None 20.95
inception NbhdPenalty@b=0.25 0.18 0 oom None 119.34
inception TwoPhase@k=8 0.19 0 oom None 311.42
inception DTR 0.17 0 oom None 26.41
inception NbhdPenalty@b=0.25 0.17 0 oom None 74.75
inception TwoPhase@k=8 0.18 0 oom None 173.96
inception DTR 0.16 0 oom None 31.69
inception DTR 0.16 1 oom None 31.75
inception DTR 0.16 2 oom None 31.9
inception TwoPhase@k=8 0.17 0 oom None 197.18
inception NbhdPenalty@b=0.25 0.16 0 oom None 75.66
inception NbhdPenalty@b=0.25 0.16 1 oom None 75.48
inception NbhdPenalty@b=0.25 0.16 2 oom None 74.88
inception TwoPhase@k=8 0.16 0 oom None 198.69
inception TwoPhase@k=8 0.16 1 oom None 193.88
inception DTR 0.15 0 oom None 21.44
inception NbhdPenalty@b=0.25 0.15 0 oom None 68.15
inception TwoPhase@k=8 0.16 2 oom None 191.81
inception DTR 0.14 0 oom None 25.6
inception TwoPhase@k=8 0.15 0 oom None 134.39
inception NbhdPenalty@b=0.25 0.14 0 oom None 60.82
inception TwoPhase@k=8 0.14 0 oom None 71.48
inception DTR 0.13 0 oom None 61.5
inception NbhdPenalty@b=0.25 0.13 0 oom None 54.59
inception DTR 0.12 0 oom None 68.9
inception TwoPhase@k=8 0.13 0 oom None 123.55
inception DTR 0.12 1 oom None 69.15
inception DTR 0.12 2 oom None 67.28
inception NbhdPenalty@b=0.25 0.12 0 oom None 27.64
inception NbhdPenalty@b=0.25 0.12 1 oom None 28.19
inception NbhdPenalty@b=0.25 0.12 2 oom None 28.19
inception TwoPhase@k=8 0.12 0 oom None 144.47
inception TwoPhase@k=8 0.12 1 oom None 144.37
inception DTR 0.11 0 oom None 105.95
