densenet TControlInspired@alpha=0.3,floor=0.01 0.59 0 ok 1.146768323165657 4.68
densenet TControlInspired@alpha=0.3,floor=0.01 0.6 0 ok 1.1429870643649742 8.66
densenet TControlInspired@alpha=0.3,floor=0.01 0.57 0 ok 1.1549756354603053 5.31
densenet TControlInspired@alpha=0.3,floor=0.01 0.58 0 ok 1.1508935006147214 9.28
densenet TControlInspired@alpha=0.3,floor=0.01 0.56 0 ok 1.156028323063208 5.15
densenet TControlInspired@alpha=0.3,floor=0.01 0.55 0 ok 1.159321635284566 5.19
densenet TControlInspired@alpha=0.3,floor=0.01 0.54 0 ok 1.1641486100979586 5.14
densenet TControlInspired@alpha=0.3,floor=0.01 0.53 0 ok 1.1691819546762765 5.34
densenet TControlInspired@alpha=0.3,floor=0.01 0.52 0 ok 1.167935489514554 4.78
densenet TControlInspired@alpha=0.3,floor=0.01 0.51 0 ok 1.1721429975878916 4.69
densenet TControlInspired@alpha=0.3,floor=0.01 0.49 0 ok 1.1779066563459737 4.92
densenet TControlInspired@alpha=0.3,floor=0.01 0.5 0 ok 1.1758128685591527 5.12
densenet TControlInspired@alpha=0.3,floor=0.01 0.47 0 ok 1.1835218008126898 4.48
densenet TControlInspired@alpha=0.3,floor=0.01 0.48 0 ok 1.1796016646705083 4.65
densenet TControlInspired@alpha=0.3,floor=0.01 0.46 0 ok 1.1886641296120222 4.8
densenet TControlInspired@alpha=0.3,floor=0.01 0.45 0 ok 1.1905762845358985 4.8
densenet TControlInspired@alpha=0.3,floor=0.01 0.44 0 ok 1.1971597989232396 5.41
densenet TControlInspired@alpha=0.3,floor=0.01 0.43 0 ok 1.2063839023083478 6.06
densenet TControlInspired@alpha=0.3,floor=0.01 0.42 0 ok 1.2080495663456996 6.02
densenet TControlInspired@alpha=0.3,floor=0.01 0.42 1 ok 1.2080495663456996 5.93
densenet TControlInspired@alpha=0.3,floor=0.01 0.42 2 ok 1.2080495663456996 5.84
densenet TControlInspired@alpha=0.3,floor=0.01 0.41 0 ok 1.2397713346561998 6.24
densenet TControlInspired@alpha=0.3,floor=0.01 0.4 0 ok 1.2620301782886387 5.81
densenet TControlInspired@alpha=0.3,floor=0.01 0.39 0 ok 1.28324248969474 5.96
densenet TControlInspired@alpha=0.3,floor=0.01 0.38 0 ok 1.2695997519160895 5.86
densenet TControlInspired@alpha=0.3,floor=0.01 0.37 0 ok 1.320487716350791 5.65
densenet TControlInspired@alpha=0.3,floor=0.01 0.37 1 ok 1.320487716350791 5.64
densenet TControlInspired@alpha=0.3,floor=0.01 0.37 2 ok 1.320487716350791 5.56
densenet TControlInspired@alpha=0.3,floor=0.01 0.36 0 ok 1.3249033926735652 5.47
densenet TControlInspired@alpha=0.3,floor=0.01 0.35 0 ok 1.3530189265304724 5.0
densenet TControlInspired@alpha=0.3,floor=0.01 0.33 0 ok 1.3798448203392781 3.29
densenet TControlInspired@alpha=0.3,floor=0.01 0.34 0 ok 1.3607833472380484 5.09
densenet TControlInspired@alpha=0.3,floor=0.01 0.32 0 ok 1.385883424879666 3.23
densenet TControlInspired@alpha=0.3,floor=0.01 0.31 0 ok 1.3839529923995875 4.95
densenet TControlInspired@alpha=0.3,floor=0.01 0.3 0 ok 1.3860887645267028 4.79
densenet TControlInspired@alpha=0.3,floor=0.01 0.29 0 ok 1.3960760923879523 4.72
densenet TControlInspired@alpha=0.3,floor=0.01 0.28 0 ok 1.4575595313852998 4.36
densenet TControlInspired@alpha=0.3,floor=0.01 0.27 0 ok 1.4509885669861178 4.08
densenet TControlInspired@alpha=0.3,floor=0.01 0.26 0 ok 1.4312526931531553 5.73
densenet TControlInspired@alpha=0.3,floor=0.01 0.25 0 ok 1.441740694897263 5.91
densenet TControlInspired@alpha=0.3,floor=0.01 0.24 0 ok 1.506687387422328 5.83
densenet TControlInspired@alpha=0.3,floor=0.01 0.23 0 ok 1.508409237917097 4.48
densenet TControlInspired@alpha=0.3,floor=0.01 0.22 0 ok 1.511290469208566 4.12
densenet TControlInspired@alpha=0.3,floor=0.01 0.21 0 ok 1.5301725413689433 4.49
densenet TControlInspired@alpha=0.3,floor=0.01 0.19 0 ok 1.6259334486427408 2.34
densenet TControlInspired@alpha=0.3,floor=0.01 0.19 1 ok 1.6259334486427408 2.34
densenet TControlInspired@alpha=0.3,floor=0.01 0.19 2 ok 1.6259334486427408 2.32
densenet TControlInspired@alpha=0.3,floor=0.01 0.2 0 ok 1.5853156779383142 22.14
densenet TControlInspired@alpha=0.3,floor=0.01 0.17 0 ok 1.6532863237439865 20.13
densenet TControlInspired@alpha=0.3,floor=0.01 0.18 0 ok 1.6241177560970173 33.29
densenet TControlInspired@alpha=0.3,floor=0.01 0.15 0 ok 1.6956130628405124 15.21
densenet TControlInspired@alpha=0.3,floor=0.01 0.16 0 ok 1.677902676600906 16.02
densenet TControlInspired@alpha=0.3,floor=0.01 0.14 0 ok 1.7482035335070047 20.95
densenet TControlInspired@alpha=0.3,floor=0.01 0.12 0 oom None 190.52
densenet TControlInspired@alpha=0.3,floor=0.01 0.11 0 oom None 3.17
densenet TControlInspired@alpha=0.3,floor=0.01 0.1 0 oom None 2.59
densenet TControlInspired@alpha=0.3,floor=0.01 0.09 0 oom None 2.44
densenet TControlInspired@alpha=0.3,floor=0.01 0.09 1 oom None 2.35
densenet TControlInspired@alpha=0.3,floor=0.01 0.09 2 oom None 2.33
densenet TControlInspired@alpha=0.3,floor=0.01 0.08 0 oom None 1.68
densenet TControlInspired@alpha=0.3,floor=0.01 0.07 0 oom None 0.02
densenet TControlInspired@alpha=0.3,floor=0.01 0.07 1 oom None 0.02
densenet TControlInspired@alpha=0.3,floor=0.01 0.07 2 oom None 0.02
densenet TControlInspired@alpha=0.3,floor=0.01 0.06 0 oom None 0.02
densenet TControlInspired@alpha=0.3,floor=0.01 0.06 1 oom None 0.01
densenet TControlInspired@alpha=0.3,floor=0.01 0.06 2 oom None 0.01
densenet TControlInspired@alpha=0.3,floor=0.01 0.05 0 oom None 0.01
inception TControlInspired@alpha=0.3,floor=0.01 0.6 0 ok 1.0772388776579787 3.68
inception TControlInspired@alpha=0.3,floor=0.01 0.59 0 ok 1.075043156268475 3.8
inception TControlInspired@alpha=0.3,floor=0.01 0.58 0 ok 1.0779719124328984 2.93
inception TControlInspired@alpha=0.3,floor=0.01 0.58 1 ok 1.0779719124328984 2.98
inception TControlInspired@alpha=0.3,floor=0.01 0.58 2 ok 1.0779719124328984 3.11
inception TControlInspired@alpha=0.3,floor=0.01 0.57 0 ok 1.0808973767954817 3.44
inception TControlInspired@alpha=0.3,floor=0.01 0.56 0 ok 1.0844070126403196 3.62
densenet TControlInspired@alpha=0.3,floor=0.01 0.13 0 oom None 259.53
inception TControlInspired@alpha=0.3,floor=0.01 0.55 0 ok 1.0874098037064623 4.11
inception TControlInspired@alpha=0.3,floor=0.01 0.54 0 ok 1.0906159715607553 4.03
inception TControlInspired@alpha=0.3,floor=0.01 0.53 0 ok 1.0928896937268444 3.84
inception TControlInspired@alpha=0.3,floor=0.01 0.52 0 ok 1.0964565362167393 4.3
inception TControlInspired@alpha=0.3,floor=0.01 0.51 0 ok 1.09947127361672 4.25
inception TControlInspired@alpha=0.3,floor=0.01 0.5 0 ok 1.1031783971455091 4.35
inception TControlInspired@alpha=0.3,floor=0.01 0.49 0 ok 1.1057056241924 5.11
inception TControlInspired@alpha=0.3,floor=0.01 0.48 0 ok 1.1112592018647607 5.13
inception TControlInspired@alpha=0.3,floor=0.01 0.47 0 ok 1.115587888287923 5.59
inception TControlInspired@alpha=0.3,floor=0.01 0.46 0 ok 1.117832422620608 5.69
inception TControlInspired@alpha=0.3,floor=0.01 0.45 0 ok 1.1215877682966395 5.78
inception TControlInspired@alpha=0.3,floor=0.01 0.45 1 ok 1.1215877682966395 5.84
inception TControlInspired@alpha=0.3,floor=0.01 0.45 2 ok 1.1215877682966395 5.78
inception TControlInspired@alpha=0.3,floor=0.01 0.44 0 ok 1.1284783627453157 5.76
inception TControlInspired@alpha=0.3,floor=0.01 0.43 0 ok 1.1458708640970874 4.35
inception TControlInspired@alpha=0.3,floor=0.01 0.42 0 ok 1.144260153245773 5.78
inception TControlInspired@alpha=0.3,floor=0.01 0.41 0 ok 1.1559307692183078 4.36
inception TControlInspired@alpha=0.3,floor=0.01 0.4 0 ok 1.1611212179378954 4.43
inception TControlInspired@alpha=0.3,floor=0.01 0.39 0 ok 1.1733176972903054 4.76
inception TControlInspired@alpha=0.3,floor=0.01 0.38 0 ok 1.1814702412919502 4.9
inception TControlInspired@alpha=0.3,floor=0.01 0.37 0 ok 1.207080035366239 4.2
inception TControlInspired@alpha=0.3,floor=0.01 0.36 0 ok 1.216355132504601 4.29
inception TControlInspired@alpha=0.3,floor=0.01 0.35 0 ok 1.2491208465409418 41.48
inception TControlInspired@alpha=0.3,floor=0.01 0.34 0 ok 1.2561961479975943 42.02
inception TControlInspired@alpha=0.3,floor=0.01 0.32 0 ok 1.3064470036457028 38.88
inception TControlInspired@alpha=0.3,floor=0.01 0.33 0 ok 1.2785607046936023 46.52
inception TControlInspired@alpha=0.3,floor=0.01 0.31 0 ok 1.3254503729753684 43.99
inception TControlInspired@alpha=0.3,floor=0.01 0.3 0 ok 1.3430797332181117 48.59
inception TControlInspired@alpha=0.3,floor=0.01 0.29 0 ok 1.3710937415114821 50.86
inception TControlInspired@alpha=0.3,floor=0.01 0.28 0 ok 1.4277273836436395 51.41
inception TControlInspired@alpha=0.3,floor=0.01 0.28 1 ok 1.4277273836436395 50.77
inception TControlInspired@alpha=0.3,floor=0.01 0.28 2 ok 1.4277273836436395 50.34
inception TControlInspired@alpha=0.3,floor=0.01 0.27 0 ok 1.458195226729891 63.2
inception TControlInspired@alpha=0.3,floor=0.01 0.26 0 ok 1.559204769559722 61.93
inception TControlInspired@alpha=0.3,floor=0.01 0.25 0 ok 1.5807497508746298 62.12
inception TControlInspired@alpha=0.3,floor=0.01 0.24 0 ok 1.577787797006494 65.67
inception TControlInspired@alpha=0.3,floor=0.01 0.23 0 ok 1.8492140358012064 110.67
inception TControlInspired@alpha=0.3,floor=0.01 0.22 0 oom None 237.59
inception TControlInspired@alpha=0.3,floor=0.01 0.21 0 oom None 208.17
inception TControlInspired@alpha=0.3,floor=0.01 0.2 0 ok 1.7517372971303575 76.83
inception TControlInspired@alpha=0.3,floor=0.01 0.18 0 oom None 27.61
inception TControlInspired@alpha=0.3,floor=0.01 0.17 0 oom None 24.82
inception TControlInspired@alpha=0.3,floor=0.01 0.19 0 ok 1.88631886475179 77.44
inception TControlInspired@alpha=0.3,floor=0.01 0.16 0 oom None 53.87
inception TControlInspired@alpha=0.3,floor=0.01 0.16 1 oom None 54.13
inception TControlInspired@alpha=0.3,floor=0.01 0.15 0 oom None 31.6
inception TControlInspired@alpha=0.3,floor=0.01 0.16 2 oom None 54.13
inception TControlInspired@alpha=0.3,floor=0.01 0.13 0 oom None 30.27
inception TControlInspired@alpha=0.3,floor=0.01 0.14 0 oom None 73.44
inception TControlInspired@alpha=0.3,floor=0.01 0.12 0 oom None 55.73
inception TControlInspired@alpha=0.3,floor=0.01 0.12 1 oom None 55.47
inception TControlInspired@alpha=0.3,floor=0.01 0.12 2 oom None 55.25
inception TControlInspired@alpha=0.3,floor=0.01 0.1 0 oom None 10.29
inception TControlInspired@alpha=0.3,floor=0.01 0.09 0 oom None 11.23
inception TControlInspired@alpha=0.3,floor=0.01 0.08 0 oom None 0.01
inception TControlInspired@alpha=0.3,floor=0.01 0.07 0 oom None 0.01
inception TControlInspired@alpha=0.3,floor=0.01 0.07 1 oom None 0.01
inception TControlInspired@alpha=0.3,floor=0.01 0.07 2 oom None 0.01
inception TControlInspired@alpha=0.3,floor=0.01 0.06 0 oom None 0.01
inception TControlInspired@alpha=0.3,floor=0.01 0.05 0 oom None 0.01
transformer TControlInspired@alpha=0.3,floor=0.01 0.6 0 ok 1.0442402411492533 2.12
transformer TControlInspired@alpha=0.3,floor=0.01 0.59 0 ok 1.046720771040759 2.16
transformer TControlInspired@alpha=0.3,floor=0.01 0.58 0 ok 1.046720771040759 2.17
transformer TControlInspired@alpha=0.3,floor=0.01 0.57 0 ok 1.0488396875284312 2.22
inception TControlInspired@alpha=0.3,floor=0.01 0.11 0 oom None 54.03
transformer TControlInspired@alpha=0.3,floor=0.01 0.56 0 ok 1.0491929247381437 2.28
transformer TControlInspired@alpha=0.3,floor=0.01 0.55 0 ok 1.0513118412258162 2.38
transformer TControlInspired@alpha=0.3,floor=0.01 0.54 0 ok 1.053790883383621 2.45
transformer TControlInspired@alpha=0.3,floor=0.01 0.54 1 ok 1.053790883383621 2.42
transformer TControlInspired@alpha=0.3,floor=0.01 0.54 2 ok 1.053790883383621 2.42
transformer TControlInspired@alpha=0.3,floor=0.01 0.53 0 ok 1.053790883383621 2.43
transformer TControlInspired@alpha=0.3,floor=0.01 0.52 0 ok 1.056270761712922 2.45
transformer TControlInspired@alpha=0.3,floor=0.01 0.51 0 ok 1.056270761712922 2.51
transformer TControlInspired@alpha=0.3,floor=0.01 0.5 0 ok 1.0583950463492031 2.53
transformer TControlInspired@alpha=0.3,floor=0.01 0.49 0 ok 1.0587369318973936 2.56
transformer TControlInspired@alpha=0.3,floor=0.01 0.49 1 ok 1.0587369318973936 2.52
transformer TControlInspired@alpha=0.3,floor=0.01 0.49 2 ok 1.0587369318973936 2.53
transformer TControlInspired@alpha=0.3,floor=0.01 0.48 0 ok 1.0670991572484496 3.1
transformer TControlInspired@alpha=0.3,floor=0.01 0.47 0 ok 1.069565327432921 3.21
transformer TControlInspired@alpha=0.3,floor=0.01 0.46 0 ok 1.069565327432921 3.1
transformer TControlInspired@alpha=0.3,floor=0.01 0.45 0 ok 1.0739040186177673 3.35
transformer TControlInspired@alpha=0.3,floor=0.01 0.44 0 ok 1.0739040186177673 3.37
transformer TControlInspired@alpha=0.3,floor=0.01 0.43 0 ok 1.0807163874315997 3.68
transformer TControlInspired@alpha=0.3,floor=0.01 0.42 0 ok 1.0807163874315997 3.68
transformer TControlInspired@alpha=0.3,floor=0.01 0.41 0 ok 1.0809434134224667 3.73
transformer TControlInspired@alpha=0.3,floor=0.01 0.4 0 ok 1.083190390841688 3.68
transformer TControlInspired@alpha=0.3,floor=0.01 0.39 0 ok 1.0895013065233923 4.1
transformer TControlInspired@alpha=0.3,floor=0.01 0.38 0 ok 1.093326197472331 4.47
transformer TControlInspired@alpha=0.3,floor=0.01 0.37 0 ok 1.098968961451618 4.62
transformer TControlInspired@alpha=0.3,floor=0.01 0.36 0 ok 1.099575591202749 4.72
transformer TControlInspired@alpha=0.3,floor=0.01 0.36 1 ok 1.099575591202749 4.66
transformer TControlInspired@alpha=0.3,floor=0.01 0.36 2 ok 1.099575591202749 4.79
transformer TControlInspired@alpha=0.3,floor=0.01 0.35 0 ok 1.101441516945696 4.59
transformer TControlInspired@alpha=0.3,floor=0.01 0.34 0 ok 1.1020481466968268 4.74
transformer TControlInspired@alpha=0.3,floor=0.01 0.33 0 ok 1.1052370767360518 5.06
transformer TControlInspired@alpha=0.3,floor=0.01 0.32 0 ok 1.1124117901513029 5.24
transformer TControlInspired@alpha=0.3,floor=0.01 0.31 0 ok 1.1155790340284804 5.59
transformer TControlInspired@alpha=0.3,floor=0.01 0.3 0 ok 1.1209584329448268 6.38
transformer TControlInspired@alpha=0.3,floor=0.01 0.29 0 ok 1.12413883837854 6.44
transformer TControlInspired@alpha=0.3,floor=0.01 0.28 0 ok 1.1245193108884102 6.8
transformer TControlInspired@alpha=0.3,floor=0.01 0.27 0 ok 1.1288552474130464 7.63
transformer TControlInspired@alpha=0.3,floor=0.01 0.26 0 ok 1.132949859776212 7.58
transformer TControlInspired@alpha=0.3,floor=0.01 0.25 0 ok 1.134561339618843 7.55
transformer TControlInspired@alpha=0.3,floor=0.01 0.24 0 ok 1.1672574622496261 10.63
transformer TControlInspired@alpha=0.3,floor=0.01 0.23 0 ok 1.1965272110946217 14.57
transformer TControlInspired@alpha=0.3,floor=0.01 0.22 0 ok 1.329451869892671 25.6
transformer TControlInspired@alpha=0.3,floor=0.01 0.21 0 ok 1.3333031020536308 25.61
transformer TControlInspired@alpha=0.3,floor=0.01 0.2 0 ok 1.3539902020537111 24.67
transformer TControlInspired@alpha=0.3,floor=0.01 0.2 1 ok 1.3539902020537111 23.77
transformer TControlInspired@alpha=0.3,floor=0.01 0.2 2 ok 1.3539902020537111 23.11
transformer TControlInspired@alpha=0.3,floor=0.01 0.19 0 ok 1.3954047808116148 27.5
transformer TControlInspired@alpha=0.3,floor=0.01 0.19 1 ok 1.3954047808116148 27.43
transformer TControlInspired@alpha=0.3,floor=0.01 0.19 2 ok 1.3954047808116148 27.3
transformer TControlInspired@alpha=0.3,floor=0.01 0.18 0 ok 1.4069986497242057 27.44
transformer TControlInspired@alpha=0.3,floor=0.01 0.17 0 ok 1.4479046407438396 30.89
transformer TControlInspired@alpha=0.3,floor=0.01 0.15 0 ok 3.0936263938987887 78.22
transformer TControlInspired@alpha=0.3,floor=0.01 0.16 0 ok 2.8238336951470324 102.43
transformer TControlInspired@alpha=0.3,floor=0.01 0.13 0 oom None 60.95
transformer TControlInspired@alpha=0.3,floor=0.01 0.14 0 oom None 78.12
transformer TControlInspired@alpha=0.3,floor=0.01 0.13 1 oom None 59.52
transformer TControlInspired@alpha=0.3,floor=0.01 0.13 2 oom None 59.7
transformer TControlInspired@alpha=0.3,floor=0.01 0.11 0 oom None 63.68
transformer TControlInspired@alpha=0.3,floor=0.01 0.1 0 oom None 27.12
transformer TControlInspired@alpha=0.3,floor=0.01 0.09 0 oom None 0.85
transformer TControlInspired@alpha=0.3,floor=0.01 0.08 0 oom None 0.94
transformer TControlInspired@alpha=0.3,floor=0.01 0.07 0 oom None 0.73
transformer TControlInspired@alpha=0.3,floor=0.01 0.06 0 oom None 0.0
transformer TControlInspired@alpha=0.3,floor=0.01 0.05 0 oom None 0.0
unet TControlInspired@alpha=0.3,floor=0.01 0.6 0 ok 1.1415341015903453 0.07
unet TControlInspired@alpha=0.3,floor=0.01 0.59 0 ok 1.1443872073455021 0.07
unet TControlInspired@alpha=0.3,floor=0.01 0.58 0 ok 1.1443872073455021 0.07
unet TControlInspired@alpha=0.3,floor=0.01 0.57 0 ok 1.1472242704903832 0.07
unet TControlInspired@alpha=0.3,floor=0.01 0.56 0 ok 1.1472242704903832 0.07
unet TControlInspired@alpha=0.3,floor=0.01 0.55 0 ok 1.1456267430860072 0.07
unet TControlInspired@alpha=0.3,floor=0.01 0.54 0 ok 1.15565832766133 0.07
unet TControlInspired@alpha=0.3,floor=0.01 0.53 0 ok 1.153993404293178 0.07
unet TControlInspired@alpha=0.3,floor=0.01 0.52 0 ok 1.161171883113344 0.07
unet TControlInspired@alpha=0.3,floor=0.01 0.52 1 ok 1.161171883113344 0.07
unet TControlInspired@alpha=0.3,floor=0.01 0.52 2 ok 1.161171883113344 0.08
unet TControlInspired@alpha=0.3,floor=0.01 0.51 0 ok 1.192425173824198 0.07
unet TControlInspired@alpha=0.3,floor=0.01 0.51 1 ok 1.192425173824198 0.07
unet TControlInspired@alpha=0.3,floor=0.01 0.51 2 ok 1.192425173824198 0.07
unet TControlInspired@alpha=0.3,floor=0.01 0.5 0 ok 1.204413056279866 0.07
unet TControlInspired@alpha=0.3,floor=0.01 0.49 0 ok 1.203061654175026 0.07
unet TControlInspired@alpha=0.3,floor=0.01 0.49 1 ok 1.203061654175026 0.07
unet TControlInspired@alpha=0.3,floor=0.01 0.49 2 ok 1.203061654175026 0.07
unet TControlInspired@alpha=0.3,floor=0.01 0.48 0 ok 1.2107688912728962 0.07
unet TControlInspired@alpha=0.3,floor=0.01 0.47 0 ok 1.3028415807145282 0.08
unet TControlInspired@alpha=0.3,floor=0.01 0.46 0 ok 1.3104170653196736 0.07
unet TControlInspired@alpha=0.3,floor=0.01 0.45 0 ok 1.6522795949585283 0.21
unet TControlInspired@alpha=0.3,floor=0.01 0.44 0 ok 1.6080366603717513 0.19
unet TControlInspired@alpha=0.3,floor=0.01 0.43 0 oom None 0.5
unet TControlInspired@alpha=0.3,floor=0.01 0.42 0 oom None 0.13
unet TControlInspired@alpha=0.3,floor=0.01 0.41 0 oom None 0.12
unet TControlInspired@alpha=0.3,floor=0.01 0.4 0 oom None 0.13
unet TControlInspired@alpha=0.3,floor=0.01 0.39 0 oom None 0.12
unet TControlInspired@alpha=0.3,floor=0.01 0.38 0 oom None 0.11
unet TControlInspired@alpha=0.3,floor=0.01 0.37 0 oom None 0.1
unet TControlInspired@alpha=0.3,floor=0.01 0.36 0 oom None 0.11
unet TControlInspired@alpha=0.3,floor=0.01 0.35 0 oom None 0.12
unet TControlInspired@alpha=0.3,floor=0.01 0.34 0 oom None 0.12
unet TControlInspired@alpha=0.3,floor=0.01 0.33 0 oom None 0.11
unet TControlInspired@alpha=0.3,floor=0.01 0.32 0 oom None 0.11
unet TControlInspired@alpha=0.3,floor=0.01 0.31 0 oom None 0.11
unet TControlInspired@alpha=0.3,floor=0.01 0.31 1 oom None 0.1
unet TControlInspired@alpha=0.3,floor=0.01 0.31 2 oom None 0.11
unet TControlInspired@alpha=0.3,floor=0.01 0.3 0 oom None 0.11
unet TControlInspired@alpha=0.3,floor=0.01 0.29 0 oom None 0.13
unet TControlInspired@alpha=0.3,floor=0.01 0.28 0 oom None 0.16
unet TControlInspired@alpha=0.3,floor=0.01 0.27 0 oom None 0.17
unet TControlInspired@alpha=0.3,floor=0.01 0.26 0 oom None 0.14
unet TControlInspired@alpha=0.3,floor=0.01 0.25 0 oom None 0.11
unet TControlInspired@alpha=0.3,floor=0.01 0.24 0 oom None 0.02
unet TControlInspired@alpha=0.3,floor=0.01 0.24 1 oom None 0.02
unet TControlInspired@alpha=0.3,floor=0.01 0.24 2 oom None 0.02
unet TControlInspired@alpha=0.3,floor=0.01 0.23 0 oom None 0.02
unet TControlInspired@alpha=0.3,floor=0.01 0.22 0 oom None 0.02
unet TControlInspired@alpha=0.3,floor=0.01 0.21 0 oom None 0.02
unet TControlInspired@alpha=0.3,floor=0.01 0.2 0 oom None 0.04
unet TControlInspired@alpha=0.3,floor=0.01 0.19 0 oom None 0.01
unet TControlInspired@alpha=0.3,floor=0.01 0.18 0 oom None 0.01
unet TControlInspired@alpha=0.3,floor=0.01 0.17 0 oom None 0.01
unet TControlInspired@alpha=0.3,floor=0.01 0.16 0 oom None 0.01
unet TControlInspired@alpha=0.3,floor=0.01 0.15 0 oom None 0.01
unet TControlInspired@alpha=0.3,floor=0.01 0.14 0 oom None 0.01
unet TControlInspired@alpha=0.3,floor=0.01 0.13 0 oom None 0.01
unet TControlInspired@alpha=0.3,floor=0.01 0.12 0 oom None 0.01
unet TControlInspired@alpha=0.3,floor=0.01 0.11 0 oom None 0.01
unet TControlInspired@alpha=0.3,floor=0.01 0.1 0 oom None 0.0
unet TControlInspired@alpha=0.3,floor=0.01 0.09 0 oom None 0.0
unet TControlInspired@alpha=0.3,floor=0.01 0.08 0 oom None 0.0
unet TControlInspired@alpha=0.3,floor=0.01 0.08 1 oom None 0.0
unet TControlInspired@alpha=0.3,floor=0.01 0.08 2 oom None 0.0
unet TControlInspired@alpha=0.3,floor=0.01 0.07 0 oom None 0.0
unet TControlInspired@alpha=0.3,floor=0.01 0.06 0 oom None 0.0
unet TControlInspired@alpha=0.3,floor=0.01 0.05 0 oom None 0.0
treelstm TControlInspired@alpha=0.3,floor=0.01 0.6 0 ok 1.0779356916039762 4.98
treelstm TControlInspired@alpha=0.3,floor=0.01 0.59 0 ok 1.0823192843488951 4.92
treelstm TControlInspired@alpha=0.3,floor=0.01 0.58 0 ok 1.0865605011870938 4.83
transformer TControlInspired@alpha=0.3,floor=0.01 0.12 0 oom None 143.81
treelstm TControlInspired@alpha=0.3,floor=0.01 0.57 0 ok 1.0903080458562793 4.32
treelstm TControlInspired@alpha=0.3,floor=0.01 0.56 0 ok 1.0934564249055438 4.38
treelstm TControlInspired@alpha=0.3,floor=0.01 0.55 0 ok 1.0981385381394637 4.36
treelstm TControlInspired@alpha=0.3,floor=0.01 0.54 0 ok 1.1057125795035196 4.49
treelstm TControlInspired@alpha=0.3,floor=0.01 0.53 0 ok 1.1124246967978293 4.51
treelstm TControlInspired@alpha=0.3,floor=0.01 0.52 0 ok 1.115382082157712 4.42
treelstm TControlInspired@alpha=0.3,floor=0.01 0.51 0 ok 1.1190048124135392 4.61
treelstm TControlInspired@alpha=0.3,floor=0.01 0.5 0 ok 1.1242996524583784 4.45
treelstm TControlInspired@alpha=0.3,floor=0.01 0.5 1 ok 1.1242996524583784 4.57
treelstm TControlInspired@alpha=0.3,floor=0.01 0.5 2 ok 1.1242996524583784 4.5
treelstm TControlInspired@alpha=0.3,floor=0.01 0.49 0 ok 1.1307888815363738 4.31
treelstm TControlInspired@alpha=0.3,floor=0.01 0.48 0 ok 1.135489087424135 4.26
treelstm TControlInspired@alpha=0.3,floor=0.01 0.47 0 ok 1.1400858747066127 4.47
treelstm TControlInspired@alpha=0.3,floor=0.01 0.46 0 ok 1.1457755910712322 4.61
treelstm TControlInspired@alpha=0.3,floor=0.01 0.45 0 ok 1.151804171223166 4.45
treelstm TControlInspired@alpha=0.3,floor=0.01 0.44 0 ok 1.1594206805274543 4.64
treelstm TControlInspired@alpha=0.3,floor=0.01 0.44 1 ok 1.1594206805274543 4.63
treelstm TControlInspired@alpha=0.3,floor=0.01 0.44 2 ok 1.1594206805274543 4.61
treelstm TControlInspired@alpha=0.3,floor=0.01 0.43 0 ok 1.1628772737444752 4.61
treelstm TControlInspired@alpha=0.3,floor=0.01 0.43 1 ok 1.1628772737444752 4.79
treelstm TControlInspired@alpha=0.3,floor=0.01 0.43 2 ok 1.1628772737444752 4.7
treelstm TControlInspired@alpha=0.3,floor=0.01 0.42 0 ok 1.1669551421363866 4.7
treelstm TControlInspired@alpha=0.3,floor=0.01 0.42 1 ok 1.1669551421363866 4.74
treelstm TControlInspired@alpha=0.3,floor=0.01 0.42 2 ok 1.1669551421363866 5.02
treelstm TControlInspired@alpha=0.3,floor=0.01 0.41 0 ok 1.1715880400321046 5.41
treelstm TControlInspired@alpha=0.3,floor=0.01 0.4 0 ok 1.1752918635543008 5.92
treelstm TControlInspired@alpha=0.3,floor=0.01 0.39 0 ok 1.1837762724837326 5.91
treelstm TControlInspired@alpha=0.3,floor=0.01 0.39 1 ok 1.1837762724837326 5.5
treelstm TControlInspired@alpha=0.3,floor=0.01 0.39 2 ok 1.1837762724837326 5.34
treelstm TControlInspired@alpha=0.3,floor=0.01 0.38 0 ok 1.1892525370299358 5.63
treelstm TControlInspired@alpha=0.3,floor=0.01 0.37 0 ok 1.1942621272983853 6.0
treelstm TControlInspired@alpha=0.3,floor=0.01 0.36 0 ok 1.1973346001953409 6.42
treelstm TControlInspired@alpha=0.3,floor=0.01 0.35 0 ok 1.2044260324672507 6.59
treelstm TControlInspired@alpha=0.3,floor=0.01 0.34 0 ok 1.2088884029508222 6.75
treelstm TControlInspired@alpha=0.3,floor=0.01 0.33 0 ok 1.2156047944271173 5.87
treelstm TControlInspired@alpha=0.3,floor=0.01 0.32 0 ok 1.220052325614786 5.5
treelstm TControlInspired@alpha=0.3,floor=0.01 0.31 0 ok 1.2256852576043673 5.43
treelstm TControlInspired@alpha=0.3,floor=0.01 0.3 0 ok 1.246452661334767 5.45
treelstm TControlInspired@alpha=0.3,floor=0.01 0.29 0 ok 1.4607664287189441 13.04
treelstm TControlInspired@alpha=0.3,floor=0.01 0.28 0 ok 1.46691232064246 13.7
treelstm TControlInspired@alpha=0.3,floor=0.01 0.27 0 ok 1.5493312307788376 15.18
treelstm TControlInspired@alpha=0.3,floor=0.01 0.26 0 ok 1.5675916317392686 14.41
treelstm TControlInspired@alpha=0.3,floor=0.01 0.25 0 ok 1.5707177269465313 13.65
treelstm TControlInspired@alpha=0.3,floor=0.01 0.24 0 ok 1.6375552850915902 11.22
treelstm TControlInspired@alpha=0.3,floor=0.01 0.22 0 ok 1.6871257289721118 9.65
treelstm TControlInspired@alpha=0.3,floor=0.01 0.23 0 ok 1.68851107849712 10.86
treelstm TControlInspired@alpha=0.3,floor=0.01 0.2 0 ok 1.6529583995444237 16.26
treelstm TControlInspired@alpha=0.3,floor=0.01 0.21 0 ok 1.6826326258751574 17.83
treelstm TControlInspired@alpha=0.3,floor=0.01 0.19 0 ok 1.80105551048622 13.2
treelstm TControlInspired@alpha=0.3,floor=0.01 0.18 0 ok 1.8234197652051576 13.46
treelstm TControlInspired@alpha=0.3,floor=0.01 0.17 0 ok 2.769976779655677 30.02
treelstm TControlInspired@alpha=0.3,floor=0.01 0.17 1 ok 2.769976779655677 30.32
treelstm TControlInspired@alpha=0.3,floor=0.01 0.16 0 ok 1.8235417578284672 14.09
treelstm TControlInspired@alpha=0.3,floor=0.01 0.15 0 ok 1.9190497900870382 11.7
treelstm TControlInspired@alpha=0.3,floor=0.01 0.17 2 ok 2.769976779655677 28.64
treelstm TControlInspired@alpha=0.3,floor=0.01 0.14 0 ok 2.0860519897221774 12.76
treelstm TControlInspired@alpha=0.3,floor=0.01 0.13 0 ok 3.1020831350472533 29.55
treelstm TControlInspired@alpha=0.3,floor=0.01 0.12 0 timeout None 1200.0
treelstm TControlInspired@alpha=0.3,floor=0.01 0.11 0 timeout None 1200.0
treelstm TControlInspired@alpha=0.3,floor=0.01 0.09 0 thrashed None 837.05
treelstm TControlInspired@alpha=0.3,floor=0.01 0.1 0 timeout None 1200.0
treelstm TControlInspired@alpha=0.3,floor=0.01 0.08 0 thrashed None 795.34
treelstm TControlInspired@alpha=0.3,floor=0.01 0.07 0 thrashed None 746.92
treelstm TControlInspired@alpha=0.3,floor=0.01 0.06 0 thrashed None 649.5
unrollgan TControlInspired@alpha=0.3,floor=0.01 0.6 0 ok 1.053887679616558 5.69
unrollgan TControlInspired@alpha=0.3,floor=0.01 0.59 0 ok 1.0556154631802381 6.0
unrollgan TControlInspired@alpha=0.3,floor=0.01 0.58 0 ok 1.056423855416226 6.15
unrollgan TControlInspired@alpha=0.3,floor=0.01 0.57 0 ok 1.0577346729843604 6.09
unrollgan TControlInspired@alpha=0.3,floor=0.01 0.56 0 ok 1.0584036009396685 6.16
unrollgan TControlInspired@alpha=0.3,floor=0.01 0.55 0 ok 1.060210921231322 6.14
unrollgan TControlInspired@alpha=0.3,floor=0.01 0.55 1 ok 1.060210921231322 6.21
unrollgan TControlInspired@alpha=0.3,floor=0.01 0.55 2 ok 1.060210921231322 6.16
unrollgan TControlInspired@alpha=0.3,floor=0.01 0.54 0 ok 1.0610283209339975 6.25
unrollgan TControlInspired@alpha=0.3,floor=0.01 0.54 1 ok 1.0610283209339975 6.25
unrollgan TControlInspired@alpha=0.3,floor=0.01 0.54 2 ok 1.0610283209339975 6.1
unrollgan TControlInspired@alpha=0.3,floor=0.01 0.53 0 ok 1.0628695108946387 6.46
unrollgan TControlInspired@alpha=0.3,floor=0.01 0.52 0 ok 1.0637272449171722 6.11
unrollgan TControlInspired@alpha=0.3,floor=0.01 0.51 0 ok 1.0643042568562187 6.71
unrollgan TControlInspired@alpha=0.3,floor=0.01 0.5 0 ok 1.0652465733823127 6.76
unrollgan TControlInspired@alpha=0.3,floor=0.01 0.49 0 ok 1.0663701870963225 7.0
unrollgan TControlInspired@alpha=0.3,floor=0.01 0.49 1 ok 1.0663701870963225 7.07
unrollgan TControlInspired@alpha=0.3,floor=0.01 0.49 2 ok 1.0663701870963225 6.94
unrollgan TControlInspired@alpha=0.3,floor=0.01 0.48 0 ok 1.0675282922336577 7.04
unrollgan TControlInspired@alpha=0.3,floor=0.01 0.47 0 ok 1.0679657043814637 7.15
unrollgan TControlInspired@alpha=0.3,floor=0.01 0.46 0 ok 1.0696152903803595 7.16
treelstm TControlInspired@alpha=0.3,floor=0.01 0.05 0 thrashed None 503.97
unrollgan TControlInspired@alpha=0.3,floor=0.01 0.45 0 ok 1.0705838800128276 6.46
unrollgan TControlInspired@alpha=0.3,floor=0.01 0.44 0 ok 1.072615940583944 6.6
unrollgan TControlInspired@alpha=0.3,floor=0.01 0.43 0 ok 1.0738005659351464 6.71
unrollgan TControlInspired@alpha=0.3,floor=0.01 0.42 0 ok 1.0747740339478027 6.79
unrollgan TControlInspired@alpha=0.3,floor=0.01 0.41 0 ok 1.075712022107161 6.56
unrollgan TControlInspired@alpha=0.3,floor=0.01 0.4 0 ok 1.0766761478623326 6.83
unrollgan TControlInspired@alpha=0.3,floor=0.01 0.39 0 ok 1.0793889736348024 7.07
unrollgan TControlInspired@alpha=0.3,floor=0.01 0.38 0 ok 1.0813313262146766 7.09
unrollgan TControlInspired@alpha=0.3,floor=0.01 0.37 0 ok 1.082963662516305 6.73
unrollgan TControlInspired@alpha=0.3,floor=0.01 0.36 0 ok 1.1016062010971779 9.31
unrollgan TControlInspired@alpha=0.3,floor=0.01 0.35 0 ok 1.103181670790532 9.01
unrollgan TControlInspired@alpha=0.3,floor=0.01 0.34 0 ok 1.1044511895224638 9.05
unrollgan TControlInspired@alpha=0.3,floor=0.01 0.33 0 ok 1.114505252098387 10.33
unrollgan TControlInspired@alpha=0.3,floor=0.01 0.33 1 ok 1.114505252098387 9.84
unrollgan TControlInspired@alpha=0.3,floor=0.01 0.33 2 ok 1.114505252098387 9.73
unrollgan TControlInspired@alpha=0.3,floor=0.01 0.32 0 ok 1.111214059281263 10.57
unrollgan TControlInspired@alpha=0.3,floor=0.01 0.31 0 ok 1.1521244743894088 17.7
unrollgan TControlInspired@alpha=0.3,floor=0.01 0.3 0 ok 1.2086495083672868 26.52
unrollgan TControlInspired@alpha=0.3,floor=0.01 0.29 0 ok 1.2598911529754249 29.91
unrollgan TControlInspired@alpha=0.3,floor=0.01 0.28 0 ok 1.2534683748681572 26.77
unrollgan TControlInspired@alpha=0.3,floor=0.01 0.27 0 ok 1.2422120067984532 27.34
unrollgan TControlInspired@alpha=0.3,floor=0.01 0.26 0 ok 1.2800452162073788 31.7
unrollgan TControlInspired@alpha=0.3,floor=0.01 0.25 0 ok 1.263438062191966 30.8
unrollgan TControlInspired@alpha=0.3,floor=0.01 0.23 0 oom None 664.65
unrollgan TControlInspired@alpha=0.3,floor=0.01 0.24 0 timeout None 1200.0
unrollgan TControlInspired@alpha=0.3,floor=0.01 0.21 0 oom None 346.94
unrollgan TControlInspired@alpha=0.3,floor=0.01 0.22 0 oom None 878.66
unrollgan TControlInspired@alpha=0.3,floor=0.01 0.19 0 oom None 289.71
unrollgan TControlInspired@alpha=0.3,floor=0.01 0.18 0 oom None 134.96
unrollgan TControlInspired@alpha=0.3,floor=0.01 0.17 0 oom None 136.56
unrollgan TControlInspired@alpha=0.3,floor=0.01 0.17 1 oom None 135.39
unrollgan TControlInspired@alpha=0.3,floor=0.01 0.17 2 oom None 135.35
unrollgan TControlInspired@alpha=0.3,floor=0.01 0.2 0 oom None 864.93
unrollgan TControlInspired@alpha=0.3,floor=0.01 0.15 0 oom None 69.85
unrollgan TControlInspired@alpha=0.3,floor=0.01 0.16 0 oom None 95.34
unrollgan TControlInspired@alpha=0.3,floor=0.01 0.15 1 oom None 68.79
unrollgan TControlInspired@alpha=0.3,floor=0.01 0.15 2 oom None 68.14
unrollgan TControlInspired@alpha=0.3,floor=0.01 0.13 0 oom None 74.48
unrollgan TControlInspired@alpha=0.3,floor=0.01 0.12 0 oom None 4.88
unrollgan TControlInspired@alpha=0.3,floor=0.01 0.11 0 oom None 1.25
unrollgan TControlInspired@alpha=0.3,floor=0.01 0.1 0 oom None 4.33
unrollgan TControlInspired@alpha=0.3,floor=0.01 0.09 0 oom None 1.55
unrollgan TControlInspired@alpha=0.3,floor=0.01 0.08 0 oom None 1.03
unrollgan TControlInspired@alpha=0.3,floor=0.01 0.07 0 oom None 0.39
unrollgan TControlInspired@alpha=0.3,floor=0.01 0.06 0 oom None 0.18
unrollgan TControlInspired@alpha=0.3,floor=0.01 0.05 0 oom None 0.08
unrollgan TControlInspired@alpha=0.3,floor=0.01 0.14 0 oom None 122.87
REMAINING 0
